Microchip MPLAB XC8 Compiler V3.00

Linker command line:

-W-3 \
  --edf=C:\Program Files\Microchip\xc8\v3.00\pic\dat\20241204225717_en.msgs \
  -cn -h+dist/default/debug\PIC18F97J94_RS485.X.debug.sym \
  --cmf=dist/default/debug\PIC18F97J94_RS485.X.debug.cmf -z -Q18F97J94 \
  -oC:\Users\emira\AppData\Local\Temp\xcAsfmc.\driver_tmp_3.o \
  --defsym=__MPLAB_BUILD=1 --fixupoverflow=error \
  -Mdist/default/debug/PIC18F97J94_RS485.X.debug.map \
  --md=C:\Users\emira\AppData\Local\Temp\xcAsfmc.\driver_tmp_0.dat -E1 \
  -ver=XC8 Compiler -ACODE=00h-01FFEFh -ACONST=00h-01FFEFh \
  -ASMALLCONST=01000h-010FFhx240,011000h-0110FFhx239,01FF00h-01FFEFh \
  -AMEDIUMCONST=01000h-0FFFFh,011000h-01FFEFh -ACOMRAM=01h-05Fh \
  -AABS1=00h-0DF9h -ABIGRAM=01h-0DF9h \
  -ARAM=060h-0FFh,0100h-01FFhx12,0D00h-0DF9h -ABANK0=060h-0FFh \
  -ABANK1=0100h-01FFh -ABANK2=0200h-02FFh -ABANK3=0300h-03FFh \
  -ABANK4=0400h-04FFh -ABANK5=0500h-05FFh -ABANK6=0600h-06FFh \
  -ABANK7=0700h-07FFh -ABANK8=0800h-08FFh -ABANK9=0900h-09FFh \
  -ABANK10=0A00h-0AFFh -ABANK11=0B00h-0BFFh -ABANK12=0C00h-0CFFh \
  -ABANK13=0D00h-0DF9h \
  -ASFR=0DFAh-0DFFh,0E00h-0EFFh,0F00h-0F5Fh,0F60h-0FFCh \
  -ABIGSFR=0DFAh-0FFCh -ACONFIG=01FFF0h-01FFFFh \
  -preset_vec=00h,intcode=8h,intcodelo=18h,sivt_lo,sivt_hi=CODE \
  -ppowerup=CODE,init -pramtop=01000h -psmallconst=SMALLCONST \
  -pmediumconst=MEDIUMCONST -pconst=CONST -AFARRAM=00h-00h \
  -pjflash_buffer=01FBF8h \
  -prdata=COMRAM,nvrram=COMRAM,nvbit=COMRAM,rbss=COMRAM,rbit=COMRAM \
  -pfarbss=FARRAM,fardata=FARRAM,nvFARRAM=FARRAM \
  -pintsave_regs=BIGRAM,bigbss=BIGRAM,bigdata=BIGRAM -pbss=RAM \
  -pidata=CODE,irdata=CODE,ibigdata=CODE,ifardata=CODE -prparam=COMRAM \
  C:\Users\emira\AppData\Local\Temp\xcAsfmc.\driver_tmp_9.o \
  dist/default/debug\PIC18F97J94_RS485.X.debug.o 

Object code version is 3.11

Machine type is 18F97J94



                Name                               Link     Load   Length Selector   Space Scale
C:\Users\emira\AppData\Local\Temp\xcAsfmc.\driver_tmp_9.o
                config                            1FFF0    1FFF0       10        0       4
                init                              1FFEC    1FFEC        4     FFF6       0
                reset_vec                             0        0        6        0       0
dist/default/debug\PIC18F97J94_RS485.X.debug.o
                config                            1FFF0    1FFF0       10        0       4
                smallconst                         1000     1000        2      800       0
                text3                              1002     1002       52      801       0
                text2                              108A     108A       26      801       0
                text1                              1054     1054       36      801       0
                text0                              10B0     10B0       1C      801       0
                cstackCOMRAM                          B        B        3        1       1
                bssCOMRAM                             1        1        A        1       1
                cinit                              10CC     10CC       12      801       0

TOTAL           Name                               Link     Load   Length     Space
        CLASS   CODE           
                init                              1FFEC    1FFEC        4         0
                reset_vec                             0        0        6         0
                text3                              1002     1002       52         0
                text2                              108A     108A       26         0
                text1                              1054     1054       36         0
                text0                              10B0     10B0       1C         0
                cinit                              10CC     10CC       12         0

        CLASS   CONST          

        CLASS   SMALLCONST     
                smallconst                         1000     1000        2         0

        CLASS   MEDIUMCONST    

        CLASS   COMRAM         
                cstackCOMRAM                          B        B        3         1
                bssCOMRAM                             1        1        A         1

        CLASS   ABS1           

        CLASS   BIGRAM         

        CLASS   RAM            

        CLASS   BANK0          

        CLASS   BANK1          

        CLASS   BANK2          

        CLASS   BANK3          

        CLASS   BANK4          

        CLASS   BANK5          

        CLASS   BANK6          

        CLASS   BANK7          

        CLASS   BANK8          

        CLASS   BANK9          

        CLASS   BANK10         

        CLASS   BANK11         

        CLASS   BANK12         

        CLASS   BANK13         

        CLASS   SFR            

        CLASS   BIGSFR         

        CLASS   CONFIG         
                config                            1FFF0    1FFF0       10         4

        CLASS   FARRAM         

        CLASS   HEAP           

        CLASS   STACK          

        CLASS   IDLOC          



SEGMENTS        Name                           Load    Length   Top    Selector   Space  Class

                reset_vec                      000000  000006  000006         0       0  CODE    
                bssCOMRAM                      000001  00000D  00000E         1       1  COMRAM  
                smallconst                     001000  000002  001002       800       0  SMALLCON
                text3                          001002  0000DC  0010DE       801       0  CODE    
                init                           01FFEC  000004  01FFF0      FFF6       0  CODE    


UNUSED ADDRESS RANGES

        Name                Unused          Largest block    Delta
        BANK0            00060-000FF              A0
        BANK1            00100-001FF             100
        BANK10           00A00-00AFF             100
        BANK11           00B00-00BFF             100
        BANK12           00C00-00CFF             100
        BANK13           00D00-00DF9              FA
        BANK2            00200-002FF             100
        BANK3            00300-003FF             100
        BANK4            00400-004FF             100
        BANK5            00500-005FF             100
        BANK6            00600-006FF             100
        BANK7            00700-007FF             100
        BANK8            00800-008FF             100
        BANK9            00900-009FF             100
        BIGRAM           0000E-00DF9             DEC
        BIGSFR           00DFA-00FFC             203
        CODE             00006-00FFF             FFA
                         010DE-1FFEB           1EF0E
        COMRAM           0000E-0005F              52
        CONST            00006-00FFF             FFA
                         010DE-1FFEB           1EF0E
        MEDIUMCONST      010DE-0FFFF            EF22
                         11000-1FFEB            EFEC
        RAM              00060-00DF9             100
        SFR              00DFA-00FFC             100
        SMALLCONST       010DE-0FFFF             100
                         11000-1FFEB             100

                                  Symbol Table

RS485_2_ReceiveString@buffer   cstackCOMRAM  0000B
RS485_2_ReceiveString@i        cstackCOMRAM  0000D
RS485_2_ReceiveString@len      cstackCOMRAM  0000C
_ANCON1                        (abs)         00E47
_ANCON2                        (abs)         00E46
_ANCON3                        (abs)         00E45
_BAUDCON3bits                  (abs)         00F2D
_BAUDCON4bits                  (abs)         00EFD
_LATEbits                      (abs)         00F8D
_LATLbits                      (abs)         00EE5
_OSCCON2bits                   (abs)         00F66
_PIR6bits                      (abs)         00FA6
_RCREG3                        (abs)         00F2A
_RCSTA3bits                    (abs)         00F2F
_RCSTA4bits                    (abs)         00EFF
_RPINR4_5bits                  (abs)         00E2C
_RPINR6_7bits                  (abs)         00E2D
_RPOR0_1bits                   (abs)         00E12
_RPOR32_33bits                 (abs)         00E22
_RS485_2_ReceiveString         text3         01002
_RS485_Init                    text2         0108A
_SPBRG3                        (abs)         00F2B
_SPBRG4                        (abs)         00EFB
_Spi_PinSet                    text1         01054
_TRISAbits                     (abs)         00F92
_TRISEbits                     (abs)         00F96
_TRISFbits                     (abs)         00F97
_TRISLbits                     (abs)         00EE6
_TXREG4                        (abs)         00EF9
_TXSTA3bits                    (abs)         00F2E
_TXSTA4bits                    (abs)         00EFE
__HRAM                         (abs)         00000
__H__absolute__                __absolute__  00000
__Habs1                        abs1          00000
__Hbank0                       bank0         00000
__Hbank1                       bank1         00000
__Hbank10                      bank10        00000
__Hbank11                      bank11        00000
__Hbank12                      bank12        00000
__Hbank13                      bank13        00000
__Hbank2                       bank2         00000
__Hbank3                       bank3         00000
__Hbank4                       bank4         00000
__Hbank5                       bank5         00000
__Hbank6                       bank6         00000
__Hbank7                       bank7         00000
__Hbank8                       bank8         00000
__Hbank9                       bank9         00000
__Hbigbss                      bigbss        00000
__Hbigdata                     bigdata       00000
__Hbigram                      bigram        00000
__Hbigsfr                      bigsfr        00000
__Hbss                         bss           00000
__HbssCOMRAM                   bssCOMRAM     00000
__Hcinit                       cinit         00000
__Hclrtext                     clrtext       00000
__Hcomram                      comram        00000
__Hconfig                      config        20000
__Hconst                       const         00000
__HcstackCOMRAM                cstackCOMRAM  00000
__Hdata                        data          00000
__Hfarbss                      farbss        00000
__Hfardata                     fardata       00000
__Hheap                        heap          00000
__Hibigdata                    ibigdata      00000
__Hidata                       idata         00000
__Hidloc                       idloc         00000
__Hifardata                    ifardata      00000
__Hinit                        init          1FFF0
__Hintcode                     intcode       00008
__Hintcode_body                intcode_body  00000
__Hintcodelo                   intcodelo     00018
__Hintentry                    intentry      00000
__Hintret                      intret        00000
__Hintsave_regs                intsave_regs  00000
__Hirdata                      irdata        00000
__Hjflash_buffer               jflash_buffer 1FBF8
__Hmediumconst                 mediumconst   00000
__HnvFARRAM                    nvFARRAM      00000
__Hnvbit                       nvbit         00000
__Hnvrram                      nvrram        00000
__Hparam                       rparam        00000
__Hpowerup                     powerup       00000
__Hram                         ram           00000
__Hramtop                      ramtop        01000
__Hrbit                        rbit          00000
__Hrbss                        rbss          00000
__Hrdata                       rdata         00000
__Hreset_vec                   reset_vec     00006
__Hrparam                      rparam        00000
__Hsfr                         sfr           00000
__Hsivt_hi                     sivt_hi       00000
__Hsivt_lo                     sivt_lo       00018
__Hsmallconst                  smallconst    01002
__Hspace_0                     (abs)         1FFF0
__Hspace_1                     (abs)         0000E
__Hspace_2                     (abs)         00000
__Hspace_4                     (abs)         3FFF0
__Hstack                       stack         00000
__Hstruct                      struct        00000
__Htemp                        temp          00000
__Htext                        text          00000
__Htext0                       text0         00000
__Htext1                       text1         00000
__Htext2                       text2         00000
__Htext3                       text3         00000
__LRAM                         (abs)         00001
__L__absolute__                __absolute__  00000
__Labs1                        abs1          00000
__Lbank0                       bank0         00000
__Lbank1                       bank1         00000
__Lbank10                      bank10        00000
__Lbank11                      bank11        00000
__Lbank12                      bank12        00000
__Lbank13                      bank13        00000
__Lbank2                       bank2         00000
__Lbank3                       bank3         00000
__Lbank4                       bank4         00000
__Lbank5                       bank5         00000
__Lbank6                       bank6         00000
__Lbank7                       bank7         00000
__Lbank8                       bank8         00000
__Lbank9                       bank9         00000
__Lbigbss                      bigbss        00000
__Lbigdata                     bigdata       00000
__Lbigram                      bigram        00000
__Lbigsfr                      bigsfr        00000
__Lbss                         bss           00000
__LbssCOMRAM                   bssCOMRAM     00000
__Lcinit                       cinit         00000
__Lclrtext                     clrtext       00000
__Lcomram                      comram        00000
__Lconfig                      config        00000
__Lconst                       const         00000
__LcstackCOMRAM                cstackCOMRAM  00000
__Ldata                        data          00000
__Lfarbss                      farbss        00000
__Lfardata                     fardata       00000
__Lheap                        heap          00000
__Libigdata                    ibigdata      00000
__Lidata                       idata         00000
__Lidloc                       idloc         00000
__Lifardata                    ifardata      00000
__Linit                        init          1FFEC
__Lintcode                     intcode       00008
__Lintcode_body                intcode_body  00000
__Lintcodelo                   intcodelo     00018
__Lintentry                    intentry      00000
__Lintret                      intret        00000
__Lintsave_regs                intsave_regs  00000
__Lirdata                      irdata        00000
__Ljflash_buffer               jflash_buffer 1FBF8
__Lmediumconst                 mediumconst   00000
__LnvFARRAM                    nvFARRAM      00000
__Lnvbit                       nvbit         00000
__Lnvrram                      nvrram        00000
__Lparam                       rparam        00000
__Lpowerup                     powerup       00000
__Lram                         ram           00000
__Lramtop                      ramtop        01000
__Lrbit                        rbit          00000
__Lrbss                        rbss          00000
__Lrdata                       rdata         00000
__Lreset_vec                   reset_vec     00000
__Lrparam                      rparam        00000
__Lsfr                         sfr           00000
__Lsivt_hi                     sivt_hi       00000
__Lsivt_lo                     sivt_lo       00018
__Lsmallconst                  smallconst    01000
__Lspace_0                     (abs)         00000
__Lspace_1                     (abs)         00000
__Lspace_2                     (abs)         00000
__Lspace_4                     (abs)         00000
__Lstack                       stack         00000
__Lstruct                      struct        00000
__Ltemp                        temp          00000
__Ltext                        text          00000
__Ltext0                       text0         00000
__Ltext1                       text1         00000
__Ltext2                       text2         00000
__Ltext3                       text3         00000
__S0                           (abs)         1FFF0
__S1                           (abs)         0000E
__S4                           (abs)         00000
___extmem_base                 (abs)         20000
___heap_hi                     (abs)         00000
___heap_lo                     (abs)         00000
___inthi_sp                    stack         00000
___inthi_stack_hi              stack         00000
___inthi_stack_lo              stack         00000
___intlo_sp                    stack         00000
___intlo_stack_hi              stack         00000
___intlo_stack_lo              stack         00000
___param_bank                  (abs)         00000
___rparam_used                 (abs)         00001
___sp                          stack         00000
___stack_hi                    stack         00000
___stack_lo                    stack         00000
__accesstop                    (abs)         00060
__activetblptr                 (abs)         00000
__end_of_RS485_2_ReceiveString text3         01054
__end_of_RS485_Init            text2         010B0
__end_of_Spi_PinSet            text1         0108A
__end_of__initialization       cinit         010D8
__end_of_main                  text0         010CC
__initialization               cinit         010CC
__mediumconst                  smallconst    01000
__pbssCOMRAM                   bssCOMRAM     00001
__pcinit                       cinit         010CC
__pcstackCOMRAM                cstackCOMRAM  0000B
__psmallconst                  smallconst    01000
__ptext0                       text0         010B0
__ptext1                       text1         01054
__ptext2                       text2         0108A
__ptext3                       text3         01002
__ramtop                       ramtop        01000
__smallconst                   smallconst    01000
_main                          text0         010B0
_r                             bssCOMRAM     00001
end_of_initialization          cinit         010D8
intlevel0                      text          00000
intlevel1                      text          00000
intlevel2                      text          00000
intlevel3                      text          00000
isa$std                        (abs)         00001
isa$xinst                      (abs)         00000
stackhi                        (abs)         00000
stacklo                        (abs)         00000
start                          init          1FFEC
start_initialization           cinit         010CC


MODULE INFORMATION

Module		Function		Class		Link	Load	Size
rs485.c
		_main          		CODE           	10B0	0000	28
		_RS485_2_ReceiveString		CODE           	1002	0000	82
		_Spi_PinSet    		CODE           	1054	0000	54
		_RS485_Init    		CODE           	108A	0000	38

rs485.c estimated size: 202

shared
		__initialization		CODE           	10CC	0000	12

shared estimated size: 12

