

Microchip MPLAB XC8 Assembler V3.00 build 20241204225717 
                                                                                               Wed Aug 06 15:23:59 2025

Microchip MPLAB XC8 C Compiler v3.00 (Free license) build 20241204225717 Og1 
     1                           	processor	18F97J94
     2                           	fnconf	rparam,??,?,0
     3                           	pagewidth 120
     4                           	opt	flic
     5                           	psect	cinit,global,reloc=2,class=CODE,space=0,delta=1
     6                           	psect	bssCOMRAM,global,class=COMRAM,space=1,delta=1,lowdata,noexec
     7                           	psect	cstackCOMRAM,global,class=COMRAM,space=1,delta=1,lowdata,noexec
     8                           	psect	text0,global,reloc=2,class=CODE,space=0,delta=1
     9                           	psect	text1,global,reloc=2,class=CODE,space=0,delta=1
    10                           	psect	text2,global,reloc=2,class=CODE,space=0,delta=1
    11                           	psect	text3,global,reloc=2,class=CODE,space=0,delta=1
    12                           	psect	smallconst,global,reloc=2,class=SMALLCONST,space=0,delta=1,noexec
    13                           	psect	intsave_regs,global,class=BIGRAM,space=1,delta=1,noexec
    14                           	psect	rparam,global,class=COMRAM,space=1,delta=1,noexec
    15                           	psect	config,global,abs,ovrld,class=CONFIG,space=4,delta=1,noexec
    16   000000                     
    17                           ; Generated 17/08/2023 GMT
    18                           ; 
    19                           ; Copyright © 2023, Microchip Technology Inc. and its subsidiaries ("Microchip")
    20                           ; All rights reserved.
    21                           ; 
    22                           ; This software is developed by Microchip Technology Inc. and its subsidiaries ("Microch
      +                          ip").
    23                           ; 
    24                           ; Redistribution and use in source and binary forms, with or without modification, are
    25                           ; permitted provided that the following conditions are met:
    26                           ; 
    27                           ;     1. Redistributions of source code must retain the above copyright notice, this lis
      +                          t of
    28                           ;        conditions and the following disclaimer.
    29                           ; 
    30                           ;     2. Redistributions in binary form must reproduce the above copyright notice, this 
      +                          list
    31                           ;        of conditions and the following disclaimer in the documentation and/or other
    32                           ;        materials provided with the distribution. Publication is not required when
    33                           ;        this file is used in an embedded application.
    34                           ; 
    35                           ;     3. Microchip's name may not be used to endorse or promote products derived from th
      +                          is
    36                           ;        software without specific prior written permission.
    37                           ; 
    38                           ; THIS SOFTWARE IS PROVIDED BY MICROCHIP "AS IS" AND ANY EXPRESS OR IMPLIED WARRANTIES,
    39                           ; INCLUDING, BUT NOT LIMITED TO, THE IMPLIED WARRANTIES OF MERCHANTABILITY AND FITNESS F
      +                          OR
    40                           ; PURPOSE ARE DISCLAIMED.  IN NO EVENT SHALL MICROCHIP BE LIABLE FOR ANY DIRECT, INDIREC
      +                          T,
    41                           ; INCIDENTAL, SPECIAL, EXEMPLARY, OR CONSEQUENTIAL DAMAGES (INCLUDING BUT NOT LIMITED TO
    42                           ; PROCUREMENT OF SUBSTITUTE GOODS OR SERVICES; LOSS OF USE, DATA OR PROFITS; OR BUSINESS
    43                           ; INTERRUPTION) HOWSOEVER CAUSED AND ON ANY THEORY OF LIABILITY, WHETHER IN CONTRACT, ST
      +                          RICT
    44                           ; LIABILITY, OR TORT (INCLUDING NEGLIGENCE OR OTHERWISE) ARISING IN ANY WAY OUT OF THE U
      +                          SE OF
    45                           ; THIS SOFTWARE, EVEN IF ADVISED OF THE POSSIBILITY OF SUCH DAMAGE.
    46                           ; 
    47                           ; 
    48                           ; Code-generator required, PIC18F97J94 Definitions
    49                           ; 
    50                           ; SFR Addresses
    51   000FE0                     bsr             equ	4064
    52   000FE9                     fsr0            equ	4073
    53   000FEA                     fsr0h           equ	4074
    54   000FE9                     fsr0l           equ	4073
    55   000FE1                     fsr1            equ	4065
    56   000FE2                     fsr1h           equ	4066
    57   000FE1                     fsr1l           equ	4065
    58   000FD9                     fsr2            equ	4057
    59   000FDA                     fsr2h           equ	4058
    60   000FD9                     fsr2l           equ	4057
    61   000FEF                     indf0           equ	4079
    62   000FE7                     indf1           equ	4071
    63   000FDF                     indf2           equ	4063
    64   000FF2                     intcon          equ	4082
    65   000000                     nvmcon          equ	0
    66   000FF9                     pcl             equ	4089
    67   000FFA                     pclath          equ	4090
    68   000FFB                     pclatu          equ	4091
    69   000FEB                     plusw0          equ	4075
    70   000FE3                     plusw1          equ	4067
    71   000FDB                     plusw2          equ	4059
    72   000FED                     postdec0        equ	4077
    73   000FE5                     postdec1        equ	4069
    74   000FDD                     postdec2        equ	4061
    75   000FEE                     postinc0        equ	4078
    76   000FE6                     postinc1        equ	4070
    77   000FDE                     postinc2        equ	4062
    78   000FEC                     preinc0         equ	4076
    79   000FE4                     preinc1         equ	4068
    80   000FDC                     preinc2         equ	4060
    81   000FF3                     prod            equ	4083
    82   000FF4                     prodh           equ	4084
    83   000FF3                     prodl           equ	4083
    84   000FD8                     status          equ	4056
    85   000FF5                     tablat          equ	4085
    86   000FF6                     tblptr          equ	4086
    87   000FF7                     tblptrh         equ	4087
    88   000FF6                     tblptrl         equ	4086
    89   000FF8                     tblptru         equ	4088
    90   000FFD                     tosl            equ	4093
    91   000FE8                     wreg            equ	4072
    92   000DFF                     UEP0            equ	3583	;# 
    93   000E00                     UEP1            equ	3584	;# 
    94   000E01                     UEP2            equ	3585	;# 
    95   000E02                     UEP3            equ	3586	;# 
    96   000E03                     UEP4            equ	3587	;# 
    97   000E04                     UEP5            equ	3588	;# 
    98   000E05                     UEP6            equ	3589	;# 
    99   000E06                     UEP7            equ	3590	;# 
   100   000E07                     UEP8            equ	3591	;# 
   101   000E08                     UEP9            equ	3592	;# 
   102   000E09                     UEP10           equ	3593	;# 
   103   000E0A                     UEP11           equ	3594	;# 
   104   000E0B                     UEP12           equ	3595	;# 
   105   000E0C                     UEP13           equ	3596	;# 
   106   000E0D                     UEP14           equ	3597	;# 
   107   000E0E                     UEP15           equ	3598	;# 
   108   000E0F                     UEIE            equ	3599	;# 
   109   000E10                     UIE             equ	3600	;# 
   110   000E11                     UCFG            equ	3601	;# 
   111   000E12                     RPOR0_1         equ	3602	;# 
   112   000E13                     RPOR2_3         equ	3603	;# 
   113   000E14                     RPOR4_5         equ	3604	;# 
   114   000E15                     RPOR6_7         equ	3605	;# 
   115   000E16                     RPOR8_9         equ	3606	;# 
   116   000E17                     RPOR10_11       equ	3607	;# 
   117   000E18                     RPOR12_13       equ	3608	;# 
   118   000E19                     RPOR14_15       equ	3609	;# 
   119   000E1A                     RPOR16_17       equ	3610	;# 
   120   000E1B                     RPOR18_19       equ	3611	;# 
   121   000E1C                     RPOR20_21       equ	3612	;# 
   122   000E1D                     RPOR22_23       equ	3613	;# 
   123   000E1E                     RPOR24_25       equ	3614	;# 
   124   000E1F                     RPOR26_27       equ	3615	;# 
   125   000E20                     RPOR28_29       equ	3616	;# 
   126   000E21                     RPOR30_31       equ	3617	;# 
   127   000E22                     RPOR32_33       equ	3618	;# 
   128   000E23                     RPOR34_35       equ	3619	;# 
   129   000E24                     RPOR36_37       equ	3620	;# 
   130   000E25                     RPOR38_39       equ	3621	;# 
   131   000E26                     RPOR40_41       equ	3622	;# 
   132   000E27                     RPOR42_43       equ	3623	;# 
   133   000E28                     RPOR44_45       equ	3624	;# 
   134   000E29                     RPOR46          equ	3625	;# 
   135   000E2A                     RPINR0_1        equ	3626	;# 
   136   000E2B                     RPINR2_3        equ	3627	;# 
   137   000E2C                     RPINR4_5        equ	3628	;# 
   138   000E2D                     RPINR6_7        equ	3629	;# 
   139   000E2E                     RPINR8_9        equ	3630	;# 
   140   000E2F                     RPINR10_11      equ	3631	;# 
   141   000E30                     RPINR12_13      equ	3632	;# 
   142   000E31                     RPINR14_15      equ	3633	;# 
   143   000E32                     RPINR16_17      equ	3634	;# 
   144   000E33                     RPINR18_19      equ	3635	;# 
   145   000E34                     RPINR20_21      equ	3636	;# 
   146   000E35                     RPINR22_23      equ	3637	;# 
   147   000E36                     RPINR24_25      equ	3638	;# 
   148   000E37                     RPINR26_27      equ	3639	;# 
   149   000E38                     RPINR28_29      equ	3640	;# 
   150   000E39                     RPINR30_31      equ	3641	;# 
   151   000E3A                     RPINR32_33      equ	3642	;# 
   152   000E3B                     RPINR34_35      equ	3643	;# 
   153   000E3C                     RPINR36_37      equ	3644	;# 
   154   000E3D                     RPINR38_39      equ	3645	;# 
   155   000E3E                     RPINR40_41      equ	3646	;# 
   156   000E3F                     RPINR42_43      equ	3647	;# 
   157   000E40                     RPINR44_45      equ	3648	;# 
   158   000E41                     RPINR46_47      equ	3649	;# 
   159   000E42                     RPINR48_49      equ	3650	;# 
   160   000E43                     RPINR50_51      equ	3651	;# 
   161   000E44                     RPINR52_53      equ	3652	;# 
   162   000E45                     ANCON3          equ	3653	;# 
   163   000E46                     ANCON2          equ	3654	;# 
   164   000E47                     ANCON1          equ	3655	;# 
   165   000E48                     ADCBUF1         equ	3656	;# 
   166   000E48                     ADCBUF1L        equ	3656	;# 
   167   000E49                     ADCBUF1H        equ	3657	;# 
   168   000E4A                     ADCBUF2         equ	3658	;# 
   169   000E4A                     ADCBUF2L        equ	3658	;# 
   170   000E4B                     ADCBUF2H        equ	3659	;# 
   171   000E4C                     ADCBUF3         equ	3660	;# 
   172   000E4C                     ADCBUF3L        equ	3660	;# 
   173   000E4D                     ADCBUF3H        equ	3661	;# 
   174   000E4E                     ADCBUF4         equ	3662	;# 
   175   000E4E                     ADCBUF4L        equ	3662	;# 
   176   000E4F                     ADCBUF4H        equ	3663	;# 
   177   000E50                     ADCBUF5         equ	3664	;# 
   178   000E50                     ADCBUF5L        equ	3664	;# 
   179   000E51                     ADCBUF5H        equ	3665	;# 
   180   000E52                     ADCBUF6         equ	3666	;# 
   181   000E52                     ADCBUF6L        equ	3666	;# 
   182   000E53                     ADCBUF6H        equ	3667	;# 
   183   000E54                     ADCBUF7         equ	3668	;# 
   184   000E54                     ADCBUF7L        equ	3668	;# 
   185   000E55                     ADCBUF7H        equ	3669	;# 
   186   000E56                     ADCBUF8         equ	3670	;# 
   187   000E56                     ADCBUF8L        equ	3670	;# 
   188   000E57                     ADCBUF8H        equ	3671	;# 
   189   000E58                     ADCBUF9         equ	3672	;# 
   190   000E58                     ADCBUF9L        equ	3672	;# 
   191   000E59                     ADCBUF9H        equ	3673	;# 
   192   000E5A                     ADCBUF10        equ	3674	;# 
   193   000E5A                     ADCBUF10L       equ	3674	;# 
   194   000E5B                     ADCBUF10H       equ	3675	;# 
   195   000E5C                     ADCBUF11        equ	3676	;# 
   196   000E5C                     ADCBUF11L       equ	3676	;# 
   197   000E5D                     ADCBUF11H       equ	3677	;# 
   198   000E5E                     ADCBUF12        equ	3678	;# 
   199   000E5E                     ADCBUF12L       equ	3678	;# 
   200   000E5F                     ADCBUF12H       equ	3679	;# 
   201   000E60                     ADCBUF13        equ	3680	;# 
   202   000E60                     ADCBUF13L       equ	3680	;# 
   203   000E61                     ADCBUF13H       equ	3681	;# 
   204   000E62                     ADCBUF14        equ	3682	;# 
   205   000E62                     ADCBUF14L       equ	3682	;# 
   206   000E63                     ADCBUF14H       equ	3683	;# 
   207   000E64                     ADCBUF15        equ	3684	;# 
   208   000E64                     ADCBUF15L       equ	3684	;# 
   209   000E65                     ADCBUF15H       equ	3685	;# 
   210   000E66                     ADCBUF16        equ	3686	;# 
   211   000E66                     ADCBUF16L       equ	3686	;# 
   212   000E67                     ADCBUF16H       equ	3687	;# 
   213   000E68                     ADCBUF17        equ	3688	;# 
   214   000E68                     ADCBUF17L       equ	3688	;# 
   215   000E69                     ADCBUF17H       equ	3689	;# 
   216   000E6A                     ADCBUF18        equ	3690	;# 
   217   000E6A                     ADCBUF18L       equ	3690	;# 
   218   000E6B                     ADCBUF18H       equ	3691	;# 
   219   000E6C                     ADCBUF19        equ	3692	;# 
   220   000E6C                     ADCBUF19L       equ	3692	;# 
   221   000E6D                     ADCBUF19H       equ	3693	;# 
   222   000E6E                     ADCBUF20        equ	3694	;# 
   223   000E6E                     ADCBUF20L       equ	3694	;# 
   224   000E6F                     ADCBUF20H       equ	3695	;# 
   225   000E70                     ADCBUF21        equ	3696	;# 
   226   000E70                     ADCBUF21L       equ	3696	;# 
   227   000E71                     ADCBUF21H       equ	3697	;# 
   228   000E72                     ADCBUF22        equ	3698	;# 
   229   000E72                     ADCBUF22L       equ	3698	;# 
   230   000E73                     ADCBUF22H       equ	3699	;# 
   231   000E74                     ADCBUF23        equ	3700	;# 
   232   000E74                     ADCBUF23L       equ	3700	;# 
   233   000E75                     ADCBUF23H       equ	3701	;# 
   234   000E76                     ADCBUF24        equ	3702	;# 
   235   000E76                     ADCBUF24L       equ	3702	;# 
   236   000E77                     ADCBUF24H       equ	3703	;# 
   237   000E78                     ADCBUF25        equ	3704	;# 
   238   000E78                     ADCBUF25L       equ	3704	;# 
   239   000E79                     ADCBUF25H       equ	3705	;# 
   240   000E7A                     ADCTMUEN0L      equ	3706	;# 
   241   000E7B                     ADCTMUEN0H      equ	3707	;# 
   242   000E7C                     ADCTMUEN1L      equ	3708	;# 
   243   000E7D                     ADCTMUEN1H      equ	3709	;# 
   244   000E7E                     ADCHIT0L        equ	3710	;# 
   245   000E7F                     ADCHIT0H        equ	3711	;# 
   246   000E80                     ADCHIT1L        equ	3712	;# 
   247   000E81                     ADCHIT1H        equ	3713	;# 
   248   000E82                     ADCSS0L         equ	3714	;# 
   249   000E83                     ADCSS0H         equ	3715	;# 
   250   000E84                     ADCSS1L         equ	3716	;# 
   251   000E85                     ADCSS1H         equ	3717	;# 
   252   000E86                     ADCHS0L         equ	3718	;# 
   253   000E87                     ADCHS0H         equ	3719	;# 
   254   000E88                     ADCON5L         equ	3720	;# 
   255   000E89                     ADCON5H         equ	3721	;# 
   256   000E8A                     ADCON3L         equ	3722	;# 
   257   000E8B                     ADCON3H         equ	3723	;# 
   258   000E8C                     ADCON2L         equ	3724	;# 
   259   000E8D                     ADCON2H         equ	3725	;# 
   260   000E8E                     LCDDATA0        equ	3726	;# 
   261   000E8F                     LCDDATA1        equ	3727	;# 
   262   000E90                     LCDDATA2        equ	3728	;# 
   263   000E91                     LCDDATA3        equ	3729	;# 
   264   000E92                     LCDDATA4        equ	3730	;# 
   265   000E93                     LCDDATA5        equ	3731	;# 
   266   000E94                     LCDDATA6        equ	3732	;# 
   267   000E95                     LCDDATA7        equ	3733	;# 
   268   000E96                     LCDDATA8        equ	3734	;# 
   269   000E97                     LCDDATA9        equ	3735	;# 
   270   000E98                     LCDDATA10       equ	3736	;# 
   271   000E99                     LCDDATA11       equ	3737	;# 
   272   000E9A                     LCDDATA12       equ	3738	;# 
   273   000E9B                     LCDDATA13       equ	3739	;# 
   274   000E9C                     LCDDATA14       equ	3740	;# 
   275   000E9D                     LCDDATA15       equ	3741	;# 
   276   000E9E                     LCDDATA16       equ	3742	;# 
   277   000E9F                     LCDDATA17       equ	3743	;# 
   278   000EA0                     LCDDATA18       equ	3744	;# 
   279   000EA1                     LCDDATA19       equ	3745	;# 
   280   000EA2                     LCDDATA20       equ	3746	;# 
   281   000EA3                     LCDDATA21       equ	3747	;# 
   282   000EA4                     LCDDATA22       equ	3748	;# 
   283   000EA5                     LCDDATA23       equ	3749	;# 
   284   000EA6                     LCDDATA24       equ	3750	;# 
   285   000EA7                     LCDDATA25       equ	3751	;# 
   286   000EA8                     LCDDATA26       equ	3752	;# 
   287   000EA9                     LCDDATA27       equ	3753	;# 
   288   000EAA                     LCDDATA28       equ	3754	;# 
   289   000EAB                     LCDDATA29       equ	3755	;# 
   290   000EAC                     LCDDATA30       equ	3756	;# 
   291   000EAD                     LCDDATA31       equ	3757	;# 
   292   000EAE                     LCDDATA32       equ	3758	;# 
   293   000EAF                     LCDDATA33       equ	3759	;# 
   294   000EB0                     LCDDATA34       equ	3760	;# 
   295   000EB1                     LCDDATA35       equ	3761	;# 
   296   000EB2                     LCDDATA36       equ	3762	;# 
   297   000EB3                     LCDDATA37       equ	3763	;# 
   298   000EB4                     LCDDATA38       equ	3764	;# 
   299   000EB5                     LCDDATA39       equ	3765	;# 
   300   000EB6                     LCDDATA40       equ	3766	;# 
   301   000EB7                     LCDDATA41       equ	3767	;# 
   302   000EB8                     LCDDATA42       equ	3768	;# 
   303   000EB9                     LCDDATA43       equ	3769	;# 
   304   000EBA                     LCDDATA44       equ	3770	;# 
   305   000EBB                     LCDDATA45       equ	3771	;# 
   306   000EBC                     LCDDATA46       equ	3772	;# 
   307   000EBD                     LCDDATA47       equ	3773	;# 
   308   000EBE                     LCDDATA48       equ	3774	;# 
   309   000EBF                     LCDDATA49       equ	3775	;# 
   310   000EC0                     LCDDATA50       equ	3776	;# 
   311   000EC1                     LCDDATA51       equ	3777	;# 
   312   000EC2                     LCDDATA52       equ	3778	;# 
   313   000EC3                     LCDDATA53       equ	3779	;# 
   314   000EC4                     LCDDATA54       equ	3780	;# 
   315   000EC5                     LCDDATA55       equ	3781	;# 
   316   000EC6                     LCDDATA56       equ	3782	;# 
   317   000EC7                     LCDDATA57       equ	3783	;# 
   318   000EC8                     LCDDATA58       equ	3784	;# 
   319   000EC9                     LCDDATA59       equ	3785	;# 
   320   000ECA                     LCDDATA60       equ	3786	;# 
   321   000ECB                     LCDDATA61       equ	3787	;# 
   322   000ECC                     LCDDATA62       equ	3788	;# 
   323   000ECD                     LCDDATA63       equ	3789	;# 
   324   000ECE                     LCDSE0          equ	3790	;# 
   325   000ECF                     LCDSE1          equ	3791	;# 
   326   000ED0                     LCDSE2          equ	3792	;# 
   327   000ED1                     LCDSE3          equ	3793	;# 
   328   000ED2                     LCDSE4          equ	3794	;# 
   329   000ED3                     LCDSE5          equ	3795	;# 
   330   000ED4                     LCDSE6          equ	3796	;# 
   331   000ED5                     LCDSE7          equ	3797	;# 
   332   000ED6                     LCDRL           equ	3798	;# 
   333   000ED7                     LCDREF          equ	3799	;# 
   334   000ED8                     LCDREG          equ	3800	;# 
   335   000ED9                     LCDCON          equ	3801	;# 
   336   000EDA                     LCDPS           equ	3802	;# 
   337   000EDB                     REFO2CON3       equ	3803	;# 
   338   000EDC                     REFO2CON2       equ	3804	;# 
   339   000EDD                     REFO2CON1       equ	3805	;# 
   340   000EDE                     REFO2CON        equ	3806	;# 
   341   000EDF                     REFO1CON3       equ	3807	;# 
   342   000EE0                     REFO1CON2       equ	3808	;# 
   343   000EE1                     REFO1CON1       equ	3809	;# 
   344   000EE2                     REFO1CON        equ	3810	;# 
   345   000EE3                     MEMCON          equ	3811	;# 
   346   000EE4                     PORTL           equ	3812	;# 
   347   000EE5                     LATL            equ	3813	;# 
   348   000EE6                     TRISL           equ	3814	;# 
   349   000EE7                     PORTK           equ	3815	;# 
   350   000EE8                     LATK            equ	3816	;# 
   351   000EE9                     TRISK           equ	3817	;# 
   352   000EEA                     ODCON2          equ	3818	;# 
   353   000EEB                     ODCON1          equ	3819	;# 
   354   000EEC                     MDCARL          equ	3820	;# 
   355   000EED                     MDCARH          equ	3821	;# 
   356   000EEE                     MDSRC           equ	3822	;# 
   357   000EEF                     MDCON           equ	3823	;# 
   358   000EF0                     PMD4            equ	3824	;# 
   359   000EF1                     PMD3            equ	3825	;# 
   360   000EF2                     PMD2            equ	3826	;# 
   361   000EF3                     PMD1            equ	3827	;# 
   362   000EF4                     PMD0            equ	3828	;# 
   363   000EF5                     CTMUCON4        equ	3829	;# 
   364   000EF6                     CTMUCON3        equ	3830	;# 
   365   000EF7                     CTMUCON2        equ	3831	;# 
   366   000EF8                     CTMUCON1        equ	3832	;# 
   367   000EF9                     TXREG4          equ	3833	;# 
   368   000EFA                     RCREG4          equ	3834	;# 
   369   000EFB                     SPBRG4          equ	3835	;# 
   370   000EFC                     SPBRGH4         equ	3836	;# 
   371   000EFD                     BAUDCON4        equ	3837	;# 
   372   000EFE                     TXSTA4          equ	3838	;# 
   373   000EFF                     RCSTA4          equ	3839	;# 
   374   000F00                     DMACON2         equ	3840	;# 
   375   000F01                     ANCFG           equ	3841	;# 
   376   000F02                     SSP2ADD         equ	3842	;# 
   377   000F03                     SSP2BUF         equ	3843	;# 
   378   000F04                     T4CON           equ	3844	;# 
   379   000F05                     PR4             equ	3845	;# 
   380   000F06                     TMR4            equ	3846	;# 
   381   000F07                     CCP7CON         equ	3847	;# 
   382   000F08                     CCPR7           equ	3848	;# 
   383   000F08                     CCPR7L          equ	3848	;# 
   384   000F09                     CCPR7H          equ	3849	;# 
   385   000F0A                     CCP6CON         equ	3850	;# 
   386   000F0B                     CCPR6           equ	3851	;# 
   387   000F0B                     CCPR6L          equ	3851	;# 
   388   000F0C                     CCPR6H          equ	3852	;# 
   389   000F0D                     CCP5CON         equ	3853	;# 
   390   000F0E                     CCPR5           equ	3854	;# 
   391   000F0E                     CCPR5L          equ	3854	;# 
   392   000F0F                     CCPR5H          equ	3855	;# 
   393   000F10                     CCP4CON         equ	3856	;# 
   394   000F11                     CCPR4           equ	3857	;# 
   395   000F11                     CCPR4L          equ	3857	;# 
   396   000F12                     CCPR4H          equ	3858	;# 
   397   000F13                     T5GCON          equ	3859	;# 
   398   000F14                     T5CON           equ	3860	;# 
   399   000F15                     TMR5            equ	3861	;# 
   400   000F15                     TMR5L           equ	3861	;# 
   401   000F16                     TMR5H           equ	3862	;# 
   402   000F17                     SSP2MSK         equ	3863	;# 
   403   000F18                     SSP2CON2        equ	3864	;# 
   404   000F19                     SSP2CON1        equ	3865	;# 
   405   000F1A                     SSP2STAT        equ	3866	;# 
   406   000F1B                     PSTR3CON        equ	3867	;# 
   407   000F1C                     PSTR2CON        equ	3868	;# 
   408   000F1D                     TXREG2          equ	3869	;# 
   409   000F1E                     RCREG2          equ	3870	;# 
   410   000F1F                     SPBRG2          equ	3871	;# 
   411   000F20                     SPBRGH2         equ	3872	;# 
   412   000F21                     DSGPR3          equ	3873	;# 
   413   000F22                     DSGPR2          equ	3874	;# 
   414   000F23                     DSGPR1          equ	3875	;# 
   415   000F24                     DSGPR0          equ	3876	;# 
   416   000F25                     DSWAKEH         equ	3877	;# 
   417   000F26                     DSWAKEL         equ	3878	;# 
   418   000F27                     DSCONH          equ	3879	;# 
   419   000F28                     DSCONL          equ	3880	;# 
   420   000F29                     TXREG3          equ	3881	;# 
   421   000F2A                     RCREG3          equ	3882	;# 
   422   000F2B                     SPBRG3          equ	3883	;# 
   423   000F2C                     SPBRGH3         equ	3884	;# 
   424   000F2D                     BAUDCON3        equ	3885	;# 
   425   000F2E                     TXSTA3          equ	3886	;# 
   426   000F2F                     RCSTA3          equ	3887	;# 
   427   000F30                     SPBRGH1         equ	3888	;# 
   428   000F30                     SPBRGH          equ	3888	;# 
   429   000F31                     BAUDCON2        equ	3889	;# 
   430   000F32                     TXSTA2          equ	3890	;# 
   431   000F33                     RCSTA2          equ	3891	;# 
   432   000F34                     CCPTMRS2        equ	3892	;# 
   433   000F35                     CCPTMRS1        equ	3893	;# 
   434   000F36                     CCPTMRS0        equ	3894	;# 
   435   000F37                     CM3CON          equ	3895	;# 
   436   000F38                     CM2CON          equ	3896	;# 
   437   000F39                     SSP2CON3        equ	3897	;# 
   438   000F3A                     T8CON           equ	3898	;# 
   439   000F3B                     PR8             equ	3899	;# 
   440   000F3C                     TMR8            equ	3900	;# 
   441   000F3D                     T6CON           equ	3901	;# 
   442   000F3E                     PR6             equ	3902	;# 
   443   000F3F                     TMR6            equ	3903	;# 
   444   000F40                     CCP10CON        equ	3904	;# 
   445   000F41                     CCPR10          equ	3905	;# 
   446   000F41                     CCPR10L         equ	3905	;# 
   447   000F42                     CCPR10H         equ	3906	;# 
   448   000F43                     CCP9CON         equ	3907	;# 
   449   000F44                     CCPR9           equ	3908	;# 
   450   000F44                     CCPR9L          equ	3908	;# 
   451   000F45                     CCPR9H          equ	3909	;# 
   452   000F46                     CCP8CON         equ	3910	;# 
   453   000F47                     CCPR8           equ	3911	;# 
   454   000F47                     CCPR8L          equ	3911	;# 
   455   000F48                     CCPR8H          equ	3912	;# 
   456   000F49                     CCP3CON         equ	3913	;# 
   457   000F4A                     CCPR3           equ	3914	;# 
   458   000F4A                     CCPR3L          equ	3914	;# 
   459   000F4B                     CCPR3H          equ	3915	;# 
   460   000F4C                     ECCP3DEL        equ	3916	;# 
   461   000F4D                     ECCP3AS         equ	3917	;# 
   462   000F4E                     CCP2CON         equ	3918	;# 
   463   000F4F                     CCPR2           equ	3919	;# 
   464   000F4F                     CCPR2L          equ	3919	;# 
   465   000F50                     CCPR2H          equ	3920	;# 
   466   000F51                     ECCP2DEL        equ	3921	;# 
   467   000F52                     ECCP2AS         equ	3922	;# 
   468   000F53                     CM1CON          equ	3923	;# 
   469   000F54                     PADCFG1         equ	3924	;# 
   470   000F55                     IOCN            equ	3925	;# 
   471   000F56                     IOCP            equ	3926	;# 
   472   000F57                     RTCCON2         equ	3927	;# 
   473   000F58                     ALRMVALL        equ	3928	;# 
   474   000F59                     ALRMVALH        equ	3929	;# 
   475   000F5A                     ALRMRPT         equ	3930	;# 
   476   000F5B                     ALRMCFG         equ	3931	;# 
   477   000F5C                     RTCVALL         equ	3932	;# 
   478   000F5D                     RTCVALH         equ	3933	;# 
   479   000F5E                     RTCCAL          equ	3934	;# 
   480   000F5F                     RTCCON1         equ	3935	;# 
   481   000F60                     DMACON1         equ	3936	;# 
   482   000F61                     PIE6            equ	3937	;# 
   483   000F62                     WPUB            equ	3938	;# 
   484   000F63                     ACTCON          equ	3939	;# 
   485   000F64                     OSCCON4         equ	3940	;# 
   486   000F65                     OSCCON3         equ	3941	;# 
   487   000F66                     OSCCON2         equ	3942	;# 
   488   000F67                     BAUDCON1        equ	3943	;# 
   489   000F67                     BAUDCON         equ	3943	;# 
   490   000F68                     SSP1MSK         equ	3944	;# 
   491   000F69                     SSP1CON3        equ	3945	;# 
   492   000F6A                     TXBUF           equ	3946	;# 
   493   000F6B                     DMABCH          equ	3947	;# 
   494   000F6C                     DMABCL          equ	3948	;# 
   495   000F6D                     RXADDRH         equ	3949	;# 
   496   000F6E                     RXADDRL         equ	3950	;# 
   497   000F6F                     TXADDRH         equ	3951	;# 
   498   000F70                     TXADDRL         equ	3952	;# 
   499   000F71                     PORTVP          equ	3953	;# 
   500   000F72                     LATVP           equ	3954	;# 
   501   000F73                     TRISVP          equ	3955	;# 
   502   000F74                     UADDR           equ	3956	;# 
   503   000F75                     UCON            equ	3957	;# 
   504   000F76                     USTAT           equ	3958	;# 
   505   000F77                     UEIR            equ	3959	;# 
   506   000F78                     UIR             equ	3960	;# 
   507   000F79                     UFRM            equ	3961	;# 
   508   000F79                     UFRMH           equ	3961	;# 
   509   000F7A                     UFRML           equ	3962	;# 
   510   000F7B                     RCON4           equ	3963	;# 
   511   000F7C                     RCON3           equ	3964	;# 
   512   000F7D                     RCON2           equ	3965	;# 
   513   000F7E                     EECON2          equ	3966	;# 
   514   000F7F                     EECON1          equ	3967	;# 
   515   000F80                     PORTA           equ	3968	;# 
   516   000F81                     PORTB           equ	3969	;# 
   517   000F82                     PORTC           equ	3970	;# 
   518   000F83                     PORTD           equ	3971	;# 
   519   000F84                     PORTE           equ	3972	;# 
   520   000F85                     PORTF           equ	3973	;# 
   521   000F86                     PORTG           equ	3974	;# 
   522   000F87                     PORTH           equ	3975	;# 
   523   000F88                     PORTJ           equ	3976	;# 
   524   000F89                     LATA            equ	3977	;# 
   525   000F8A                     LATB            equ	3978	;# 
   526   000F8B                     LATC            equ	3979	;# 
   527   000F8C                     LATD            equ	3980	;# 
   528   000F8D                     LATE            equ	3981	;# 
   529   000F8E                     LATF            equ	3982	;# 
   530   000F8F                     LATG            equ	3983	;# 
   531   000F90                     LATH            equ	3984	;# 
   532   000F91                     LATJ            equ	3985	;# 
   533   000F92                     TRISA           equ	3986	;# 
   534   000F93                     TRISB           equ	3987	;# 
   535   000F94                     TRISC           equ	3988	;# 
   536   000F95                     TRISD           equ	3989	;# 
   537   000F96                     TRISE           equ	3990	;# 
   538   000F97                     TRISF           equ	3991	;# 
   539   000F98                     TRISG           equ	3992	;# 
   540   000F99                     TRISH           equ	3993	;# 
   541   000F9A                     TRISJ           equ	3994	;# 
   542   000F9B                     OSCTUNE         equ	3995	;# 
   543   000F9C                     PSTR1CON        equ	3996	;# 
   544   000F9D                     PIE1            equ	3997	;# 
   545   000F9E                     PIR1            equ	3998	;# 
   546   000F9F                     IPR1            equ	3999	;# 
   547   000FA0                     PIE2            equ	4000	;# 
   548   000FA1                     PIR2            equ	4001	;# 
   549   000FA2                     IPR2            equ	4002	;# 
   550   000FA3                     PIE3            equ	4003	;# 
   551   000FA4                     PIR3            equ	4004	;# 
   552   000FA5                     IPR3            equ	4005	;# 
   553   000FA6                     PIR6            equ	4006	;# 
   554   000FA7                     PSPCON          equ	4007	;# 
   555   000FA8                     HLVDCON         equ	4008	;# 
   556   000FA9                     IPR6            equ	4009	;# 
   557   000FAA                     T1GCON          equ	4010	;# 
   558   000FAB                     RCSTA1          equ	4011	;# 
   559   000FAB                     RCSTA           equ	4011	;# 
   560   000FAC                     TXSTA1          equ	4012	;# 
   561   000FAC                     TXSTA           equ	4012	;# 
   562   000FAD                     TXREG1          equ	4013	;# 
   563   000FAD                     TXREG           equ	4013	;# 
   564   000FAE                     RCREG1          equ	4014	;# 
   565   000FAE                     RCREG           equ	4014	;# 
   566   000FAF                     SPBRG1          equ	4015	;# 
   567   000FAF                     SPBRG           equ	4015	;# 
   568   000FB0                     T3GCON          equ	4016	;# 
   569   000FB1                     T3CON           equ	4017	;# 
   570   000FB2                     TMR3            equ	4018	;# 
   571   000FB2                     TMR3L           equ	4018	;# 
   572   000FB3                     TMR3H           equ	4019	;# 
   573   000FB4                     PIE4            equ	4020	;# 
   574   000FB5                     PIR4            equ	4021	;# 
   575   000FB6                     IPR4            equ	4022	;# 
   576   000FB7                     PIE5            equ	4023	;# 
   577   000FB8                     PIR5            equ	4024	;# 
   578   000FB9                     CCP1CON         equ	4025	;# 
   579   000FBA                     CCPR1           equ	4026	;# 
   580   000FBA                     CCPR1L          equ	4026	;# 
   581   000FBB                     CCPR1H          equ	4027	;# 
   582   000FBC                     ECCP1DEL        equ	4028	;# 
   583   000FBD                     ECCP1AS         equ	4029	;# 
   584   000FBE                     CVRCONL         equ	4030	;# 
   585   000FBF                     CVRCONH         equ	4031	;# 
   586   000FC0                     ADCON1L         equ	4032	;# 
   587   000FC1                     ADCON1H         equ	4033	;# 
   588   000FC2                     ADCBUF0         equ	4034	;# 
   589   000FC2                     ADCBUF0L        equ	4034	;# 
   590   000FC3                     ADCBUF0H        equ	4035	;# 
   591   000FC4                     CMSTAT          equ	4036	;# 
   592   000FC5                     SSP1CON2        equ	4037	;# 
   593   000FC6                     SSP1CON1        equ	4038	;# 
   594   000FC7                     SSP1STAT        equ	4039	;# 
   595   000FC8                     SSP1ADD         equ	4040	;# 
   596   000FC9                     SSP1BUF         equ	4041	;# 
   597   000FCA                     T2CON           equ	4042	;# 
   598   000FCB                     PR2             equ	4043	;# 
   599   000FCC                     TMR2            equ	4044	;# 
   600   000FCD                     T1CON           equ	4045	;# 
   601   000FCE                     TMR1            equ	4046	;# 
   602   000FCE                     TMR1L           equ	4046	;# 
   603   000FCF                     TMR1H           equ	4047	;# 
   604   000FD0                     RCON            equ	4048	;# 
   605   000FD1                     IOCF            equ	4049	;# 
   606   000FD2                     IPR5            equ	4050	;# 
   607   000FD3                     OSCCON          equ	4051	;# 
   608   000FD5                     T0CON           equ	4053	;# 
   609   000FD6                     TMR0            equ	4054	;# 
   610   000FD6                     TMR0L           equ	4054	;# 
   611   000FD7                     TMR0H           equ	4055	;# 
   612   000FD8                     STATUS          equ	4056	;# 
   613   000FD9                     FSR2            equ	4057	;# 
   614   000FD9                     FSR2L           equ	4057	;# 
   615   000FDA                     FSR2H           equ	4058	;# 
   616   000FDB                     PLUSW2          equ	4059	;# 
   617   000FDC                     PREINC2         equ	4060	;# 
   618   000FDD                     POSTDEC2        equ	4061	;# 
   619   000FDE                     POSTINC2        equ	4062	;# 
   620   000FDF                     INDF2           equ	4063	;# 
   621   000FE0                     BSR             equ	4064	;# 
   622   000FE1                     FSR1            equ	4065	;# 
   623   000FE1                     FSR1L           equ	4065	;# 
   624   000FE2                     FSR1H           equ	4066	;# 
   625   000FE3                     PLUSW1          equ	4067	;# 
   626   000FE4                     PREINC1         equ	4068	;# 
   627   000FE5                     POSTDEC1        equ	4069	;# 
   628   000FE6                     POSTINC1        equ	4070	;# 
   629   000FE7                     INDF1           equ	4071	;# 
   630   000FE8                     WREG            equ	4072	;# 
   631   000FE9                     FSR0            equ	4073	;# 
   632   000FE9                     FSR0L           equ	4073	;# 
   633   000FEA                     FSR0H           equ	4074	;# 
   634   000FEB                     PLUSW0          equ	4075	;# 
   635   000FEC                     PREINC0         equ	4076	;# 
   636   000FED                     POSTDEC0        equ	4077	;# 
   637   000FEE                     POSTINC0        equ	4078	;# 
   638   000FEF                     INDF0           equ	4079	;# 
   639   000FF0                     INTCON3         equ	4080	;# 
   640   000FF1                     INTCON2         equ	4081	;# 
   641   000FF2                     INTCON          equ	4082	;# 
   642   000FF3                     PROD            equ	4083	;# 
   643   000FF3                     PRODL           equ	4083	;# 
   644   000FF4                     PRODH           equ	4084	;# 
   645   000FF5                     TABLAT          equ	4085	;# 
   646   000FF6                     TBLPTR          equ	4086	;# 
   647   000FF6                     TBLPTRL         equ	4086	;# 
   648   000FF7                     TBLPTRH         equ	4087	;# 
   649   000FF8                     TBLPTRU         equ	4088	;# 
   650   000FF9                     PCLAT           equ	4089	;# 
   651   000FF9                     PC              equ	4089	;# 
   652   000FF9                     PCL             equ	4089	;# 
   653   000FFA                     PCLATH          equ	4090	;# 
   654   000FFB                     PCLATU          equ	4091	;# 
   655   000FFC                     STKPTR          equ	4092	;# 
   656   000FFD                     TOS             equ	4093	;# 
   657   000FFD                     TOSL            equ	4093	;# 
   658   000FFE                     TOSH            equ	4094	;# 
   659   000FFF                     TOSU            equ	4095	;# 
   660   000EF9                     _TXREG4         set	3833
   661   000EE5                     _LATLbits       set	3813
   662   000EFB                     _SPBRG4         set	3835
   663   000EFD                     _BAUDCON4bits   set	3837
   664   000EFF                     _RCSTA4bits     set	3839
   665   000EFE                     _TXSTA4bits     set	3838
   666   000E22                     _RPOR32_33bits  set	3618
   667   000E2C                     _RPINR4_5bits   set	3628
   668   000E12                     _RPOR0_1bits    set	3602
   669   000E2D                     _RPINR6_7bits   set	3629
   670   000EE6                     _TRISLbits      set	3814
   671   000E45                     _ANCON3         set	3653
   672   000E46                     _ANCON2         set	3654
   673   000E47                     _ANCON1         set	3655
   674   000F2A                     _RCREG3         set	3882
   675   000F2B                     _SPBRG3         set	3883
   676   000F2D                     _BAUDCON3bits   set	3885
   677   000F2F                     _RCSTA3bits     set	3887
   678   000F2E                     _TXSTA3bits     set	3886
   679   000FA6                     _PIR6bits       set	4006
   680   000F8D                     _LATEbits       set	3981
   681   000F96                     _TRISEbits      set	3990
   682   000F97                     _TRISFbits      set	3991
   683   000F92                     _TRISAbits      set	3986
   684   000F66                     _OSCCON2bits    set	3942
   685                           
   686                           ; #config settings
   687                           
   688                           	psect	cinit
   689   0010CC                     __pcinit:
   690                           	callstack 0
   691   0010CC                     start_initialization:
   692                           	callstack 0
   693   0010CC                     __initialization:
   694                           	callstack 0
   695                           
   696                           ; Clear objects allocated to COMRAM (10 bytes)
   697   0010CC  EE00  F001         	lfsr	0,__pbssCOMRAM
   698   0010D0  0E0A               	movlw	10
   699   0010D2                     clear_0:
   700   0010D2  6AEE               	clrf	postinc0,c
   701   0010D4  06E8               	decf	wreg,f,c
   702   0010D6  E1FD               	bnz	clear_0
   703   0010D8                     end_of_initialization:
   704                           	callstack 0
   705   0010D8                     __end_of__initialization:
   706                           	callstack 0
   707   0010D8  0100               	movlb	0
   708   0010DA  EF58  F008         	goto	_main	;jump to C main() function
   709                           
   710                           	psect	bssCOMRAM
   711   000001                     __pbssCOMRAM:
   712                           	callstack 0
   713   000001                     _r:
   714                           	callstack 0
   715   000001                     	ds	10
   716                           
   717                           	psect	cstackCOMRAM
   718   00000B                     __pcstackCOMRAM:
   719                           	callstack 0
   720   00000B                     RS485_2_ReceiveString@buffer:
   721                           	callstack 0
   722   00000B                     
   723                           ; 1 bytes @ 0x0
   724   00000B                     	ds	1
   725   00000C                     RS485_2_ReceiveString@len:
   726                           	callstack 0
   727                           
   728                           ; 1 bytes @ 0x1
   729   00000C                     	ds	1
   730   00000D                     RS485_2_ReceiveString@i:
   731                           	callstack 0
   732   00000D                     
   733                           ; 1 bytes @ 0x2
   734   00000D                     	ds	1
   735   00000E                     
   736                           ; 1 bytes @ 0x3
   737 ;;
   738 ;;Main: autosize = 0, tempsize = 0, incstack = 0, save=0
   739 ;;
   740 ;; *************** function _main *****************
   741 ;; Defined at:
   742 ;;		line 116 in file "rs485.c"
   743 ;; Parameters:    Size  Location     Type
   744 ;;		None
   745 ;; Auto vars:     Size  Location     Type
   746 ;;		None
   747 ;; Return value:  Size  Location     Type
   748 ;;                  1    wreg      void 
   749 ;; Registers used:
   750 ;;		wreg, fsr2l, fsr2h, status,2, status,0, cstack
   751 ;; Tracked objects:
   752 ;;		On entry : 0/0
   753 ;;		On exit  : 0/0
   754 ;;		Unchanged: 0/0
   755 ;; Data sizes:     COMRAM   BANK0   BANK1   BANK2   BANK3   BANK4   BANK5   BANK6   BANK7   BANK8   BANK9  BANK10  BANK1
      +1  BANK12  BANK13
   756 ;;      Params:         0       0       0       0       0       0       0       0       0       0       0       0       
      +0       0       0
   757 ;;      Locals:         0       0       0       0       0       0       0       0       0       0       0       0       
      +0       0       0
   758 ;;      Temps:          0       0       0       0       0       0       0       0       0       0       0       0       
      +0       0       0
   759 ;;      Totals:         0       0       0       0       0       0       0       0       0       0       0       0       
      +0       0       0
   760 ;;Total ram usage:        0 bytes
   761 ;; Hardware stack levels required when called: 1
   762 ;; This function calls:
   763 ;;		_RS485_2_ReceiveString
   764 ;;		_RS485_Init
   765 ;;		_Spi_PinSet
   766 ;; This function is called by:
   767 ;;		Startup code after reset
   768 ;; This function uses a non-reentrant model
   769 ;;
   770                           
   771                           	psect	text0
   772   0010B0                     __ptext0:
   773                           	callstack 0
   774   0010B0                     _main:
   775                           	callstack 30
   776   0010B0                     
   777                           ;rs485.c: 117:     Spi_PinSet();
   778   0010B0  EC2A  F008         	call	_Spi_PinSet	;wreg free
   779                           
   780                           ;rs485.c: 118:     RS485_Init();
   781   0010B4  EC45  F008         	call	_RS485_Init	;wreg free
   782   0010B8                     
   783                           ;rs485.c: 128:     RS485_2_ReceiveString(r, 5);
   784   0010B8  0E01               	movlw	low _r
   785   0010BA  6E0B               	movwf	RS485_2_ReceiveString@buffer^0,c
   786   0010BC  0E05               	movlw	5
   787   0010BE  6E0C               	movwf	RS485_2_ReceiveString@len^0,c
   788   0010C0  EC01  F008         	call	_RS485_2_ReceiveString	;wreg free
   789   0010C4                     l87:
   790   0010C4  EF62  F008         	goto	l87
   791   0010C8  EFF6  F0FF         	goto	start
   792   0010CC                     __end_of_main:
   793                           	callstack 0
   794                           
   795 ;; *************** function _Spi_PinSet *****************
   796 ;; Defined at:
   797 ;;		line 38 in file "rs485.c"
   798 ;; Parameters:    Size  Location     Type
   799 ;;		None
   800 ;; Auto vars:     Size  Location     Type
   801 ;;		None
   802 ;; Return value:  Size  Location     Type
   803 ;;                  1    wreg      void 
   804 ;; Registers used:
   805 ;;		wreg, status,2
   806 ;; Tracked objects:
   807 ;;		On entry : 0/0
   808 ;;		On exit  : 0/0
   809 ;;		Unchanged: 0/0
   810 ;; Data sizes:     COMRAM   BANK0   BANK1   BANK2   BANK3   BANK4   BANK5   BANK6   BANK7   BANK8   BANK9  BANK10  BANK1
      +1  BANK12  BANK13
   811 ;;      Params:         0       0       0       0       0       0       0       0       0       0       0       0       
      +0       0       0
   812 ;;      Locals:         0       0       0       0       0       0       0       0       0       0       0       0       
      +0       0       0
   813 ;;      Temps:          0       0       0       0       0       0       0       0       0       0       0       0       
      +0       0       0
   814 ;;      Totals:         0       0       0       0       0       0       0       0       0       0       0       0       
      +0       0       0
   815 ;;Total ram usage:        0 bytes
   816 ;; Hardware stack levels used: 1
   817 ;; This function calls:
   818 ;;		Nothing
   819 ;; This function is called by:
   820 ;;		_main
   821 ;; This function uses a non-reentrant model
   822 ;;
   823                           
   824                           	psect	text1
   825   001054                     __ptext1:
   826                           	callstack 0
   827   001054                     _Spi_PinSet:
   828                           	callstack 30
   829   001054                     
   830                           ;rs485.c: 39:     ANCON1 = ANCON2 = ANCON3 = 0x00;
   831   001054  010E               	movlb	14	; () banked
   832   001056  6B45               	clrf	69,b	;volatile
   833   001058  6B46               	clrf	70,b	;volatile
   834   00105A  6B47               	clrf	71,b	;volatile
   835                           
   836                           ;rs485.c: 40:     OSCCON2bits.IOLOCK = 0;
   837   00105C  9C66               	bcf	102,6,c	;volatile
   838                           
   839                           ;rs485.c: 44:     TRISAbits.TRISA1 = 0;
   840   00105E  9292               	bcf	146,1,c	;volatile
   841                           
   842                           ;rs485.c: 45:     TRISFbits.TRISF6 = 1;
   843   001060  8C97               	bsf	151,6,c	;volatile
   844                           
   845                           ;rs485.c: 46:     TRISLbits.TRISL0 = 0;
   846   001062  91E6               	bcf	230,0,b	;volatile
   847   001064                     
   848                           ; BSR set to: 14
   849                           ;rs485.c: 47:     RPINR6_7bits.U4RXR = 0x0A;
   850   001064  512D               	movf	45,w,b	;volatile
   851   001066  0BF0               	andlw	-16
   852   001068  090A               	iorlw	10
   853   00106A  6F2D               	movwf	45,b	;volatile
   854                           
   855                           ;rs485.c: 49:     RPOR0_1bits.RPO1R = 0x03;
   856   00106C  5112               	movf	18,w,b	;volatile
   857   00106E  0B0F               	andlw	-241
   858   001070  0930               	iorlw	48
   859   001072  6F12               	movwf	18,b	;volatile
   860   001074                     
   861                           ; BSR set to: 14
   862                           ;rs485.c: 52:     TRISAbits.TRISA0 = 1;
   863   001074  8092               	bsf	146,0,c	;volatile
   864   001076                     
   865                           ; BSR set to: 14
   866                           ;rs485.c: 53:     TRISEbits.TRISE3 = 0;
   867   001076  9696               	bcf	150,3,c	;volatile
   868   001078                     
   869                           ; BSR set to: 14
   870                           ;rs485.c: 54:     TRISEbits.TRISE7 = 0;
   871   001078  9E96               	bcf	150,7,c	;volatile
   872                           
   873                           ;rs485.c: 55:     RPINR4_5bits.U3RXR = 0x00;
   874   00107A  0EF0               	movlw	-16
   875   00107C  172C               	andwf	44,f,b	;volatile
   876                           
   877                           ;rs485.c: 56:     RPOR32_33bits.RPO33R = 0x02;
   878   00107E  5122               	movf	34,w,b	;volatile
   879   001080  0B0F               	andlw	-241
   880   001082  0920               	iorlw	32
   881   001084  6F22               	movwf	34,b	;volatile
   882   001086                     
   883                           ; BSR set to: 14
   884                           ;rs485.c: 58:     OSCCON2bits.IOLOCK = 1;
   885   001086  8C66               	bsf	102,6,c	;volatile
   886   001088                     
   887                           ; BSR set to: 14
   888   001088  0012               	return		;funcret
   889   00108A                     __end_of_Spi_PinSet:
   890                           	callstack 0
   891                           
   892 ;; *************** function _RS485_Init *****************
   893 ;; Defined at:
   894 ;;		line 61 in file "rs485.c"
   895 ;; Parameters:    Size  Location     Type
   896 ;;		None
   897 ;; Auto vars:     Size  Location     Type
   898 ;;		None
   899 ;; Return value:  Size  Location     Type
   900 ;;                  1    wreg      void 
   901 ;; Registers used:
   902 ;;		wreg, status,2
   903 ;; Tracked objects:
   904 ;;		On entry : 0/0
   905 ;;		On exit  : 0/0
   906 ;;		Unchanged: 0/0
   907 ;; Data sizes:     COMRAM   BANK0   BANK1   BANK2   BANK3   BANK4   BANK5   BANK6   BANK7   BANK8   BANK9  BANK10  BANK1
      +1  BANK12  BANK13
   908 ;;      Params:         0       0       0       0       0       0       0       0       0       0       0       0       
      +0       0       0
   909 ;;      Locals:         0       0       0       0       0       0       0       0       0       0       0       0       
      +0       0       0
   910 ;;      Temps:          0       0       0       0       0       0       0       0       0       0       0       0       
      +0       0       0
   911 ;;      Totals:         0       0       0       0       0       0       0       0       0       0       0       0       
      +0       0       0
   912 ;;Total ram usage:        0 bytes
   913 ;; Hardware stack levels used: 1
   914 ;; This function calls:
   915 ;;		Nothing
   916 ;; This function is called by:
   917 ;;		_main
   918 ;; This function uses a non-reentrant model
   919 ;;
   920                           
   921                           	psect	text2
   922   00108A                     __ptext2:
   923                           	callstack 0
   924   00108A                     _RS485_Init:
   925                           	callstack 30
   926   00108A                     
   927                           ;rs485.c: 63:     TXSTA4bits.BRGH = 1;
   928   00108A  010E               	movlb	14	; () banked
   929   00108C  85FE               	bsf	254,2,b	;volatile
   930                           
   931                           ;rs485.c: 64:     TXSTA4bits.SYNC = 0;
   932   00108E  99FE               	bcf	254,4,b	;volatile
   933                           
   934                           ;rs485.c: 65:     TXSTA4bits.TXEN = 1;
   935   001090  8BFE               	bsf	254,5,b	;volatile
   936                           
   937                           ;rs485.c: 66:     RCSTA4bits.CREN = 1;
   938   001092  89FF               	bsf	255,4,b	;volatile
   939                           
   940                           ;rs485.c: 67:     RCSTA4bits.SPEN = 1;
   941   001094  8FFF               	bsf	255,7,b	;volatile
   942                           
   943                           ;rs485.c: 68:     BAUDCON4bits.BRG16 = 0;
   944   001096  97FD               	bcf	253,3,b	;volatile
   945   001098                     
   946                           ; BSR set to: 14
   947                           ;rs485.c: 69:     SPBRG4 = 25;
   948   001098  0E19               	movlw	25
   949   00109A  6FFB               	movwf	251,b	;volatile
   950   00109C                     
   951                           ; BSR set to: 14
   952                           ;rs485.c: 72:     TXSTA3bits.BRGH = 1;
   953   00109C  010F               	movlb	15	; () banked
   954   00109E  852E               	bsf	46,2,b	;volatile
   955   0010A0                     
   956                           ; BSR set to: 15
   957                           ;rs485.c: 73:     TXSTA3bits.SYNC = 0;
   958   0010A0  992E               	bcf	46,4,b	;volatile
   959   0010A2                     
   960                           ; BSR set to: 15
   961                           ;rs485.c: 74:     TXSTA3bits.TXEN = 1;
   962   0010A2  8B2E               	bsf	46,5,b	;volatile
   963   0010A4                     
   964                           ; BSR set to: 15
   965                           ;rs485.c: 75:     RCSTA3bits.CREN = 1;
   966   0010A4  892F               	bsf	47,4,b	;volatile
   967   0010A6                     
   968                           ; BSR set to: 15
   969                           ;rs485.c: 76:     RCSTA3bits.SPEN = 1;
   970   0010A6  8F2F               	bsf	47,7,b	;volatile
   971   0010A8                     
   972                           ; BSR set to: 15
   973                           ;rs485.c: 77:     BAUDCON3bits.BRG16 = 0;
   974   0010A8  972D               	bcf	45,3,b	;volatile
   975                           
   976                           ;rs485.c: 78:     SPBRG3 = 25;
   977   0010AA  0E19               	movlw	25
   978   0010AC  6F2B               	movwf	43,b	;volatile
   979   0010AE                     
   980                           ; BSR set to: 15
   981   0010AE  0012               	return		;funcret
   982   0010B0                     __end_of_RS485_Init:
   983                           	callstack 0
   984                           
   985 ;; *************** function _RS485_2_ReceiveString *****************
   986 ;; Defined at:
   987 ;;		line 96 in file "rs485.c"
   988 ;; Parameters:    Size  Location     Type
   989 ;;  buffer          1    0[COMRAM] PTR unsigned char 
   990 ;;		 -> r(10), 
   991 ;;  len             1    1[COMRAM] unsigned char 
   992 ;; Auto vars:     Size  Location     Type
   993 ;;  i               1    2[COMRAM] unsigned char 
   994 ;; Return value:  Size  Location     Type
   995 ;;                  1    wreg      void 
   996 ;; Registers used:
   997 ;;		wreg, fsr2l, fsr2h, status,2, status,0
   998 ;; Tracked objects:
   999 ;;		On entry : 0/0
  1000 ;;		On exit  : 0/0
  1001 ;;		Unchanged: 0/0
  1002 ;; Data sizes:     COMRAM   BANK0   BANK1   BANK2   BANK3   BANK4   BANK5   BANK6   BANK7   BANK8   BANK9  BANK10  BANK1
      +1  BANK12  BANK13
  1003 ;;      Params:         2       0       0       0       0       0       0       0       0       0       0       0       
      +0       0       0
  1004 ;;      Locals:         1       0       0       0       0       0       0       0       0       0       0       0       
      +0       0       0
  1005 ;;      Temps:          0       0       0       0       0       0       0       0       0       0       0       0       
      +0       0       0
  1006 ;;      Totals:         3       0       0       0       0       0       0       0       0       0       0       0       
      +0       0       0
  1007 ;;Total ram usage:        3 bytes
  1008 ;; Hardware stack levels used: 1
  1009 ;; This function calls:
  1010 ;;		Nothing
  1011 ;; This function is called by:
  1012 ;;		_main
  1013 ;; This function uses a non-reentrant model
  1014 ;;
  1015                           
  1016                           	psect	text3
  1017   001002                     __ptext3:
  1018                           	callstack 0
  1019   001002                     _RS485_2_ReceiveString:
  1020                           	callstack 30
  1021   001002                     
  1022                           ;rs485.c: 97:     LATLbits.LATL0 = 0;
  1023   001002  010E               	movlb	14	; () banked
  1024   001004  91E5               	bcf	229,0,b	;volatile
  1025                           
  1026                           ;rs485.c: 98:     LATEbits.LATE7 = 1;
  1027   001006  8E8D               	bsf	141,7,c	;volatile
  1028                           
  1029                           ;rs485.c: 100:     for (uint8_t i = 0; i < len; i++) {
  1030   001008  6A0D               	clrf	RS485_2_ReceiveString@i^0,c
  1031   00100A  EF1F  F008         	goto	l830
  1032   00100E                     l77:
  1033   00100E  AAA6               	btfss	166,5,c	;volatile
  1034   001010  EF0C  F008         	goto	u71
  1035   001014  EF0E  F008         	goto	u70
  1036   001018                     u71:
  1037   001018  EF07  F008         	goto	l77
  1038   00101C                     u70:
  1039   00101C                     
  1040                           ;rs485.c: 104:         if (RCSTA3bits.OERR) {
  1041   00101C  010F               	movlb	15	; () banked
  1042   00101E  A32F               	btfss	47,1,b	;volatile
  1043   001020  EF14  F008         	goto	u81
  1044   001024  EF16  F008         	goto	u80
  1045   001028                     u81:
  1046   001028  EF18  F008         	goto	l826
  1047   00102C                     u80:
  1048   00102C                     
  1049                           ; BSR set to: 15
  1050                           ;rs485.c: 105:             RCSTA3bits.CREN = 0;
  1051   00102C  992F               	bcf	47,4,b	;volatile
  1052                           
  1053                           ;rs485.c: 106:             RCSTA3bits.CREN = 1;
  1054   00102E  892F               	bsf	47,4,b	;volatile
  1055   001030                     l826:
  1056                           
  1057                           ; BSR set to: 15
  1058                           ;rs485.c: 109:         buffer[i] = RCREG3;
  1059   001030  500B               	movf	RS485_2_ReceiveString@buffer^0,w,c
  1060   001032  240D               	addwf	RS485_2_ReceiveString@i^0,w,c
  1061   001034  6ED9               	movwf	fsr2l,c
  1062   001036  6ADA               	clrf	fsr2h,c
  1063   001038  CF2A FFDF          	movff	3882,indf2	;volatile
  1064   00103C                     
  1065                           ; BSR set to: 15
  1066                           ;rs485.c: 111:     }
  1067   00103C  2A0D               	incf	RS485_2_ReceiveString@i^0,f,c
  1068   00103E                     l830:
  1069   00103E  500C               	movf	RS485_2_ReceiveString@len^0,w,c
  1070   001040  5C0D               	subwf	RS485_2_ReceiveString@i^0,w,c
  1071   001042  A0D8               	btfss	status,0,c
  1072   001044  EF26  F008         	goto	u91
  1073   001048  EF28  F008         	goto	u90
  1074   00104C                     u91:
  1075   00104C  EF07  F008         	goto	l77
  1076   001050                     u90:
  1077   001050                     
  1078                           ;rs485.c: 112:     LATEbits.LATE7 = 0;
  1079   001050  9E8D               	bcf	141,7,c	;volatile
  1080   001052  0012               	return		;funcret
  1081   001054                     __end_of_RS485_2_ReceiveString:
  1082                           	callstack 0
  1083                           
  1084                           	psect	smallconst
  1085   001000                     __psmallconst:
  1086                           	callstack 0
  1087   001000  00                 	db	0
  1088   001001  00                 	db	0	; dummy byte at the end
  1089   001000                     __smallconst    set	__psmallconst
  1090   001000                     __mediumconst   set	__psmallconst
  1091   000000                     __activetblptr  equ	0
  1092                           
  1093                           	psect	rparam
  1094   000001                     ___rparam_used  equ	1
  1095   000000                     ___param_bank   equ	0
  1096   000000                     __Lparam        equ	__Lrparam
  1097   000000                     __Hparam        equ	__Hrparam
  1098                           
  1099                           	psect	config
  1100                           
  1101                           ;Config register CONFIG1L @ 0x1FFF0
  1102                           ;	Stack Overflow/Underflow Reset
  1103                           ;	STVREN = OFF, Disabled
  1104                           ;	Extended Instruction Set
  1105                           ;	XINST = OFF, Disabled
  1106   01FFF0                     	org	131056
  1107   01FFF0  80                 	db	128
  1108                           
  1109                           ;Config register CONFIG1H @ 0x1FFF1
  1110                           ;	Brown-Out Reset Enable
  1111                           ;	BOREN = OFF, Disabled in hardware
  1112                           ;	Brown-out Reset Voltage
  1113                           ;	BORV = 0, 2.0V
  1114                           ;	Code Protect
  1115                           ;	CP0 = OFF, Program memory is not code-protected
  1116   01FFF1                     	org	131057
  1117   01FFF1  F4                 	db	244
  1118                           
  1119                           ;Config register CONFIG2L @ 0x1FFF2
  1120                           ;	Oscillator
  1121                           ;	FOSC = FRCDIV, Fast RC Oscillator with Postscaler (FRCDIV)
  1122                           ;	T1OSC/SOSC Power Selection Bits
  1123                           ;	SOSCSEL = LOW, Low Power T1OSC/SOSC circuit selected
  1124                           ;	Clock Out Enable Bit
  1125                           ;	CLKOEN = ON, CLKO output enabled on the RA6 pin
  1126                           ;	Internal External Oscillator Switch Over Mode
  1127                           ;	IESO = ON, Enabled
  1128   01FFF2                     	org	131058
  1129   01FFF2  AF                 	db	175
  1130                           
  1131                           ;Config register CONFIG2H @ 0x1FFF3
  1132                           ;	PLL Frequency Multiplier Select bits
  1133                           ;	PLLDIV = NODIV, 96 MHz PLL selected; No divide - Oscillator used directly (4 MHz input
      +                          )
  1134   01FFF3                     	org	131059
  1135   01FFF3  F0                 	db	240
  1136                           
  1137                           ;Config register CONFIG3L @ 0x1FFF4
  1138                           ;	Primary Oscillator Select
  1139                           ;	POSCMD = HS, HS oscillator mode selected(10 MHz - 40 MHz)
  1140                           ;	Clock Switching and Monitor Selection Configuration bits
  1141                           ;	FSCM = CSECMD, Clock switching is enabled, fail safe clock monitor is disabled
  1142   01FFF4                     	org	131060
  1143   01FFF4  12                 	db	18
  1144                           
  1145                           ;Config register CONFIG3H @ 0x1FFF5
  1146                           ;	unspecified, using default values
  1147   01FFF5                     	org	131061
  1148   01FFF5  F0                 	db	240
  1149                           
  1150                           ;Config register CONFIG4L @ 0x1FFF6
  1151                           ;	Write/Erase Protect Page Start/End Boundary
  1152                           ;	WPFP = WPFP255, Write Protect Program Flash Page 255
  1153   01FFF6                     	org	131062
  1154   01FFF6  FF                 	db	255
  1155                           
  1156                           ;Config register CONFIG4H @ 0x1FFF7
  1157                           ;	Segment Write Protection Disable
  1158                           ;	WPDIS = WPDIS, Disabled
  1159                           ;	Segment Write Protection End Page Select
  1160                           ;	WPEND = WPENDMEM, Write Protect from WPFP to the last page of memory
  1161                           ;	Write Protect Configuration Page Select
  1162                           ;	WPCFG = WPCFGDIS, Disabled
  1163   01FFF7                     	org	131063
  1164   01FFF7  F7                 	db	247
  1165                           
  1166                           ;Config register CONFIG5L @ 0x1FFF8
  1167                           ;	TMR5 Gate Select bit
  1168                           ;	T5GSEL = T5G, TMR5 Gate is driven by the T5G input
  1169                           ;	CxINA Gate Select bit
  1170                           ;	CINASEL = DEFAULT, C1INA and C3INA are on their default pin locations
  1171                           ;	External Address Shift bit
  1172                           ;	EASHFT = ON, Address Shifting enabled
  1173                           ;	Address Bus Width Select bits
  1174                           ;	ABW = MM, 8-bit address bus
  1175                           ;	Data Bus Width
  1176                           ;	BW = 16, 16-bit external bus mode
  1177                           ;	External Bus Wait
  1178                           ;	WAIT = OFF, Disabled
  1179   01FFF8                     	org	131064
  1180   01FFF8  FB                 	db	251
  1181                           
  1182                           ;Config register CONFIG5H @ 0x1FFF9
  1183                           ;	IOLOCK One-Way Set Enable bit
  1184                           ;	IOL1WAY = ON, Once set, the IOLOCK bit cannot be cleared
  1185                           ;	USB Low Speed Clock Select bit
  1186                           ;	LS48MHZ = SYSX2, Divide-by-2 (System clock must be 12 MHz)
  1187                           ;	MSSP2 7-Bit Address Masking Mode Enable bit
  1188                           ;	MSSPMSK2 = MSK7, 7 Bit address masking mode
  1189                           ;	MSSP1 7-Bit Address Masking Mode Enable bit
  1190                           ;	MSSPMSK1 = MSK7, 7 Bit address masking mode
  1191   01FFF9                     	org	131065
  1192   01FFF9  FF                 	db	255
  1193                           
  1194                           ;Config register CONFIG6L @ 0x1FFFA
  1195                           ;	Watch Dog Timer Window
  1196                           ;	WDTWIN = PS25_0, Watch Dog Timer Window Width is 25 percent
  1197                           ;	Watch Dog Timer Clock Source
  1198                           ;	WDTCLK = LPRC, Always use INTOSC/LPRC
  1199                           ;	Watchdog Timer Postscale
  1200                           ;	WDTPS = 32768, 1:32768
  1201   01FFFA                     	org	131066
  1202   01FFFA  FB                 	db	251
  1203                           
  1204                           ;Config register CONFIG6H @ 0x1FFFB
  1205                           ;	Watchdog Timer Enable
  1206                           ;	WDTEN = OFF, WDT disabled in hardware; SWDTEN bit disabled
  1207                           ;	Windowed Watchdog Timer Disable
  1208                           ;	WINDIS = WDTSTD, Standard WDT selected; windowed WDT disabled
  1209                           ;	WDT Prescaler
  1210                           ;	WPSA = 128, WDT prescaler ratio of 1:128
  1211   01FFFB                     	org	131067
  1212   01FFFB  FC                 	db	252
  1213                           
  1214                           ;Config register CONFIG7L @ 0x1FFFC
  1215                           ;	Retention Voltage Regulator Control Enable
  1216                           ;	RETEN = OFF, Retention not available
  1217                           ;	VBAT BOR Enable
  1218                           ;	VBTBOR = OFF, VBAT BOR is disabled
  1219                           ;	Deep Sleep BOR Enable
  1220                           ;	DSBOREN = ON, BOR enabled in Deep Sleep
  1221                           ;	DSEN Bit Enable bit
  1222                           ;	DSBITEN = ON, Deep Sleep is controlled by the register bit DSEN
  1223   01FFFC                     	org	131068
  1224   01FFFC  19                 	db	25
  1225                           
  1226                           ;Config register CONFIG7H @ 0x1FFFD
  1227                           ;	unspecified, using default values
  1228   01FFFD                     	org	131069
  1229   01FFFD  F0                 	db	240
  1230                           
  1231                           ;Config register CONFIG8L @ 0x1FFFE
  1232                           ;	Deep Sleep Watchdog Timer Postscale Select
  1233                           ;	DSWDTPS = DSWDTPS1F, 1:68719476736 (25.7 Days)
  1234   01FFFE                     	org	131070
  1235   01FFFE  F8                 	db	248
  1236                           
  1237                           ;Config register CONFIG8H @ 0x1FFFF
  1238                           ;	Deep Sleep Watchdog Timer Enable
  1239                           ;	DSWDTEN = ON, DSWDT Enabled
  1240                           ;	DSWDT Reference Clock Select
  1241                           ;	DSWDTOSC = LPRC, DSWDT uses LPRC as reference clock
  1242   01FFFF                     	org	131071
  1243   01FFFF  F3                 	db	243
  1244                           tosu	equ	0xFFF
  1245                           tosh	equ	0xFFE
  1246                           tosl	equ	0xFFD
  1247                           stkptr	equ	0xFFC
  1248                           pclatu	equ	0xFFB
  1249                           pclath	equ	0xFFA
  1250                           pcl	equ	0xFF9
  1251                           tblptru	equ	0xFF8
  1252                           tblptrh	equ	0xFF7
  1253                           tblptrl	equ	0xFF6
  1254                           tablat	equ	0xFF5
  1255                           prodh	equ	0xFF4
  1256                           prodl	equ	0xFF3
  1257                           indf0	equ	0xFEF
  1258                           postinc0	equ	0xFEE
  1259                           postdec0	equ	0xFED
  1260                           preinc0	equ	0xFEC
  1261                           plusw0	equ	0xFEB
  1262                           fsr0h	equ	0xFEA
  1263                           fsr0l	equ	0xFE9
  1264                           wreg	equ	0xFE8
  1265                           indf1	equ	0xFE7
  1266                           postinc1	equ	0xFE6
  1267                           postdec1	equ	0xFE5
  1268                           preinc1	equ	0xFE4
  1269                           plusw1	equ	0xFE3
  1270                           fsr1h	equ	0xFE2
  1271                           fsr1l	equ	0xFE1
  1272                           bsr	equ	0xFE0
  1273                           indf2	equ	0xFDF
  1274                           postinc2	equ	0xFDE
  1275                           postdec2	equ	0xFDD
  1276                           preinc2	equ	0xFDC
  1277                           plusw2	equ	0xFDB
  1278                           fsr2h	equ	0xFDA
  1279                           fsr2l	equ	0xFD9
  1280                           status	equ	0xFD8

Data Sizes:
    Strings     0
    Constant    0
    Data        0
    BSS         10
    Persistent  0
    Stack       0

Auto Spaces:
    Space          Size  Autos    Used
    COMRAM           95      3      13
    BANK0           160      0       0
    BANK1           256      0       0
    BANK2           256      0       0
    BANK3           256      0       0
    BANK4           256      0       0
    BANK5           256      0       0
    BANK6           256      0       0
    BANK7           256      0       0
    BANK8           256      0       0
    BANK9           256      0       0
    BANK10          256      0       0
    BANK11          256      0       0
    BANK12          256      0       0
    BANK13          250      0       0

Pointer List with Targets:

    RS485_2_ReceiveString@buffer	PTR unsigned char  size(1) Largest target is 10
		 -> r(COMRAM[10]), 


Critical Paths under _main in COMRAM

    _main->_RS485_2_ReceiveString

Critical Paths under _main in BANK0

    None.

Critical Paths under _main in BANK1

    None.

Critical Paths under _main in BANK2

    None.

Critical Paths under _main in BANK3

    None.

Critical Paths under _main in BANK4

    None.

Critical Paths under _main in BANK5

    None.

Critical Paths under _main in BANK6

    None.

Critical Paths under _main in BANK7

    None.

Critical Paths under _main in BANK8

    None.

Critical Paths under _main in BANK9

    None.

Critical Paths under _main in BANK10

    None.

Critical Paths under _main in BANK11

    None.

Critical Paths under _main in BANK12

    None.

Critical Paths under _main in BANK13

    None.

Call Graph Tables:

 ---------------------------------------------------------------------------------
 (Depth) Function   	        Calls       Base Space   Used Autos Params    Refs
 ---------------------------------------------------------------------------------
 (0) _main                                                 0     0      0      92
              _RS485_2_ReceiveString
                         _RS485_Init
                         _Spi_PinSet
 ---------------------------------------------------------------------------------
 (1) _Spi_PinSet                                           0     0      0       0
 ---------------------------------------------------------------------------------
 (1) _RS485_Init                                           0     0      0       0
 ---------------------------------------------------------------------------------
 (1) _RS485_2_ReceiveString                                3     1      2      92
                                              0 COMRAM     3     1      2
 ---------------------------------------------------------------------------------
 Estimated maximum stack depth 1
 ---------------------------------------------------------------------------------

 Call Graph Graphs:

 _main (ROOT)
   _RS485_2_ReceiveString
   _RS485_Init
   _Spi_PinSet

Address spaces:
Name               Size   Autos  Total    Usage
BIGRAM            3577      0       0      0.0%
BITBIGSFRh         257      0       0      0.0%
BITBANK12          256      0       0      0.0%
BANK12             256      0       0      0.0%
BITBANK11          256      0       0      0.0%
BANK11             256      0       0      0.0%
BITBANK10          256      0       0      0.0%
BANK10             256      0       0      0.0%
BITBANK9           256      0       0      0.0%
BANK9              256      0       0      0.0%
BITBANK8           256      0       0      0.0%
BANK8              256      0       0      0.0%
BITBANK7           256      0       0      0.0%
BANK7              256      0       0      0.0%
BITBANK6           256      0       0      0.0%
BANK6              256      0       0      0.0%
BITBANK5           256      0       0      0.0%
BANK5              256      0       0      0.0%
BITBANK4           256      0       0      0.0%
BANK4              256      0       0      0.0%
BITBANK3           256      0       0      0.0%
BANK3              256      0       0      0.0%
BITBANK2           256      0       0      0.0%
BANK2              256      0       0      0.0%
BITBANK1           256      0       0      0.0%
BANK1              256      0       0      0.0%
BITBANK13          250      0       0      0.0%
BANK13             250      0       0      0.0%
BITBIGSFRlh        207      0       0      0.0%
BITBANK0           160      0       0      0.0%
BANK0              160      0       0      0.0%
BITCOMRAM           95      0       0      0.0%
COMRAM              95      3      13     13.7%
BITBIGSFRllll       24      0       0      0.0%
BITBIGSFRlllh       15      0       0      0.0%
BITBIGSFRllh        10      0       0      0.0%
STACK                0      0       0      0.0%
DATA                 0      0      13      0.0%


Microchip Technology PIC18 Macro Assembler V3.00 build 20241204225717 
Symbol Table                                                                                   Wed Aug 06 15:23:59 2025

                            _r 0001                             l60 10AE                             l81 1050  
                           l57 1088                             l82 1052                             l77 100E  
                           l79 101C                             l87 10C4                             l88 10C4  
                           u70 101C                             u71 1018                             u80 102C  
                           u81 1028                             u90 1050                             u91 104C  
                          l830 103E                            l822 1002                            l824 102C  
                          l832 10B0                            l826 1030                            l770 1074  
                          l834 10B8                            l828 103C                            l780 1098  
                          l772 1076                            l790 10A6                            l782 109C  
                          l774 1078                            l766 1054                            l792 10A8  
                          l784 10A0                            l776 1086                            l768 1064  
                          l786 10A2                            l778 108A                            l788 10A4  
                          wreg 0FE8                     _TXSTA3bits 0F2E                     _TXSTA4bits 0EFE  
                  ?_RS485_Init 000B                           _main 10B0                           fsr2h 0FDA  
                         indf2 0FDF                           fsr2l 0FD9                           start FFEC  
                 ___param_bank 0000                   _BAUDCON3bits 0F2D                   _BAUDCON4bits 0EFD  
                        ?_main 000B                          status 0FD8                __initialization 10CC  
                 __end_of_main 10CC                         ??_main 000E                  __activetblptr 0000  
                       _ANCON1 0E47                         _ANCON2 0E46                         _ANCON3 0E45  
                       _RCREG3 0F2A                         _SPBRG3 0F2B                         _SPBRG4 0EFB  
__end_of_RS485_2_ReceiveString 1054                         _TXREG4 0EF9                     _Spi_PinSet 1054  
                       clear_0 10D2                         isa$std 0001                   __mediumconst 1000  
                   __accesstop 0060        __end_of__initialization 10D8                  ___rparam_used 0001  
               __pcstackCOMRAM 000B                   ??_RS485_Init 000B                    ?_Spi_PinSet 000B  
           __end_of_RS485_Init 10B0         RS485_2_ReceiveString@i 000D                        __Hparam 0000  
                      __Lparam 0000                   __psmallconst 1000                        __pcinit 10CC  
                      __ramtop 1000                        __ptext0 10B0                        __ptext1 1054  
                      __ptext2 108A                        __ptext3 1002           end_of_initialization 10D8  
                      postinc0 0FEE                      _TRISAbits 0F92                      _TRISEbits 0F96  
                    _TRISFbits 0F97                      _TRISLbits 0EE6          _RS485_2_ReceiveString 1002  
          start_initialization 10CC       RS485_2_ReceiveString@len 000C                   ??_Spi_PinSet 000B  
                  __pbssCOMRAM 0001             __end_of_Spi_PinSet 108A                  _RPOR32_33bits 0E22  
       ?_RS485_2_ReceiveString 000B                    __smallconst 1000                       _LATEbits 0F8D  
                     _LATLbits 0EE5                       _PIR6bits 0FA6                       __Hrparam 0000  
                     __Lrparam 0000                   _RPINR4_5bits 0E2C                   _RPINR6_7bits 0E2D  
                  _OSCCON2bits 0F66                       isa$xinst 0000    RS485_2_ReceiveString@buffer 000B  
                   _RS485_Init 108A        ??_RS485_2_ReceiveString 000D                     _RCSTA3bits 0F2F  
                   _RCSTA4bits 0EFF                    _RPOR0_1bits 0E12  
