

Microchip MPLAB XC8 Assembler V3.00 build 20241204225717 
                                                                                               Wed Aug 13 17:51:00 2025

Microchip MPLAB XC8 C Compiler v3.00 (Free license) build 20241204225717 Og1 
     1                           	processor	18F97J94
     2                           	fnconf	rparam,??,?,0
     3                           	pagewidth 120
     4                           	opt	flic
     5                           	psect	cinit,global,reloc=2,class=CODE,space=0,delta=1
     6                           	psect	cstackCOMRAM,global,class=COMRAM,space=1,delta=1,lowdata,noexec
     7                           	psect	text0,global,reloc=2,class=CODE,space=0,delta=1
     8                           	psect	text1,global,reloc=2,class=CODE,space=0,delta=1
     9                           	psect	text2,global,reloc=2,class=CODE,space=0,delta=1
    10                           	psect	smallconst,global,reloc=2,class=SMALLCONST,space=0,delta=1,noexec
    11                           	psect	intsave_regs,global,class=BIGRAM,space=1,delta=1,noexec
    12                           	psect	rparam,global,class=COMRAM,space=1,delta=1,noexec
    13                           	psect	config,global,abs,ovrld,class=CONFIG,space=4,delta=1,noexec
    14   000000                     
    15                           ; Generated 17/08/2023 GMT
    16                           ; 
    17                           ; Copyright © 2023, Microchip Technology Inc. and its subsidiaries ("Microchip")
    18                           ; All rights reserved.
    19                           ; 
    20                           ; This software is developed by Microchip Technology Inc. and its subsidiaries ("Microch
      +                          ip").
    21                           ; 
    22                           ; Redistribution and use in source and binary forms, with or without modification, are
    23                           ; permitted provided that the following conditions are met:
    24                           ; 
    25                           ;     1. Redistributions of source code must retain the above copyright notice, this lis
      +                          t of
    26                           ;        conditions and the following disclaimer.
    27                           ; 
    28                           ;     2. Redistributions in binary form must reproduce the above copyright notice, this 
      +                          list
    29                           ;        of conditions and the following disclaimer in the documentation and/or other
    30                           ;        materials provided with the distribution. Publication is not required when
    31                           ;        this file is used in an embedded application.
    32                           ; 
    33                           ;     3. Microchip's name may not be used to endorse or promote products derived from th
      +                          is
    34                           ;        software without specific prior written permission.
    35                           ; 
    36                           ; THIS SOFTWARE IS PROVIDED BY MICROCHIP "AS IS" AND ANY EXPRESS OR IMPLIED WARRANTIES,
    37                           ; INCLUDING, BUT NOT LIMITED TO, THE IMPLIED WARRANTIES OF MERCHANTABILITY AND FITNESS F
      +                          OR
    38                           ; PURPOSE ARE DISCLAIMED.  IN NO EVENT SHALL MICROCHIP BE LIABLE FOR ANY DIRECT, INDIREC
      +                          T,
    39                           ; INCIDENTAL, SPECIAL, EXEMPLARY, OR CONSEQUENTIAL DAMAGES (INCLUDING BUT NOT LIMITED TO
    40                           ; PROCUREMENT OF SUBSTITUTE GOODS OR SERVICES; LOSS OF USE, DATA OR PROFITS; OR BUSINESS
    41                           ; INTERRUPTION) HOWSOEVER CAUSED AND ON ANY THEORY OF LIABILITY, WHETHER IN CONTRACT, ST
      +                          RICT
    42                           ; LIABILITY, OR TORT (INCLUDING NEGLIGENCE OR OTHERWISE) ARISING IN ANY WAY OUT OF THE U
      +                          SE OF
    43                           ; THIS SOFTWARE, EVEN IF ADVISED OF THE POSSIBILITY OF SUCH DAMAGE.
    44                           ; 
    45                           ; 
    46                           ; Code-generator required, PIC18F97J94 Definitions
    47                           ; 
    48                           ; SFR Addresses
    49   000FE0                     bsr             equ	4064
    50   000FE9                     fsr0            equ	4073
    51   000FEA                     fsr0h           equ	4074
    52   000FE9                     fsr0l           equ	4073
    53   000FE1                     fsr1            equ	4065
    54   000FE2                     fsr1h           equ	4066
    55   000FE1                     fsr1l           equ	4065
    56   000FD9                     fsr2            equ	4057
    57   000FDA                     fsr2h           equ	4058
    58   000FD9                     fsr2l           equ	4057
    59   000FEF                     indf0           equ	4079
    60   000FE7                     indf1           equ	4071
    61   000FDF                     indf2           equ	4063
    62   000FF2                     intcon          equ	4082
    63   000000                     nvmcon          equ	0
    64   000FF9                     pcl             equ	4089
    65   000FFA                     pclath          equ	4090
    66   000FFB                     pclatu          equ	4091
    67   000FEB                     plusw0          equ	4075
    68   000FE3                     plusw1          equ	4067
    69   000FDB                     plusw2          equ	4059
    70   000FED                     postdec0        equ	4077
    71   000FE5                     postdec1        equ	4069
    72   000FDD                     postdec2        equ	4061
    73   000FEE                     postinc0        equ	4078
    74   000FE6                     postinc1        equ	4070
    75   000FDE                     postinc2        equ	4062
    76   000FEC                     preinc0         equ	4076
    77   000FE4                     preinc1         equ	4068
    78   000FDC                     preinc2         equ	4060
    79   000FF3                     prod            equ	4083
    80   000FF4                     prodh           equ	4084
    81   000FF3                     prodl           equ	4083
    82   000FD8                     status          equ	4056
    83   000FF5                     tablat          equ	4085
    84   000FF6                     tblptr          equ	4086
    85   000FF7                     tblptrh         equ	4087
    86   000FF6                     tblptrl         equ	4086
    87   000FF8                     tblptru         equ	4088
    88   000FFD                     tosl            equ	4093
    89   000FE8                     wreg            equ	4072
    90   000DFF                     UEP0            equ	3583	;# 
    91   000E00                     UEP1            equ	3584	;# 
    92   000E01                     UEP2            equ	3585	;# 
    93   000E02                     UEP3            equ	3586	;# 
    94   000E03                     UEP4            equ	3587	;# 
    95   000E04                     UEP5            equ	3588	;# 
    96   000E05                     UEP6            equ	3589	;# 
    97   000E06                     UEP7            equ	3590	;# 
    98   000E07                     UEP8            equ	3591	;# 
    99   000E08                     UEP9            equ	3592	;# 
   100   000E09                     UEP10           equ	3593	;# 
   101   000E0A                     UEP11           equ	3594	;# 
   102   000E0B                     UEP12           equ	3595	;# 
   103   000E0C                     UEP13           equ	3596	;# 
   104   000E0D                     UEP14           equ	3597	;# 
   105   000E0E                     UEP15           equ	3598	;# 
   106   000E0F                     UEIE            equ	3599	;# 
   107   000E10                     UIE             equ	3600	;# 
   108   000E11                     UCFG            equ	3601	;# 
   109   000E12                     RPOR0_1         equ	3602	;# 
   110   000E13                     RPOR2_3         equ	3603	;# 
   111   000E14                     RPOR4_5         equ	3604	;# 
   112   000E15                     RPOR6_7         equ	3605	;# 
   113   000E16                     RPOR8_9         equ	3606	;# 
   114   000E17                     RPOR10_11       equ	3607	;# 
   115   000E18                     RPOR12_13       equ	3608	;# 
   116   000E19                     RPOR14_15       equ	3609	;# 
   117   000E1A                     RPOR16_17       equ	3610	;# 
   118   000E1B                     RPOR18_19       equ	3611	;# 
   119   000E1C                     RPOR20_21       equ	3612	;# 
   120   000E1D                     RPOR22_23       equ	3613	;# 
   121   000E1E                     RPOR24_25       equ	3614	;# 
   122   000E1F                     RPOR26_27       equ	3615	;# 
   123   000E20                     RPOR28_29       equ	3616	;# 
   124   000E21                     RPOR30_31       equ	3617	;# 
   125   000E22                     RPOR32_33       equ	3618	;# 
   126   000E23                     RPOR34_35       equ	3619	;# 
   127   000E24                     RPOR36_37       equ	3620	;# 
   128   000E25                     RPOR38_39       equ	3621	;# 
   129   000E26                     RPOR40_41       equ	3622	;# 
   130   000E27                     RPOR42_43       equ	3623	;# 
   131   000E28                     RPOR44_45       equ	3624	;# 
   132   000E29                     RPOR46          equ	3625	;# 
   133   000E2A                     RPINR0_1        equ	3626	;# 
   134   000E2B                     RPINR2_3        equ	3627	;# 
   135   000E2C                     RPINR4_5        equ	3628	;# 
   136   000E2D                     RPINR6_7        equ	3629	;# 
   137   000E2E                     RPINR8_9        equ	3630	;# 
   138   000E2F                     RPINR10_11      equ	3631	;# 
   139   000E30                     RPINR12_13      equ	3632	;# 
   140   000E31                     RPINR14_15      equ	3633	;# 
   141   000E32                     RPINR16_17      equ	3634	;# 
   142   000E33                     RPINR18_19      equ	3635	;# 
   143   000E34                     RPINR20_21      equ	3636	;# 
   144   000E35                     RPINR22_23      equ	3637	;# 
   145   000E36                     RPINR24_25      equ	3638	;# 
   146   000E37                     RPINR26_27      equ	3639	;# 
   147   000E38                     RPINR28_29      equ	3640	;# 
   148   000E39                     RPINR30_31      equ	3641	;# 
   149   000E3A                     RPINR32_33      equ	3642	;# 
   150   000E3B                     RPINR34_35      equ	3643	;# 
   151   000E3C                     RPINR36_37      equ	3644	;# 
   152   000E3D                     RPINR38_39      equ	3645	;# 
   153   000E3E                     RPINR40_41      equ	3646	;# 
   154   000E3F                     RPINR42_43      equ	3647	;# 
   155   000E40                     RPINR44_45      equ	3648	;# 
   156   000E41                     RPINR46_47      equ	3649	;# 
   157   000E42                     RPINR48_49      equ	3650	;# 
   158   000E43                     RPINR50_51      equ	3651	;# 
   159   000E44                     RPINR52_53      equ	3652	;# 
   160   000E45                     ANCON3          equ	3653	;# 
   161   000E46                     ANCON2          equ	3654	;# 
   162   000E47                     ANCON1          equ	3655	;# 
   163   000E48                     ADCBUF1         equ	3656	;# 
   164   000E48                     ADCBUF1L        equ	3656	;# 
   165   000E49                     ADCBUF1H        equ	3657	;# 
   166   000E4A                     ADCBUF2         equ	3658	;# 
   167   000E4A                     ADCBUF2L        equ	3658	;# 
   168   000E4B                     ADCBUF2H        equ	3659	;# 
   169   000E4C                     ADCBUF3         equ	3660	;# 
   170   000E4C                     ADCBUF3L        equ	3660	;# 
   171   000E4D                     ADCBUF3H        equ	3661	;# 
   172   000E4E                     ADCBUF4         equ	3662	;# 
   173   000E4E                     ADCBUF4L        equ	3662	;# 
   174   000E4F                     ADCBUF4H        equ	3663	;# 
   175   000E50                     ADCBUF5         equ	3664	;# 
   176   000E50                     ADCBUF5L        equ	3664	;# 
   177   000E51                     ADCBUF5H        equ	3665	;# 
   178   000E52                     ADCBUF6         equ	3666	;# 
   179   000E52                     ADCBUF6L        equ	3666	;# 
   180   000E53                     ADCBUF6H        equ	3667	;# 
   181   000E54                     ADCBUF7         equ	3668	;# 
   182   000E54                     ADCBUF7L        equ	3668	;# 
   183   000E55                     ADCBUF7H        equ	3669	;# 
   184   000E56                     ADCBUF8         equ	3670	;# 
   185   000E56                     ADCBUF8L        equ	3670	;# 
   186   000E57                     ADCBUF8H        equ	3671	;# 
   187   000E58                     ADCBUF9         equ	3672	;# 
   188   000E58                     ADCBUF9L        equ	3672	;# 
   189   000E59                     ADCBUF9H        equ	3673	;# 
   190   000E5A                     ADCBUF10        equ	3674	;# 
   191   000E5A                     ADCBUF10L       equ	3674	;# 
   192   000E5B                     ADCBUF10H       equ	3675	;# 
   193   000E5C                     ADCBUF11        equ	3676	;# 
   194   000E5C                     ADCBUF11L       equ	3676	;# 
   195   000E5D                     ADCBUF11H       equ	3677	;# 
   196   000E5E                     ADCBUF12        equ	3678	;# 
   197   000E5E                     ADCBUF12L       equ	3678	;# 
   198   000E5F                     ADCBUF12H       equ	3679	;# 
   199   000E60                     ADCBUF13        equ	3680	;# 
   200   000E60                     ADCBUF13L       equ	3680	;# 
   201   000E61                     ADCBUF13H       equ	3681	;# 
   202   000E62                     ADCBUF14        equ	3682	;# 
   203   000E62                     ADCBUF14L       equ	3682	;# 
   204   000E63                     ADCBUF14H       equ	3683	;# 
   205   000E64                     ADCBUF15        equ	3684	;# 
   206   000E64                     ADCBUF15L       equ	3684	;# 
   207   000E65                     ADCBUF15H       equ	3685	;# 
   208   000E66                     ADCBUF16        equ	3686	;# 
   209   000E66                     ADCBUF16L       equ	3686	;# 
   210   000E67                     ADCBUF16H       equ	3687	;# 
   211   000E68                     ADCBUF17        equ	3688	;# 
   212   000E68                     ADCBUF17L       equ	3688	;# 
   213   000E69                     ADCBUF17H       equ	3689	;# 
   214   000E6A                     ADCBUF18        equ	3690	;# 
   215   000E6A                     ADCBUF18L       equ	3690	;# 
   216   000E6B                     ADCBUF18H       equ	3691	;# 
   217   000E6C                     ADCBUF19        equ	3692	;# 
   218   000E6C                     ADCBUF19L       equ	3692	;# 
   219   000E6D                     ADCBUF19H       equ	3693	;# 
   220   000E6E                     ADCBUF20        equ	3694	;# 
   221   000E6E                     ADCBUF20L       equ	3694	;# 
   222   000E6F                     ADCBUF20H       equ	3695	;# 
   223   000E70                     ADCBUF21        equ	3696	;# 
   224   000E70                     ADCBUF21L       equ	3696	;# 
   225   000E71                     ADCBUF21H       equ	3697	;# 
   226   000E72                     ADCBUF22        equ	3698	;# 
   227   000E72                     ADCBUF22L       equ	3698	;# 
   228   000E73                     ADCBUF22H       equ	3699	;# 
   229   000E74                     ADCBUF23        equ	3700	;# 
   230   000E74                     ADCBUF23L       equ	3700	;# 
   231   000E75                     ADCBUF23H       equ	3701	;# 
   232   000E76                     ADCBUF24        equ	3702	;# 
   233   000E76                     ADCBUF24L       equ	3702	;# 
   234   000E77                     ADCBUF24H       equ	3703	;# 
   235   000E78                     ADCBUF25        equ	3704	;# 
   236   000E78                     ADCBUF25L       equ	3704	;# 
   237   000E79                     ADCBUF25H       equ	3705	;# 
   238   000E7A                     ADCTMUEN0L      equ	3706	;# 
   239   000E7B                     ADCTMUEN0H      equ	3707	;# 
   240   000E7C                     ADCTMUEN1L      equ	3708	;# 
   241   000E7D                     ADCTMUEN1H      equ	3709	;# 
   242   000E7E                     ADCHIT0L        equ	3710	;# 
   243   000E7F                     ADCHIT0H        equ	3711	;# 
   244   000E80                     ADCHIT1L        equ	3712	;# 
   245   000E81                     ADCHIT1H        equ	3713	;# 
   246   000E82                     ADCSS0L         equ	3714	;# 
   247   000E83                     ADCSS0H         equ	3715	;# 
   248   000E84                     ADCSS1L         equ	3716	;# 
   249   000E85                     ADCSS1H         equ	3717	;# 
   250   000E86                     ADCHS0L         equ	3718	;# 
   251   000E87                     ADCHS0H         equ	3719	;# 
   252   000E88                     ADCON5L         equ	3720	;# 
   253   000E89                     ADCON5H         equ	3721	;# 
   254   000E8A                     ADCON3L         equ	3722	;# 
   255   000E8B                     ADCON3H         equ	3723	;# 
   256   000E8C                     ADCON2L         equ	3724	;# 
   257   000E8D                     ADCON2H         equ	3725	;# 
   258   000E8E                     LCDDATA0        equ	3726	;# 
   259   000E8F                     LCDDATA1        equ	3727	;# 
   260   000E90                     LCDDATA2        equ	3728	;# 
   261   000E91                     LCDDATA3        equ	3729	;# 
   262   000E92                     LCDDATA4        equ	3730	;# 
   263   000E93                     LCDDATA5        equ	3731	;# 
   264   000E94                     LCDDATA6        equ	3732	;# 
   265   000E95                     LCDDATA7        equ	3733	;# 
   266   000E96                     LCDDATA8        equ	3734	;# 
   267   000E97                     LCDDATA9        equ	3735	;# 
   268   000E98                     LCDDATA10       equ	3736	;# 
   269   000E99                     LCDDATA11       equ	3737	;# 
   270   000E9A                     LCDDATA12       equ	3738	;# 
   271   000E9B                     LCDDATA13       equ	3739	;# 
   272   000E9C                     LCDDATA14       equ	3740	;# 
   273   000E9D                     LCDDATA15       equ	3741	;# 
   274   000E9E                     LCDDATA16       equ	3742	;# 
   275   000E9F                     LCDDATA17       equ	3743	;# 
   276   000EA0                     LCDDATA18       equ	3744	;# 
   277   000EA1                     LCDDATA19       equ	3745	;# 
   278   000EA2                     LCDDATA20       equ	3746	;# 
   279   000EA3                     LCDDATA21       equ	3747	;# 
   280   000EA4                     LCDDATA22       equ	3748	;# 
   281   000EA5                     LCDDATA23       equ	3749	;# 
   282   000EA6                     LCDDATA24       equ	3750	;# 
   283   000EA7                     LCDDATA25       equ	3751	;# 
   284   000EA8                     LCDDATA26       equ	3752	;# 
   285   000EA9                     LCDDATA27       equ	3753	;# 
   286   000EAA                     LCDDATA28       equ	3754	;# 
   287   000EAB                     LCDDATA29       equ	3755	;# 
   288   000EAC                     LCDDATA30       equ	3756	;# 
   289   000EAD                     LCDDATA31       equ	3757	;# 
   290   000EAE                     LCDDATA32       equ	3758	;# 
   291   000EAF                     LCDDATA33       equ	3759	;# 
   292   000EB0                     LCDDATA34       equ	3760	;# 
   293   000EB1                     LCDDATA35       equ	3761	;# 
   294   000EB2                     LCDDATA36       equ	3762	;# 
   295   000EB3                     LCDDATA37       equ	3763	;# 
   296   000EB4                     LCDDATA38       equ	3764	;# 
   297   000EB5                     LCDDATA39       equ	3765	;# 
   298   000EB6                     LCDDATA40       equ	3766	;# 
   299   000EB7                     LCDDATA41       equ	3767	;# 
   300   000EB8                     LCDDATA42       equ	3768	;# 
   301   000EB9                     LCDDATA43       equ	3769	;# 
   302   000EBA                     LCDDATA44       equ	3770	;# 
   303   000EBB                     LCDDATA45       equ	3771	;# 
   304   000EBC                     LCDDATA46       equ	3772	;# 
   305   000EBD                     LCDDATA47       equ	3773	;# 
   306   000EBE                     LCDDATA48       equ	3774	;# 
   307   000EBF                     LCDDATA49       equ	3775	;# 
   308   000EC0                     LCDDATA50       equ	3776	;# 
   309   000EC1                     LCDDATA51       equ	3777	;# 
   310   000EC2                     LCDDATA52       equ	3778	;# 
   311   000EC3                     LCDDATA53       equ	3779	;# 
   312   000EC4                     LCDDATA54       equ	3780	;# 
   313   000EC5                     LCDDATA55       equ	3781	;# 
   314   000EC6                     LCDDATA56       equ	3782	;# 
   315   000EC7                     LCDDATA57       equ	3783	;# 
   316   000EC8                     LCDDATA58       equ	3784	;# 
   317   000EC9                     LCDDATA59       equ	3785	;# 
   318   000ECA                     LCDDATA60       equ	3786	;# 
   319   000ECB                     LCDDATA61       equ	3787	;# 
   320   000ECC                     LCDDATA62       equ	3788	;# 
   321   000ECD                     LCDDATA63       equ	3789	;# 
   322   000ECE                     LCDSE0          equ	3790	;# 
   323   000ECF                     LCDSE1          equ	3791	;# 
   324   000ED0                     LCDSE2          equ	3792	;# 
   325   000ED1                     LCDSE3          equ	3793	;# 
   326   000ED2                     LCDSE4          equ	3794	;# 
   327   000ED3                     LCDSE5          equ	3795	;# 
   328   000ED4                     LCDSE6          equ	3796	;# 
   329   000ED5                     LCDSE7          equ	3797	;# 
   330   000ED6                     LCDRL           equ	3798	;# 
   331   000ED7                     LCDREF          equ	3799	;# 
   332   000ED8                     LCDREG          equ	3800	;# 
   333   000ED9                     LCDCON          equ	3801	;# 
   334   000EDA                     LCDPS           equ	3802	;# 
   335   000EDB                     REFO2CON3       equ	3803	;# 
   336   000EDC                     REFO2CON2       equ	3804	;# 
   337   000EDD                     REFO2CON1       equ	3805	;# 
   338   000EDE                     REFO2CON        equ	3806	;# 
   339   000EDF                     REFO1CON3       equ	3807	;# 
   340   000EE0                     REFO1CON2       equ	3808	;# 
   341   000EE1                     REFO1CON1       equ	3809	;# 
   342   000EE2                     REFO1CON        equ	3810	;# 
   343   000EE3                     MEMCON          equ	3811	;# 
   344   000EE4                     PORTL           equ	3812	;# 
   345   000EE5                     LATL            equ	3813	;# 
   346   000EE6                     TRISL           equ	3814	;# 
   347   000EE7                     PORTK           equ	3815	;# 
   348   000EE8                     LATK            equ	3816	;# 
   349   000EE9                     TRISK           equ	3817	;# 
   350   000EEA                     ODCON2          equ	3818	;# 
   351   000EEB                     ODCON1          equ	3819	;# 
   352   000EEC                     MDCARL          equ	3820	;# 
   353   000EED                     MDCARH          equ	3821	;# 
   354   000EEE                     MDSRC           equ	3822	;# 
   355   000EEF                     MDCON           equ	3823	;# 
   356   000EF0                     PMD4            equ	3824	;# 
   357   000EF1                     PMD3            equ	3825	;# 
   358   000EF2                     PMD2            equ	3826	;# 
   359   000EF3                     PMD1            equ	3827	;# 
   360   000EF4                     PMD0            equ	3828	;# 
   361   000EF5                     CTMUCON4        equ	3829	;# 
   362   000EF6                     CTMUCON3        equ	3830	;# 
   363   000EF7                     CTMUCON2        equ	3831	;# 
   364   000EF8                     CTMUCON1        equ	3832	;# 
   365   000EF9                     TXREG4          equ	3833	;# 
   366   000EFA                     RCREG4          equ	3834	;# 
   367   000EFB                     SPBRG4          equ	3835	;# 
   368   000EFC                     SPBRGH4         equ	3836	;# 
   369   000EFD                     BAUDCON4        equ	3837	;# 
   370   000EFE                     TXSTA4          equ	3838	;# 
   371   000EFF                     RCSTA4          equ	3839	;# 
   372   000F00                     DMACON2         equ	3840	;# 
   373   000F01                     ANCFG           equ	3841	;# 
   374   000F02                     SSP2ADD         equ	3842	;# 
   375   000F03                     SSP2BUF         equ	3843	;# 
   376   000F04                     T4CON           equ	3844	;# 
   377   000F05                     PR4             equ	3845	;# 
   378   000F06                     TMR4            equ	3846	;# 
   379   000F07                     CCP7CON         equ	3847	;# 
   380   000F08                     CCPR7           equ	3848	;# 
   381   000F08                     CCPR7L          equ	3848	;# 
   382   000F09                     CCPR7H          equ	3849	;# 
   383   000F0A                     CCP6CON         equ	3850	;# 
   384   000F0B                     CCPR6           equ	3851	;# 
   385   000F0B                     CCPR6L          equ	3851	;# 
   386   000F0C                     CCPR6H          equ	3852	;# 
   387   000F0D                     CCP5CON         equ	3853	;# 
   388   000F0E                     CCPR5           equ	3854	;# 
   389   000F0E                     CCPR5L          equ	3854	;# 
   390   000F0F                     CCPR5H          equ	3855	;# 
   391   000F10                     CCP4CON         equ	3856	;# 
   392   000F11                     CCPR4           equ	3857	;# 
   393   000F11                     CCPR4L          equ	3857	;# 
   394   000F12                     CCPR4H          equ	3858	;# 
   395   000F13                     T5GCON          equ	3859	;# 
   396   000F14                     T5CON           equ	3860	;# 
   397   000F15                     TMR5            equ	3861	;# 
   398   000F15                     TMR5L           equ	3861	;# 
   399   000F16                     TMR5H           equ	3862	;# 
   400   000F17                     SSP2MSK         equ	3863	;# 
   401   000F18                     SSP2CON2        equ	3864	;# 
   402   000F19                     SSP2CON1        equ	3865	;# 
   403   000F1A                     SSP2STAT        equ	3866	;# 
   404   000F1B                     PSTR3CON        equ	3867	;# 
   405   000F1C                     PSTR2CON        equ	3868	;# 
   406   000F1D                     TXREG2          equ	3869	;# 
   407   000F1E                     RCREG2          equ	3870	;# 
   408   000F1F                     SPBRG2          equ	3871	;# 
   409   000F20                     SPBRGH2         equ	3872	;# 
   410   000F21                     DSGPR3          equ	3873	;# 
   411   000F22                     DSGPR2          equ	3874	;# 
   412   000F23                     DSGPR1          equ	3875	;# 
   413   000F24                     DSGPR0          equ	3876	;# 
   414   000F25                     DSWAKEH         equ	3877	;# 
   415   000F26                     DSWAKEL         equ	3878	;# 
   416   000F27                     DSCONH          equ	3879	;# 
   417   000F28                     DSCONL          equ	3880	;# 
   418   000F29                     TXREG3          equ	3881	;# 
   419   000F2A                     RCREG3          equ	3882	;# 
   420   000F2B                     SPBRG3          equ	3883	;# 
   421   000F2C                     SPBRGH3         equ	3884	;# 
   422   000F2D                     BAUDCON3        equ	3885	;# 
   423   000F2E                     TXSTA3          equ	3886	;# 
   424   000F2F                     RCSTA3          equ	3887	;# 
   425   000F30                     SPBRGH1         equ	3888	;# 
   426   000F30                     SPBRGH          equ	3888	;# 
   427   000F31                     BAUDCON2        equ	3889	;# 
   428   000F32                     TXSTA2          equ	3890	;# 
   429   000F33                     RCSTA2          equ	3891	;# 
   430   000F34                     CCPTMRS2        equ	3892	;# 
   431   000F35                     CCPTMRS1        equ	3893	;# 
   432   000F36                     CCPTMRS0        equ	3894	;# 
   433   000F37                     CM3CON          equ	3895	;# 
   434   000F38                     CM2CON          equ	3896	;# 
   435   000F39                     SSP2CON3        equ	3897	;# 
   436   000F3A                     T8CON           equ	3898	;# 
   437   000F3B                     PR8             equ	3899	;# 
   438   000F3C                     TMR8            equ	3900	;# 
   439   000F3D                     T6CON           equ	3901	;# 
   440   000F3E                     PR6             equ	3902	;# 
   441   000F3F                     TMR6            equ	3903	;# 
   442   000F40                     CCP10CON        equ	3904	;# 
   443   000F41                     CCPR10          equ	3905	;# 
   444   000F41                     CCPR10L         equ	3905	;# 
   445   000F42                     CCPR10H         equ	3906	;# 
   446   000F43                     CCP9CON         equ	3907	;# 
   447   000F44                     CCPR9           equ	3908	;# 
   448   000F44                     CCPR9L          equ	3908	;# 
   449   000F45                     CCPR9H          equ	3909	;# 
   450   000F46                     CCP8CON         equ	3910	;# 
   451   000F47                     CCPR8           equ	3911	;# 
   452   000F47                     CCPR8L          equ	3911	;# 
   453   000F48                     CCPR8H          equ	3912	;# 
   454   000F49                     CCP3CON         equ	3913	;# 
   455   000F4A                     CCPR3           equ	3914	;# 
   456   000F4A                     CCPR3L          equ	3914	;# 
   457   000F4B                     CCPR3H          equ	3915	;# 
   458   000F4C                     ECCP3DEL        equ	3916	;# 
   459   000F4D                     ECCP3AS         equ	3917	;# 
   460   000F4E                     CCP2CON         equ	3918	;# 
   461   000F4F                     CCPR2           equ	3919	;# 
   462   000F4F                     CCPR2L          equ	3919	;# 
   463   000F50                     CCPR2H          equ	3920	;# 
   464   000F51                     ECCP2DEL        equ	3921	;# 
   465   000F52                     ECCP2AS         equ	3922	;# 
   466   000F53                     CM1CON          equ	3923	;# 
   467   000F54                     PADCFG1         equ	3924	;# 
   468   000F55                     IOCN            equ	3925	;# 
   469   000F56                     IOCP            equ	3926	;# 
   470   000F57                     RTCCON2         equ	3927	;# 
   471   000F58                     ALRMVALL        equ	3928	;# 
   472   000F59                     ALRMVALH        equ	3929	;# 
   473   000F5A                     ALRMRPT         equ	3930	;# 
   474   000F5B                     ALRMCFG         equ	3931	;# 
   475   000F5C                     RTCVALL         equ	3932	;# 
   476   000F5D                     RTCVALH         equ	3933	;# 
   477   000F5E                     RTCCAL          equ	3934	;# 
   478   000F5F                     RTCCON1         equ	3935	;# 
   479   000F60                     DMACON1         equ	3936	;# 
   480   000F61                     PIE6            equ	3937	;# 
   481   000F62                     WPUB            equ	3938	;# 
   482   000F63                     ACTCON          equ	3939	;# 
   483   000F64                     OSCCON4         equ	3940	;# 
   484   000F65                     OSCCON3         equ	3941	;# 
   485   000F66                     OSCCON2         equ	3942	;# 
   486   000F67                     BAUDCON1        equ	3943	;# 
   487   000F67                     BAUDCON         equ	3943	;# 
   488   000F68                     SSP1MSK         equ	3944	;# 
   489   000F69                     SSP1CON3        equ	3945	;# 
   490   000F6A                     TXBUF           equ	3946	;# 
   491   000F6B                     DMABCH          equ	3947	;# 
   492   000F6C                     DMABCL          equ	3948	;# 
   493   000F6D                     RXADDRH         equ	3949	;# 
   494   000F6E                     RXADDRL         equ	3950	;# 
   495   000F6F                     TXADDRH         equ	3951	;# 
   496   000F70                     TXADDRL         equ	3952	;# 
   497   000F71                     PORTVP          equ	3953	;# 
   498   000F72                     LATVP           equ	3954	;# 
   499   000F73                     TRISVP          equ	3955	;# 
   500   000F74                     UADDR           equ	3956	;# 
   501   000F75                     UCON            equ	3957	;# 
   502   000F76                     USTAT           equ	3958	;# 
   503   000F77                     UEIR            equ	3959	;# 
   504   000F78                     UIR             equ	3960	;# 
   505   000F79                     UFRM            equ	3961	;# 
   506   000F79                     UFRMH           equ	3961	;# 
   507   000F7A                     UFRML           equ	3962	;# 
   508   000F7B                     RCON4           equ	3963	;# 
   509   000F7C                     RCON3           equ	3964	;# 
   510   000F7D                     RCON2           equ	3965	;# 
   511   000F7E                     EECON2          equ	3966	;# 
   512   000F7F                     EECON1          equ	3967	;# 
   513   000F80                     PORTA           equ	3968	;# 
   514   000F81                     PORTB           equ	3969	;# 
   515   000F82                     PORTC           equ	3970	;# 
   516   000F83                     PORTD           equ	3971	;# 
   517   000F84                     PORTE           equ	3972	;# 
   518   000F85                     PORTF           equ	3973	;# 
   519   000F86                     PORTG           equ	3974	;# 
   520   000F87                     PORTH           equ	3975	;# 
   521   000F88                     PORTJ           equ	3976	;# 
   522   000F89                     LATA            equ	3977	;# 
   523   000F8A                     LATB            equ	3978	;# 
   524   000F8B                     LATC            equ	3979	;# 
   525   000F8C                     LATD            equ	3980	;# 
   526   000F8D                     LATE            equ	3981	;# 
   527   000F8E                     LATF            equ	3982	;# 
   528   000F8F                     LATG            equ	3983	;# 
   529   000F90                     LATH            equ	3984	;# 
   530   000F91                     LATJ            equ	3985	;# 
   531   000F92                     TRISA           equ	3986	;# 
   532   000F93                     TRISB           equ	3987	;# 
   533   000F94                     TRISC           equ	3988	;# 
   534   000F95                     TRISD           equ	3989	;# 
   535   000F96                     TRISE           equ	3990	;# 
   536   000F97                     TRISF           equ	3991	;# 
   537   000F98                     TRISG           equ	3992	;# 
   538   000F99                     TRISH           equ	3993	;# 
   539   000F9A                     TRISJ           equ	3994	;# 
   540   000F9B                     OSCTUNE         equ	3995	;# 
   541   000F9C                     PSTR1CON        equ	3996	;# 
   542   000F9D                     PIE1            equ	3997	;# 
   543   000F9E                     PIR1            equ	3998	;# 
   544   000F9F                     IPR1            equ	3999	;# 
   545   000FA0                     PIE2            equ	4000	;# 
   546   000FA1                     PIR2            equ	4001	;# 
   547   000FA2                     IPR2            equ	4002	;# 
   548   000FA3                     PIE3            equ	4003	;# 
   549   000FA4                     PIR3            equ	4004	;# 
   550   000FA5                     IPR3            equ	4005	;# 
   551   000FA6                     PIR6            equ	4006	;# 
   552   000FA7                     PSPCON          equ	4007	;# 
   553   000FA8                     HLVDCON         equ	4008	;# 
   554   000FA9                     IPR6            equ	4009	;# 
   555   000FAA                     T1GCON          equ	4010	;# 
   556   000FAB                     RCSTA1          equ	4011	;# 
   557   000FAB                     RCSTA           equ	4011	;# 
   558   000FAC                     TXSTA1          equ	4012	;# 
   559   000FAC                     TXSTA           equ	4012	;# 
   560   000FAD                     TXREG1          equ	4013	;# 
   561   000FAD                     TXREG           equ	4013	;# 
   562   000FAE                     RCREG1          equ	4014	;# 
   563   000FAE                     RCREG           equ	4014	;# 
   564   000FAF                     SPBRG1          equ	4015	;# 
   565   000FAF                     SPBRG           equ	4015	;# 
   566   000FB0                     T3GCON          equ	4016	;# 
   567   000FB1                     T3CON           equ	4017	;# 
   568   000FB2                     TMR3            equ	4018	;# 
   569   000FB2                     TMR3L           equ	4018	;# 
   570   000FB3                     TMR3H           equ	4019	;# 
   571   000FB4                     PIE4            equ	4020	;# 
   572   000FB5                     PIR4            equ	4021	;# 
   573   000FB6                     IPR4            equ	4022	;# 
   574   000FB7                     PIE5            equ	4023	;# 
   575   000FB8                     PIR5            equ	4024	;# 
   576   000FB9                     CCP1CON         equ	4025	;# 
   577   000FBA                     CCPR1           equ	4026	;# 
   578   000FBA                     CCPR1L          equ	4026	;# 
   579   000FBB                     CCPR1H          equ	4027	;# 
   580   000FBC                     ECCP1DEL        equ	4028	;# 
   581   000FBD                     ECCP1AS         equ	4029	;# 
   582   000FBE                     CVRCONL         equ	4030	;# 
   583   000FBF                     CVRCONH         equ	4031	;# 
   584   000FC0                     ADCON1L         equ	4032	;# 
   585   000FC1                     ADCON1H         equ	4033	;# 
   586   000FC2                     ADCBUF0         equ	4034	;# 
   587   000FC2                     ADCBUF0L        equ	4034	;# 
   588   000FC3                     ADCBUF0H        equ	4035	;# 
   589   000FC4                     CMSTAT          equ	4036	;# 
   590   000FC5                     SSP1CON2        equ	4037	;# 
   591   000FC6                     SSP1CON1        equ	4038	;# 
   592   000FC7                     SSP1STAT        equ	4039	;# 
   593   000FC8                     SSP1ADD         equ	4040	;# 
   594   000FC9                     SSP1BUF         equ	4041	;# 
   595   000FCA                     T2CON           equ	4042	;# 
   596   000FCB                     PR2             equ	4043	;# 
   597   000FCC                     TMR2            equ	4044	;# 
   598   000FCD                     T1CON           equ	4045	;# 
   599   000FCE                     TMR1            equ	4046	;# 
   600   000FCE                     TMR1L           equ	4046	;# 
   601   000FCF                     TMR1H           equ	4047	;# 
   602   000FD0                     RCON            equ	4048	;# 
   603   000FD1                     IOCF            equ	4049	;# 
   604   000FD2                     IPR5            equ	4050	;# 
   605   000FD3                     OSCCON          equ	4051	;# 
   606   000FD5                     T0CON           equ	4053	;# 
   607   000FD6                     TMR0            equ	4054	;# 
   608   000FD6                     TMR0L           equ	4054	;# 
   609   000FD7                     TMR0H           equ	4055	;# 
   610   000FD8                     STATUS          equ	4056	;# 
   611   000FD9                     FSR2            equ	4057	;# 
   612   000FD9                     FSR2L           equ	4057	;# 
   613   000FDA                     FSR2H           equ	4058	;# 
   614   000FDB                     PLUSW2          equ	4059	;# 
   615   000FDC                     PREINC2         equ	4060	;# 
   616   000FDD                     POSTDEC2        equ	4061	;# 
   617   000FDE                     POSTINC2        equ	4062	;# 
   618   000FDF                     INDF2           equ	4063	;# 
   619   000FE0                     BSR             equ	4064	;# 
   620   000FE1                     FSR1            equ	4065	;# 
   621   000FE1                     FSR1L           equ	4065	;# 
   622   000FE2                     FSR1H           equ	4066	;# 
   623   000FE3                     PLUSW1          equ	4067	;# 
   624   000FE4                     PREINC1         equ	4068	;# 
   625   000FE5                     POSTDEC1        equ	4069	;# 
   626   000FE6                     POSTINC1        equ	4070	;# 
   627   000FE7                     INDF1           equ	4071	;# 
   628   000FE8                     WREG            equ	4072	;# 
   629   000FE9                     FSR0            equ	4073	;# 
   630   000FE9                     FSR0L           equ	4073	;# 
   631   000FEA                     FSR0H           equ	4074	;# 
   632   000FEB                     PLUSW0          equ	4075	;# 
   633   000FEC                     PREINC0         equ	4076	;# 
   634   000FED                     POSTDEC0        equ	4077	;# 
   635   000FEE                     POSTINC0        equ	4078	;# 
   636   000FEF                     INDF0           equ	4079	;# 
   637   000FF0                     INTCON3         equ	4080	;# 
   638   000FF1                     INTCON2         equ	4081	;# 
   639   000FF2                     INTCON          equ	4082	;# 
   640   000FF3                     PROD            equ	4083	;# 
   641   000FF3                     PRODL           equ	4083	;# 
   642   000FF4                     PRODH           equ	4084	;# 
   643   000FF5                     TABLAT          equ	4085	;# 
   644   000FF6                     TBLPTR          equ	4086	;# 
   645   000FF6                     TBLPTRL         equ	4086	;# 
   646   000FF7                     TBLPTRH         equ	4087	;# 
   647   000FF8                     TBLPTRU         equ	4088	;# 
   648   000FF9                     PCLAT           equ	4089	;# 
   649   000FF9                     PC              equ	4089	;# 
   650   000FF9                     PCL             equ	4089	;# 
   651   000FFA                     PCLATH          equ	4090	;# 
   652   000FFB                     PCLATU          equ	4091	;# 
   653   000FFC                     STKPTR          equ	4092	;# 
   654   000FFD                     TOS             equ	4093	;# 
   655   000FFD                     TOSL            equ	4093	;# 
   656   000FFE                     TOSH            equ	4094	;# 
   657   000FFF                     TOSU            equ	4095	;# 
   658   000F8C                     _LATDbits       set	3980
   659   000F95                     _TRISDbits      set	3989
   660                           
   661                           ; #config settings
   662                           
   663                           	psect	cinit
   664   001058                     __pcinit:
   665                           	callstack 0
   666   001058                     start_initialization:
   667                           	callstack 0
   668   001058                     __initialization:
   669                           	callstack 0
   670   001058                     end_of_initialization:
   671                           	callstack 0
   672   001058                     __end_of__initialization:
   673                           	callstack 0
   674   001058  0100               	movlb	0
   675   00105A  EF1D  F008         	goto	_main	;jump to C main() function
   676                           
   677                           	psect	cstackCOMRAM
   678   000001                     __pcstackCOMRAM:
   679                           	callstack 0
   680   000001                     ??_CoilA_Blink:
   681                           
   682                           ; 1 bytes @ 0x0
   683   000001                     	ds	2
   684   000003                     
   685                           ; 1 bytes @ 0x2
   686 ;;
   687 ;;Main: autosize = 0, tempsize = 0, incstack = 0, save=0
   688 ;;
   689 ;; *************** function _main *****************
   690 ;; Defined at:
   691 ;;		line 182 in file "STEPPER.c"
   692 ;; Parameters:    Size  Location     Type
   693 ;;		None
   694 ;; Auto vars:     Size  Location     Type
   695 ;;		None
   696 ;; Return value:  Size  Location     Type
   697 ;;                  1    wreg      void 
   698 ;; Registers used:
   699 ;;		wreg, cstack
   700 ;; Tracked objects:
   701 ;;		On entry : 0/0
   702 ;;		On exit  : 0/0
   703 ;;		Unchanged: 0/0
   704 ;; Data sizes:     COMRAM   BANK0   BANK1   BANK2   BANK3   BANK4   BANK5   BANK6   BANK7   BANK8   BANK9  BANK10  BANK1
      +1  BANK12  BANK13
   705 ;;      Params:         0       0       0       0       0       0       0       0       0       0       0       0       
      +0       0       0
   706 ;;      Locals:         0       0       0       0       0       0       0       0       0       0       0       0       
      +0       0       0
   707 ;;      Temps:          0       0       0       0       0       0       0       0       0       0       0       0       
      +0       0       0
   708 ;;      Totals:         0       0       0       0       0       0       0       0       0       0       0       0       
      +0       0       0
   709 ;;Total ram usage:        0 bytes
   710 ;; Hardware stack levels required when called: 1
   711 ;; This function calls:
   712 ;;		_CoilA_Blink
   713 ;;		_CoilA_Init
   714 ;; This function is called by:
   715 ;;		Startup code after reset
   716 ;; This function uses a non-reentrant model
   717 ;;
   718                           
   719                           	psect	text0
   720   00103A                     __ptext0:
   721                           	callstack 0
   722   00103A                     _main:
   723                           	callstack 30
   724   00103A                     
   725                           ;STEPPER.c: 183:     CoilA_Init();
   726   00103A  EC25  F008         	call	_CoilA_Init	;wreg free
   727   00103E                     l708:
   728                           
   729                           ;STEPPER.c: 186:         CoilA_Blink();
   730   00103E  EC01  F008         	call	_CoilA_Blink	;wreg free
   731   001042  EF1F  F008         	goto	l708
   732   001046  EFF6  F0FF         	goto	start
   733   00104A                     __end_of_main:
   734                           	callstack 0
   735                           
   736 ;; *************** function _CoilA_Init *****************
   737 ;; Defined at:
   738 ;;		line 157 in file "STEPPER.c"
   739 ;; Parameters:    Size  Location     Type
   740 ;;		None
   741 ;; Auto vars:     Size  Location     Type
   742 ;;		None
   743 ;; Return value:  Size  Location     Type
   744 ;;                  1    wreg      void 
   745 ;; Registers used:
   746 ;;		None
   747 ;; Tracked objects:
   748 ;;		On entry : 0/0
   749 ;;		On exit  : 0/0
   750 ;;		Unchanged: 0/0
   751 ;; Data sizes:     COMRAM   BANK0   BANK1   BANK2   BANK3   BANK4   BANK5   BANK6   BANK7   BANK8   BANK9  BANK10  BANK1
      +1  BANK12  BANK13
   752 ;;      Params:         0       0       0       0       0       0       0       0       0       0       0       0       
      +0       0       0
   753 ;;      Locals:         0       0       0       0       0       0       0       0       0       0       0       0       
      +0       0       0
   754 ;;      Temps:          0       0       0       0       0       0       0       0       0       0       0       0       
      +0       0       0
   755 ;;      Totals:         0       0       0       0       0       0       0       0       0       0       0       0       
      +0       0       0
   756 ;;Total ram usage:        0 bytes
   757 ;; Hardware stack levels used: 1
   758 ;; This function calls:
   759 ;;		Nothing
   760 ;; This function is called by:
   761 ;;		_main
   762 ;; This function uses a non-reentrant model
   763 ;;
   764                           
   765                           	psect	text1
   766   00104A                     __ptext1:
   767                           	callstack 0
   768   00104A                     _CoilA_Init:
   769                           	callstack 30
   770   00104A                     
   771                           ;STEPPER.c: 159:     TRISDbits.TRISD0 = 1;
   772   00104A  8095               	bsf	149,0,c	;volatile
   773                           
   774                           ;STEPPER.c: 160:     TRISDbits.TRISD1 = 1;
   775   00104C  8295               	bsf	149,1,c	;volatile
   776                           
   777                           ;STEPPER.c: 161:     TRISDbits.TRISD2 = 1;
   778   00104E  8495               	bsf	149,2,c	;volatile
   779                           
   780                           ;STEPPER.c: 164:     LATDbits.LATD0 = 1;
   781   001050  808C               	bsf	140,0,c	;volatile
   782                           
   783                           ;STEPPER.c: 165:     LATDbits.LATD1 = 1;
   784   001052  828C               	bsf	140,1,c	;volatile
   785                           
   786                           ;STEPPER.c: 166:     LATDbits.LATD2 = 1;
   787   001054  848C               	bsf	140,2,c	;volatile
   788   001056  0012               	return		;funcret
   789   001058                     __end_of_CoilA_Init:
   790                           	callstack 0
   791                           
   792 ;; *************** function _CoilA_Blink *****************
   793 ;; Defined at:
   794 ;;		line 169 in file "STEPPER.c"
   795 ;; Parameters:    Size  Location     Type
   796 ;;		None
   797 ;; Auto vars:     Size  Location     Type
   798 ;;		None
   799 ;; Return value:  Size  Location     Type
   800 ;;                  1    wreg      void 
   801 ;; Registers used:
   802 ;;		wreg
   803 ;; Tracked objects:
   804 ;;		On entry : 0/0
   805 ;;		On exit  : 0/0
   806 ;;		Unchanged: 0/0
   807 ;; Data sizes:     COMRAM   BANK0   BANK1   BANK2   BANK3   BANK4   BANK5   BANK6   BANK7   BANK8   BANK9  BANK10  BANK1
      +1  BANK12  BANK13
   808 ;;      Params:         0       0       0       0       0       0       0       0       0       0       0       0       
      +0       0       0
   809 ;;      Locals:         0       0       0       0       0       0       0       0       0       0       0       0       
      +0       0       0
   810 ;;      Temps:          2       0       0       0       0       0       0       0       0       0       0       0       
      +0       0       0
   811 ;;      Totals:         2       0       0       0       0       0       0       0       0       0       0       0       
      +0       0       0
   812 ;;Total ram usage:        2 bytes
   813 ;; Hardware stack levels used: 1
   814 ;; This function calls:
   815 ;;		Nothing
   816 ;; This function is called by:
   817 ;;		_main
   818 ;; This function uses a non-reentrant model
   819 ;;
   820                           
   821                           	psect	text2
   822   001002                     __ptext2:
   823                           	callstack 0
   824   001002                     _CoilA_Blink:
   825                           	callstack 30
   826   001002                     
   827                           ;STEPPER.c: 171:     LATDbits.LATD0 = 1;
   828   001002  808C               	bsf	140,0,c	;volatile
   829                           
   830                           ;STEPPER.c: 172:     LATDbits.LATD1 = 1;
   831   001004  828C               	bsf	140,1,c	;volatile
   832                           
   833                           ;STEPPER.c: 173:     LATDbits.LATD2 = 1;
   834   001006  848C               	bsf	140,2,c	;volatile
   835   001008                     
   836                           ;STEPPER.c: 174:     _delay((unsigned long)((500)*(16000000UL/4000.0)));
   837   001008  0E0B               	movlw	11
   838   00100A  6E02               	movwf	(??_CoilA_Blink+1)^0,c
   839   00100C  0E26               	movlw	38
   840   00100E  6E01               	movwf	??_CoilA_Blink^0,c
   841   001010  0E5E               	movlw	94
   842   001012                     u17:
   843   001012  2EE8               	decfsz	wreg,f,c
   844   001014  D7FE               	bra	u17
   845   001016  2E01               	decfsz	??_CoilA_Blink^0,f,c
   846   001018  D7FC               	bra	u17
   847   00101A  2E02               	decfsz	(??_CoilA_Blink+1)^0,f,c
   848   00101C  D7FA               	bra	u17
   849   00101E                     
   850                           ;STEPPER.c: 177:     LATDbits.LATD0 = 0;
   851   00101E  908C               	bcf	140,0,c	;volatile
   852   001020                     
   853                           ;STEPPER.c: 178:     LATDbits.LATD1 = 0;
   854   001020  928C               	bcf	140,1,c	;volatile
   855                           
   856                           ;STEPPER.c: 179:     _delay((unsigned long)((500)*(16000000UL/4000.0)));
   857   001022  0E0B               	movlw	11
   858   001024  6E02               	movwf	(??_CoilA_Blink+1)^0,c
   859   001026  0E26               	movlw	38
   860   001028  6E01               	movwf	??_CoilA_Blink^0,c
   861   00102A  0E5E               	movlw	94
   862   00102C                     u27:
   863   00102C  2EE8               	decfsz	wreg,f,c
   864   00102E  D7FE               	bra	u27
   865   001030  2E01               	decfsz	??_CoilA_Blink^0,f,c
   866   001032  D7FC               	bra	u27
   867   001034  2E02               	decfsz	(??_CoilA_Blink+1)^0,f,c
   868   001036  D7FA               	bra	u27
   869   001038  0012               	return		;funcret
   870   00103A                     __end_of_CoilA_Blink:
   871                           	callstack 0
   872                           
   873                           	psect	smallconst
   874   001000                     __psmallconst:
   875                           	callstack 0
   876   001000  00                 	db	0
   877   001001  00                 	db	0	; dummy byte at the end
   878   001000                     __smallconst    set	__psmallconst
   879   001000                     __mediumconst   set	__psmallconst
   880   000000                     __activetblptr  equ	0
   881                           
   882                           	psect	rparam
   883   000001                     ___rparam_used  equ	1
   884   000000                     ___param_bank   equ	0
   885   000000                     __Lparam        equ	__Lrparam
   886   000000                     __Hparam        equ	__Hrparam
   887                           
   888                           	psect	config
   889                           
   890                           ;Config register CONFIG1L @ 0x1FFF0
   891                           ;	Stack Overflow/Underflow Reset
   892                           ;	STVREN = OFF, Disabled
   893                           ;	Extended Instruction Set
   894                           ;	XINST = OFF, Disabled
   895   01FFF0                     	org	131056
   896   01FFF0  80                 	db	128
   897                           
   898                           ;Config register CONFIG1H @ 0x1FFF1
   899                           ;	Brown-Out Reset Enable
   900                           ;	BOREN = OFF, Disabled in hardware
   901                           ;	Brown-out Reset Voltage
   902                           ;	BORV = 0, 2.0V
   903                           ;	Code Protect
   904                           ;	CP0 = OFF, Program memory is not code-protected
   905   01FFF1                     	org	131057
   906   01FFF1  F4                 	db	244
   907                           
   908                           ;Config register CONFIG2L @ 0x1FFF2
   909                           ;	Oscillator
   910                           ;	FOSC = FRCDIV, Fast RC Oscillator with Postscaler (FRCDIV)
   911                           ;	T1OSC/SOSC Power Selection Bits
   912                           ;	SOSCSEL = LOW, Low Power T1OSC/SOSC circuit selected
   913                           ;	Clock Out Enable Bit
   914                           ;	CLKOEN = ON, CLKO output enabled on the RA6 pin
   915                           ;	Internal External Oscillator Switch Over Mode
   916                           ;	IESO = ON, Enabled
   917   01FFF2                     	org	131058
   918   01FFF2  AF                 	db	175
   919                           
   920                           ;Config register CONFIG2H @ 0x1FFF3
   921                           ;	PLL Frequency Multiplier Select bits
   922                           ;	PLLDIV = NODIV, 96 MHz PLL selected; No divide - Oscillator used directly (4 MHz input
      +                          )
   923   01FFF3                     	org	131059
   924   01FFF3  F0                 	db	240
   925                           
   926                           ;Config register CONFIG3L @ 0x1FFF4
   927                           ;	Primary Oscillator Select
   928                           ;	POSCMD = HS, HS oscillator mode selected(10 MHz - 40 MHz)
   929                           ;	Clock Switching and Monitor Selection Configuration bits
   930                           ;	FSCM = CSECMD, Clock switching is enabled, fail safe clock monitor is disabled
   931   01FFF4                     	org	131060
   932   01FFF4  12                 	db	18
   933                           
   934                           ;Config register CONFIG3H @ 0x1FFF5
   935                           ;	unspecified, using default values
   936   01FFF5                     	org	131061
   937   01FFF5  F0                 	db	240
   938                           
   939                           ;Config register CONFIG4L @ 0x1FFF6
   940                           ;	Write/Erase Protect Page Start/End Boundary
   941                           ;	WPFP = WPFP255, Write Protect Program Flash Page 255
   942   01FFF6                     	org	131062
   943   01FFF6  FF                 	db	255
   944                           
   945                           ;Config register CONFIG4H @ 0x1FFF7
   946                           ;	Segment Write Protection Disable
   947                           ;	WPDIS = WPDIS, Disabled
   948                           ;	Segment Write Protection End Page Select
   949                           ;	WPEND = WPENDMEM, Write Protect from WPFP to the last page of memory
   950                           ;	Write Protect Configuration Page Select
   951                           ;	WPCFG = WPCFGDIS, Disabled
   952   01FFF7                     	org	131063
   953   01FFF7  F7                 	db	247
   954                           
   955                           ;Config register CONFIG5L @ 0x1FFF8
   956                           ;	TMR5 Gate Select bit
   957                           ;	T5GSEL = T5G, TMR5 Gate is driven by the T5G input
   958                           ;	CxINA Gate Select bit
   959                           ;	CINASEL = DEFAULT, C1INA and C3INA are on their default pin locations
   960                           ;	External Address Shift bit
   961                           ;	EASHFT = ON, Address Shifting enabled
   962                           ;	Address Bus Width Select bits
   963                           ;	ABW = MM, 8-bit address bus
   964                           ;	Data Bus Width
   965                           ;	BW = 16, 16-bit external bus mode
   966                           ;	External Bus Wait
   967                           ;	WAIT = OFF, Disabled
   968   01FFF8                     	org	131064
   969   01FFF8  FB                 	db	251
   970                           
   971                           ;Config register CONFIG5H @ 0x1FFF9
   972                           ;	IOLOCK One-Way Set Enable bit
   973                           ;	IOL1WAY = ON, Once set, the IOLOCK bit cannot be cleared
   974                           ;	USB Low Speed Clock Select bit
   975                           ;	LS48MHZ = SYSX2, Divide-by-2 (System clock must be 12 MHz)
   976                           ;	MSSP2 7-Bit Address Masking Mode Enable bit
   977                           ;	MSSPMSK2 = MSK7, 7 Bit address masking mode
   978                           ;	MSSP1 7-Bit Address Masking Mode Enable bit
   979                           ;	MSSPMSK1 = MSK7, 7 Bit address masking mode
   980   01FFF9                     	org	131065
   981   01FFF9  FF                 	db	255
   982                           
   983                           ;Config register CONFIG6L @ 0x1FFFA
   984                           ;	Watch Dog Timer Window
   985                           ;	WDTWIN = PS25_0, Watch Dog Timer Window Width is 25 percent
   986                           ;	Watch Dog Timer Clock Source
   987                           ;	WDTCLK = LPRC, Always use INTOSC/LPRC
   988                           ;	Watchdog Timer Postscale
   989                           ;	WDTPS = 32768, 1:32768
   990   01FFFA                     	org	131066
   991   01FFFA  FB                 	db	251
   992                           
   993                           ;Config register CONFIG6H @ 0x1FFFB
   994                           ;	Watchdog Timer Enable
   995                           ;	WDTEN = OFF, WDT disabled in hardware; SWDTEN bit disabled
   996                           ;	Windowed Watchdog Timer Disable
   997                           ;	WINDIS = WDTSTD, Standard WDT selected; windowed WDT disabled
   998                           ;	WDT Prescaler
   999                           ;	WPSA = 128, WDT prescaler ratio of 1:128
  1000   01FFFB                     	org	131067
  1001   01FFFB  FC                 	db	252
  1002                           
  1003                           ;Config register CONFIG7L @ 0x1FFFC
  1004                           ;	Retention Voltage Regulator Control Enable
  1005                           ;	RETEN = OFF, Retention not available
  1006                           ;	VBAT BOR Enable
  1007                           ;	VBTBOR = OFF, VBAT BOR is disabled
  1008                           ;	Deep Sleep BOR Enable
  1009                           ;	DSBOREN = ON, BOR enabled in Deep Sleep
  1010                           ;	DSEN Bit Enable bit
  1011                           ;	DSBITEN = ON, Deep Sleep is controlled by the register bit DSEN
  1012   01FFFC                     	org	131068
  1013   01FFFC  19                 	db	25
  1014                           
  1015                           ;Config register CONFIG7H @ 0x1FFFD
  1016                           ;	unspecified, using default values
  1017   01FFFD                     	org	131069
  1018   01FFFD  F0                 	db	240
  1019                           
  1020                           ;Config register CONFIG8L @ 0x1FFFE
  1021                           ;	Deep Sleep Watchdog Timer Postscale Select
  1022                           ;	DSWDTPS = DSWDTPS1F, 1:68719476736 (25.7 Days)
  1023   01FFFE                     	org	131070
  1024   01FFFE  F8                 	db	248
  1025                           
  1026                           ;Config register CONFIG8H @ 0x1FFFF
  1027                           ;	Deep Sleep Watchdog Timer Enable
  1028                           ;	DSWDTEN = ON, DSWDT Enabled
  1029                           ;	DSWDT Reference Clock Select
  1030                           ;	DSWDTOSC = LPRC, DSWDT uses LPRC as reference clock
  1031   01FFFF                     	org	131071
  1032   01FFFF  F3                 	db	243
  1033                           tosu	equ	0xFFF
  1034                           tosh	equ	0xFFE
  1035                           tosl	equ	0xFFD
  1036                           stkptr	equ	0xFFC
  1037                           pclatu	equ	0xFFB
  1038                           pclath	equ	0xFFA
  1039                           pcl	equ	0xFF9
  1040                           tblptru	equ	0xFF8
  1041                           tblptrh	equ	0xFF7
  1042                           tblptrl	equ	0xFF6
  1043                           tablat	equ	0xFF5
  1044                           prodh	equ	0xFF4
  1045                           prodl	equ	0xFF3
  1046                           indf0	equ	0xFEF
  1047                           postinc0	equ	0xFEE
  1048                           postdec0	equ	0xFED
  1049                           preinc0	equ	0xFEC
  1050                           plusw0	equ	0xFEB
  1051                           fsr0h	equ	0xFEA
  1052                           fsr0l	equ	0xFE9
  1053                           wreg	equ	0xFE8
  1054                           indf1	equ	0xFE7
  1055                           postinc1	equ	0xFE6
  1056                           postdec1	equ	0xFE5
  1057                           preinc1	equ	0xFE4
  1058                           plusw1	equ	0xFE3
  1059                           fsr1h	equ	0xFE2
  1060                           fsr1l	equ	0xFE1
  1061                           bsr	equ	0xFE0
  1062                           indf2	equ	0xFDF
  1063                           postinc2	equ	0xFDE
  1064                           postdec2	equ	0xFDD
  1065                           preinc2	equ	0xFDC
  1066                           plusw2	equ	0xFDB
  1067                           fsr2h	equ	0xFDA
  1068                           fsr2l	equ	0xFD9
  1069                           status	equ	0xFD8

Data Sizes:
    Strings     0
    Constant    0
    Data        0
    BSS         0
    Persistent  0
    Stack       0

Auto Spaces:
    Space          Size  Autos    Used
    COMRAM           95      2       2
    BANK0           160      0       0
    BANK1           256      0       0
    BANK2           256      0       0
    BANK3           256      0       0
    BANK4           256      0       0
    BANK5           256      0       0
    BANK6           256      0       0
    BANK7           256      0       0
    BANK8           256      0       0
    BANK9           256      0       0
    BANK10          256      0       0
    BANK11          256      0       0
    BANK12          256      0       0
    BANK13          250      0       0

Pointer List with Targets:

    None.

Critical Paths under _main in COMRAM

    _main->_CoilA_Blink

Critical Paths under _main in BANK0

    None.

Critical Paths under _main in BANK1

    None.

Critical Paths under _main in BANK2

    None.

Critical Paths under _main in BANK3

    None.

Critical Paths under _main in BANK4

    None.

Critical Paths under _main in BANK5

    None.

Critical Paths under _main in BANK6

    None.

Critical Paths under _main in BANK7

    None.

Critical Paths under _main in BANK8

    None.

Critical Paths under _main in BANK9

    None.

Critical Paths under _main in BANK10

    None.

Critical Paths under _main in BANK11

    None.

Critical Paths under _main in BANK12

    None.

Critical Paths under _main in BANK13

    None.

Call Graph Tables:

 ---------------------------------------------------------------------------------
 (Depth) Function   	        Calls       Base Space   Used Autos Params    Refs
 ---------------------------------------------------------------------------------
 (0) _main                                                 0     0      0       0
                        _CoilA_Blink
                         _CoilA_Init
 ---------------------------------------------------------------------------------
 (1) _CoilA_Init                                           0     0      0       0
 ---------------------------------------------------------------------------------
 (1) _CoilA_Blink                                          2     2      0       0
                                              0 COMRAM     2     2      0
 ---------------------------------------------------------------------------------
 Estimated maximum stack depth 1
 ---------------------------------------------------------------------------------

 Call Graph Graphs:

 _main (ROOT)
   _CoilA_Blink
   _CoilA_Init

Address spaces:
Name               Size   Autos  Total    Usage
BITCOMRAM           95      0       0      0.0%
BITBANK0           160      0       0      0.0%
BITBANK1           256      0       0      0.0%
BITBANK2           256      0       0      0.0%
BITBANK3           256      0       0      0.0%
BITBANK4           256      0       0      0.0%
BITBANK5           256      0       0      0.0%
BITBANK6           256      0       0      0.0%
BITBANK7           256      0       0      0.0%
BITBANK8           256      0       0      0.0%
BITBANK9           256      0       0      0.0%
BITBANK10          256      0       0      0.0%
BITBANK11          256      0       0      0.0%
BITBANK12          256      0       0      0.0%
BITBANK13          250      0       0      0.0%
BITBIGSFRl         402      0       0      0.0%
BITBIGSFRh         112      0       0      0.0%
COMRAM              95      2       2      2.1%
BANK0              160      0       0      0.0%
BANK1              256      0       0      0.0%
BANK2              256      0       0      0.0%
BANK3              256      0       0      0.0%
BANK4              256      0       0      0.0%
BANK5              256      0       0      0.0%
BANK6              256      0       0      0.0%
BANK7              256      0       0      0.0%
BANK8              256      0       0      0.0%
BANK9              256      0       0      0.0%
BANK10             256      0       0      0.0%
BANK11             256      0       0      0.0%
BANK12             256      0       0      0.0%
BANK13             250      0       0      0.0%
BIGRAM            3577      0       0      0.0%
STACK                0      0       0      0.0%
DATA                 0      0       2      0.0%


Microchip Technology PIC18 Macro Assembler V3.00 build 20241204225717 
Symbol Table                                                                                   Wed Aug 13 17:51:00 2025

                      l9 1056      __end_of_CoilA_Blink 103A                       l12 1038  
                     u17 1012                       u27 102C                      l700 1008  
                    l702 101E                      l704 1020                      l706 103A  
                    l708 103E                      l696 104A                      l698 1002  
                    wreg 0FE8                     _main 103A                     start FFEC  
             _CoilA_Init 104A             ___param_bank 0000                    ?_main 0001  
            _CoilA_Blink 1002          __initialization 1058             __end_of_main 104A  
                 ??_main 0003            __activetblptr 0000              ?_CoilA_Init 0001  
                 isa$std 0001             __mediumconst 1000               __accesstop 0060  
__end_of__initialization 1058            ___rparam_used 0001           __pcstackCOMRAM 0001  
           ?_CoilA_Blink 0001                  __Hparam 0000                  __Lparam 0000  
           __psmallconst 1000                  __pcinit 1058                  __ramtop 1000  
                __ptext0 103A                  __ptext1 104A                  __ptext2 1002  
   end_of_initialization 1058             ??_CoilA_Init 0001                _TRISDbits 0F95  
     __end_of_CoilA_Init 1058      start_initialization 1058              __smallconst 1000  
               _LATDbits 0F8C                 __Hrparam 0000                 __Lrparam 0000  
               isa$xinst 0000            ??_CoilA_Blink 0001  
