

Microchip MPLAB XC8 Assembler V3.00 build 20241204225717 
                                                                                               Tue Aug 19 13:11:14 2025

Microchip MPLAB XC8 C Compiler v3.00 (Free license) build 20241204225717 Og1 
     1                           	processor	18F97J94
     2                           	fnconf	rparam,??,?,0
     3                           	pagewidth 120
     4                           	opt	flic
     5                           	psect	cinit,global,reloc=2,class=CODE,space=0,delta=1
     6                           	psect	bssCOMRAM,global,class=COMRAM,space=1,delta=1,lowdata,noexec
     7                           	psect	cstackCOMRAM,global,class=COMRAM,space=1,delta=1,lowdata,noexec
     8                           	psect	text0,global,reloc=2,class=CODE,space=0,delta=1
     9                           	psect	text1,global,reloc=2,class=CODE,space=0,delta=1
    10                           	psect	text2,global,reloc=2,class=CODE,space=0,delta=1
    11                           	psect	text3,global,reloc=2,class=CODE,space=0,delta=1
    12                           	psect	text4,global,reloc=2,class=CODE,space=0,delta=1
    13                           	psect	text5,global,reloc=2,class=CODE,space=0,delta=1
    14                           	psect	text6,global,reloc=2,class=CODE,space=0,delta=1
    15                           	psect	smallconst,global,reloc=2,class=SMALLCONST,space=0,delta=1,noexec
    16                           	psect	intsave_regs,global,class=BIGRAM,space=1,delta=1,noexec
    17                           	psect	rparam,global,class=COMRAM,space=1,delta=1,noexec
    18                           	psect	config,global,abs,ovrld,class=CONFIG,space=4,delta=1,noexec
    19   000000                     
    20                           ; Generated 17/08/2023 GMT
    21                           ; 
    22                           ; Copyright © 2023, Microchip Technology Inc. and its subsidiaries ("Microchip")
    23                           ; All rights reserved.
    24                           ; 
    25                           ; This software is developed by Microchip Technology Inc. and its subsidiaries ("Microch
      +                          ip").
    26                           ; 
    27                           ; Redistribution and use in source and binary forms, with or without modification, are
    28                           ; permitted provided that the following conditions are met:
    29                           ; 
    30                           ;     1. Redistributions of source code must retain the above copyright notice, this lis
      +                          t of
    31                           ;        conditions and the following disclaimer.
    32                           ; 
    33                           ;     2. Redistributions in binary form must reproduce the above copyright notice, this 
      +                          list
    34                           ;        of conditions and the following disclaimer in the documentation and/or other
    35                           ;        materials provided with the distribution. Publication is not required when
    36                           ;        this file is used in an embedded application.
    37                           ; 
    38                           ;     3. Microchip's name may not be used to endorse or promote products derived from th
      +                          is
    39                           ;        software without specific prior written permission.
    40                           ; 
    41                           ; THIS SOFTWARE IS PROVIDED BY MICROCHIP "AS IS" AND ANY EXPRESS OR IMPLIED WARRANTIES,
    42                           ; INCLUDING, BUT NOT LIMITED TO, THE IMPLIED WARRANTIES OF MERCHANTABILITY AND FITNESS F
      +                          OR
    43                           ; PURPOSE ARE DISCLAIMED.  IN NO EVENT SHALL MICROCHIP BE LIABLE FOR ANY DIRECT, INDIREC
      +                          T,
    44                           ; INCIDENTAL, SPECIAL, EXEMPLARY, OR CONSEQUENTIAL DAMAGES (INCLUDING BUT NOT LIMITED TO
    45                           ; PROCUREMENT OF SUBSTITUTE GOODS OR SERVICES; LOSS OF USE, DATA OR PROFITS; OR BUSINESS
    46                           ; INTERRUPTION) HOWSOEVER CAUSED AND ON ANY THEORY OF LIABILITY, WHETHER IN CONTRACT, ST
      +                          RICT
    47                           ; LIABILITY, OR TORT (INCLUDING NEGLIGENCE OR OTHERWISE) ARISING IN ANY WAY OUT OF THE U
      +                          SE OF
    48                           ; THIS SOFTWARE, EVEN IF ADVISED OF THE POSSIBILITY OF SUCH DAMAGE.
    49                           ; 
    50                           ; 
    51                           ; Code-generator required, PIC18F97J94 Definitions
    52                           ; 
    53                           ; SFR Addresses
    54   000FE0                     bsr             equ	4064
    55   000FE9                     fsr0            equ	4073
    56   000FEA                     fsr0h           equ	4074
    57   000FE9                     fsr0l           equ	4073
    58   000FE1                     fsr1            equ	4065
    59   000FE2                     fsr1h           equ	4066
    60   000FE1                     fsr1l           equ	4065
    61   000FD9                     fsr2            equ	4057
    62   000FDA                     fsr2h           equ	4058
    63   000FD9                     fsr2l           equ	4057
    64   000FEF                     indf0           equ	4079
    65   000FE7                     indf1           equ	4071
    66   000FDF                     indf2           equ	4063
    67   000FF2                     intcon          equ	4082
    68   000000                     nvmcon          equ	0
    69   000FF9                     pcl             equ	4089
    70   000FFA                     pclath          equ	4090
    71   000FFB                     pclatu          equ	4091
    72   000FEB                     plusw0          equ	4075
    73   000FE3                     plusw1          equ	4067
    74   000FDB                     plusw2          equ	4059
    75   000FED                     postdec0        equ	4077
    76   000FE5                     postdec1        equ	4069
    77   000FDD                     postdec2        equ	4061
    78   000FEE                     postinc0        equ	4078
    79   000FE6                     postinc1        equ	4070
    80   000FDE                     postinc2        equ	4062
    81   000FEC                     preinc0         equ	4076
    82   000FE4                     preinc1         equ	4068
    83   000FDC                     preinc2         equ	4060
    84   000FF3                     prod            equ	4083
    85   000FF4                     prodh           equ	4084
    86   000FF3                     prodl           equ	4083
    87   000FD8                     status          equ	4056
    88   000FF5                     tablat          equ	4085
    89   000FF6                     tblptr          equ	4086
    90   000FF7                     tblptrh         equ	4087
    91   000FF6                     tblptrl         equ	4086
    92   000FF8                     tblptru         equ	4088
    93   000FFD                     tosl            equ	4093
    94   000FE8                     wreg            equ	4072
    95   000DFF                     UEP0            equ	3583	;# 
    96   000E00                     UEP1            equ	3584	;# 
    97   000E01                     UEP2            equ	3585	;# 
    98   000E02                     UEP3            equ	3586	;# 
    99   000E03                     UEP4            equ	3587	;# 
   100   000E04                     UEP5            equ	3588	;# 
   101   000E05                     UEP6            equ	3589	;# 
   102   000E06                     UEP7            equ	3590	;# 
   103   000E07                     UEP8            equ	3591	;# 
   104   000E08                     UEP9            equ	3592	;# 
   105   000E09                     UEP10           equ	3593	;# 
   106   000E0A                     UEP11           equ	3594	;# 
   107   000E0B                     UEP12           equ	3595	;# 
   108   000E0C                     UEP13           equ	3596	;# 
   109   000E0D                     UEP14           equ	3597	;# 
   110   000E0E                     UEP15           equ	3598	;# 
   111   000E0F                     UEIE            equ	3599	;# 
   112   000E10                     UIE             equ	3600	;# 
   113   000E11                     UCFG            equ	3601	;# 
   114   000E12                     RPOR0_1         equ	3602	;# 
   115   000E13                     RPOR2_3         equ	3603	;# 
   116   000E14                     RPOR4_5         equ	3604	;# 
   117   000E15                     RPOR6_7         equ	3605	;# 
   118   000E16                     RPOR8_9         equ	3606	;# 
   119   000E17                     RPOR10_11       equ	3607	;# 
   120   000E18                     RPOR12_13       equ	3608	;# 
   121   000E19                     RPOR14_15       equ	3609	;# 
   122   000E1A                     RPOR16_17       equ	3610	;# 
   123   000E1B                     RPOR18_19       equ	3611	;# 
   124   000E1C                     RPOR20_21       equ	3612	;# 
   125   000E1D                     RPOR22_23       equ	3613	;# 
   126   000E1E                     RPOR24_25       equ	3614	;# 
   127   000E1F                     RPOR26_27       equ	3615	;# 
   128   000E20                     RPOR28_29       equ	3616	;# 
   129   000E21                     RPOR30_31       equ	3617	;# 
   130   000E22                     RPOR32_33       equ	3618	;# 
   131   000E23                     RPOR34_35       equ	3619	;# 
   132   000E24                     RPOR36_37       equ	3620	;# 
   133   000E25                     RPOR38_39       equ	3621	;# 
   134   000E26                     RPOR40_41       equ	3622	;# 
   135   000E27                     RPOR42_43       equ	3623	;# 
   136   000E28                     RPOR44_45       equ	3624	;# 
   137   000E29                     RPOR46          equ	3625	;# 
   138   000E2A                     RPINR0_1        equ	3626	;# 
   139   000E2B                     RPINR2_3        equ	3627	;# 
   140   000E2C                     RPINR4_5        equ	3628	;# 
   141   000E2D                     RPINR6_7        equ	3629	;# 
   142   000E2E                     RPINR8_9        equ	3630	;# 
   143   000E2F                     RPINR10_11      equ	3631	;# 
   144   000E30                     RPINR12_13      equ	3632	;# 
   145   000E31                     RPINR14_15      equ	3633	;# 
   146   000E32                     RPINR16_17      equ	3634	;# 
   147   000E33                     RPINR18_19      equ	3635	;# 
   148   000E34                     RPINR20_21      equ	3636	;# 
   149   000E35                     RPINR22_23      equ	3637	;# 
   150   000E36                     RPINR24_25      equ	3638	;# 
   151   000E37                     RPINR26_27      equ	3639	;# 
   152   000E38                     RPINR28_29      equ	3640	;# 
   153   000E39                     RPINR30_31      equ	3641	;# 
   154   000E3A                     RPINR32_33      equ	3642	;# 
   155   000E3B                     RPINR34_35      equ	3643	;# 
   156   000E3C                     RPINR36_37      equ	3644	;# 
   157   000E3D                     RPINR38_39      equ	3645	;# 
   158   000E3E                     RPINR40_41      equ	3646	;# 
   159   000E3F                     RPINR42_43      equ	3647	;# 
   160   000E40                     RPINR44_45      equ	3648	;# 
   161   000E41                     RPINR46_47      equ	3649	;# 
   162   000E42                     RPINR48_49      equ	3650	;# 
   163   000E43                     RPINR50_51      equ	3651	;# 
   164   000E44                     RPINR52_53      equ	3652	;# 
   165   000E45                     ANCON3          equ	3653	;# 
   166   000E46                     ANCON2          equ	3654	;# 
   167   000E47                     ANCON1          equ	3655	;# 
   168   000E48                     ADCBUF1         equ	3656	;# 
   169   000E48                     ADCBUF1L        equ	3656	;# 
   170   000E49                     ADCBUF1H        equ	3657	;# 
   171   000E4A                     ADCBUF2         equ	3658	;# 
   172   000E4A                     ADCBUF2L        equ	3658	;# 
   173   000E4B                     ADCBUF2H        equ	3659	;# 
   174   000E4C                     ADCBUF3         equ	3660	;# 
   175   000E4C                     ADCBUF3L        equ	3660	;# 
   176   000E4D                     ADCBUF3H        equ	3661	;# 
   177   000E4E                     ADCBUF4         equ	3662	;# 
   178   000E4E                     ADCBUF4L        equ	3662	;# 
   179   000E4F                     ADCBUF4H        equ	3663	;# 
   180   000E50                     ADCBUF5         equ	3664	;# 
   181   000E50                     ADCBUF5L        equ	3664	;# 
   182   000E51                     ADCBUF5H        equ	3665	;# 
   183   000E52                     ADCBUF6         equ	3666	;# 
   184   000E52                     ADCBUF6L        equ	3666	;# 
   185   000E53                     ADCBUF6H        equ	3667	;# 
   186   000E54                     ADCBUF7         equ	3668	;# 
   187   000E54                     ADCBUF7L        equ	3668	;# 
   188   000E55                     ADCBUF7H        equ	3669	;# 
   189   000E56                     ADCBUF8         equ	3670	;# 
   190   000E56                     ADCBUF8L        equ	3670	;# 
   191   000E57                     ADCBUF8H        equ	3671	;# 
   192   000E58                     ADCBUF9         equ	3672	;# 
   193   000E58                     ADCBUF9L        equ	3672	;# 
   194   000E59                     ADCBUF9H        equ	3673	;# 
   195   000E5A                     ADCBUF10        equ	3674	;# 
   196   000E5A                     ADCBUF10L       equ	3674	;# 
   197   000E5B                     ADCBUF10H       equ	3675	;# 
   198   000E5C                     ADCBUF11        equ	3676	;# 
   199   000E5C                     ADCBUF11L       equ	3676	;# 
   200   000E5D                     ADCBUF11H       equ	3677	;# 
   201   000E5E                     ADCBUF12        equ	3678	;# 
   202   000E5E                     ADCBUF12L       equ	3678	;# 
   203   000E5F                     ADCBUF12H       equ	3679	;# 
   204   000E60                     ADCBUF13        equ	3680	;# 
   205   000E60                     ADCBUF13L       equ	3680	;# 
   206   000E61                     ADCBUF13H       equ	3681	;# 
   207   000E62                     ADCBUF14        equ	3682	;# 
   208   000E62                     ADCBUF14L       equ	3682	;# 
   209   000E63                     ADCBUF14H       equ	3683	;# 
   210   000E64                     ADCBUF15        equ	3684	;# 
   211   000E64                     ADCBUF15L       equ	3684	;# 
   212   000E65                     ADCBUF15H       equ	3685	;# 
   213   000E66                     ADCBUF16        equ	3686	;# 
   214   000E66                     ADCBUF16L       equ	3686	;# 
   215   000E67                     ADCBUF16H       equ	3687	;# 
   216   000E68                     ADCBUF17        equ	3688	;# 
   217   000E68                     ADCBUF17L       equ	3688	;# 
   218   000E69                     ADCBUF17H       equ	3689	;# 
   219   000E6A                     ADCBUF18        equ	3690	;# 
   220   000E6A                     ADCBUF18L       equ	3690	;# 
   221   000E6B                     ADCBUF18H       equ	3691	;# 
   222   000E6C                     ADCBUF19        equ	3692	;# 
   223   000E6C                     ADCBUF19L       equ	3692	;# 
   224   000E6D                     ADCBUF19H       equ	3693	;# 
   225   000E6E                     ADCBUF20        equ	3694	;# 
   226   000E6E                     ADCBUF20L       equ	3694	;# 
   227   000E6F                     ADCBUF20H       equ	3695	;# 
   228   000E70                     ADCBUF21        equ	3696	;# 
   229   000E70                     ADCBUF21L       equ	3696	;# 
   230   000E71                     ADCBUF21H       equ	3697	;# 
   231   000E72                     ADCBUF22        equ	3698	;# 
   232   000E72                     ADCBUF22L       equ	3698	;# 
   233   000E73                     ADCBUF22H       equ	3699	;# 
   234   000E74                     ADCBUF23        equ	3700	;# 
   235   000E74                     ADCBUF23L       equ	3700	;# 
   236   000E75                     ADCBUF23H       equ	3701	;# 
   237   000E76                     ADCBUF24        equ	3702	;# 
   238   000E76                     ADCBUF24L       equ	3702	;# 
   239   000E77                     ADCBUF24H       equ	3703	;# 
   240   000E78                     ADCBUF25        equ	3704	;# 
   241   000E78                     ADCBUF25L       equ	3704	;# 
   242   000E79                     ADCBUF25H       equ	3705	;# 
   243   000E7A                     ADCTMUEN0L      equ	3706	;# 
   244   000E7B                     ADCTMUEN0H      equ	3707	;# 
   245   000E7C                     ADCTMUEN1L      equ	3708	;# 
   246   000E7D                     ADCTMUEN1H      equ	3709	;# 
   247   000E7E                     ADCHIT0L        equ	3710	;# 
   248   000E7F                     ADCHIT0H        equ	3711	;# 
   249   000E80                     ADCHIT1L        equ	3712	;# 
   250   000E81                     ADCHIT1H        equ	3713	;# 
   251   000E82                     ADCSS0L         equ	3714	;# 
   252   000E83                     ADCSS0H         equ	3715	;# 
   253   000E84                     ADCSS1L         equ	3716	;# 
   254   000E85                     ADCSS1H         equ	3717	;# 
   255   000E86                     ADCHS0L         equ	3718	;# 
   256   000E87                     ADCHS0H         equ	3719	;# 
   257   000E88                     ADCON5L         equ	3720	;# 
   258   000E89                     ADCON5H         equ	3721	;# 
   259   000E8A                     ADCON3L         equ	3722	;# 
   260   000E8B                     ADCON3H         equ	3723	;# 
   261   000E8C                     ADCON2L         equ	3724	;# 
   262   000E8D                     ADCON2H         equ	3725	;# 
   263   000E8E                     LCDDATA0        equ	3726	;# 
   264   000E8F                     LCDDATA1        equ	3727	;# 
   265   000E90                     LCDDATA2        equ	3728	;# 
   266   000E91                     LCDDATA3        equ	3729	;# 
   267   000E92                     LCDDATA4        equ	3730	;# 
   268   000E93                     LCDDATA5        equ	3731	;# 
   269   000E94                     LCDDATA6        equ	3732	;# 
   270   000E95                     LCDDATA7        equ	3733	;# 
   271   000E96                     LCDDATA8        equ	3734	;# 
   272   000E97                     LCDDATA9        equ	3735	;# 
   273   000E98                     LCDDATA10       equ	3736	;# 
   274   000E99                     LCDDATA11       equ	3737	;# 
   275   000E9A                     LCDDATA12       equ	3738	;# 
   276   000E9B                     LCDDATA13       equ	3739	;# 
   277   000E9C                     LCDDATA14       equ	3740	;# 
   278   000E9D                     LCDDATA15       equ	3741	;# 
   279   000E9E                     LCDDATA16       equ	3742	;# 
   280   000E9F                     LCDDATA17       equ	3743	;# 
   281   000EA0                     LCDDATA18       equ	3744	;# 
   282   000EA1                     LCDDATA19       equ	3745	;# 
   283   000EA2                     LCDDATA20       equ	3746	;# 
   284   000EA3                     LCDDATA21       equ	3747	;# 
   285   000EA4                     LCDDATA22       equ	3748	;# 
   286   000EA5                     LCDDATA23       equ	3749	;# 
   287   000EA6                     LCDDATA24       equ	3750	;# 
   288   000EA7                     LCDDATA25       equ	3751	;# 
   289   000EA8                     LCDDATA26       equ	3752	;# 
   290   000EA9                     LCDDATA27       equ	3753	;# 
   291   000EAA                     LCDDATA28       equ	3754	;# 
   292   000EAB                     LCDDATA29       equ	3755	;# 
   293   000EAC                     LCDDATA30       equ	3756	;# 
   294   000EAD                     LCDDATA31       equ	3757	;# 
   295   000EAE                     LCDDATA32       equ	3758	;# 
   296   000EAF                     LCDDATA33       equ	3759	;# 
   297   000EB0                     LCDDATA34       equ	3760	;# 
   298   000EB1                     LCDDATA35       equ	3761	;# 
   299   000EB2                     LCDDATA36       equ	3762	;# 
   300   000EB3                     LCDDATA37       equ	3763	;# 
   301   000EB4                     LCDDATA38       equ	3764	;# 
   302   000EB5                     LCDDATA39       equ	3765	;# 
   303   000EB6                     LCDDATA40       equ	3766	;# 
   304   000EB7                     LCDDATA41       equ	3767	;# 
   305   000EB8                     LCDDATA42       equ	3768	;# 
   306   000EB9                     LCDDATA43       equ	3769	;# 
   307   000EBA                     LCDDATA44       equ	3770	;# 
   308   000EBB                     LCDDATA45       equ	3771	;# 
   309   000EBC                     LCDDATA46       equ	3772	;# 
   310   000EBD                     LCDDATA47       equ	3773	;# 
   311   000EBE                     LCDDATA48       equ	3774	;# 
   312   000EBF                     LCDDATA49       equ	3775	;# 
   313   000EC0                     LCDDATA50       equ	3776	;# 
   314   000EC1                     LCDDATA51       equ	3777	;# 
   315   000EC2                     LCDDATA52       equ	3778	;# 
   316   000EC3                     LCDDATA53       equ	3779	;# 
   317   000EC4                     LCDDATA54       equ	3780	;# 
   318   000EC5                     LCDDATA55       equ	3781	;# 
   319   000EC6                     LCDDATA56       equ	3782	;# 
   320   000EC7                     LCDDATA57       equ	3783	;# 
   321   000EC8                     LCDDATA58       equ	3784	;# 
   322   000EC9                     LCDDATA59       equ	3785	;# 
   323   000ECA                     LCDDATA60       equ	3786	;# 
   324   000ECB                     LCDDATA61       equ	3787	;# 
   325   000ECC                     LCDDATA62       equ	3788	;# 
   326   000ECD                     LCDDATA63       equ	3789	;# 
   327   000ECE                     LCDSE0          equ	3790	;# 
   328   000ECF                     LCDSE1          equ	3791	;# 
   329   000ED0                     LCDSE2          equ	3792	;# 
   330   000ED1                     LCDSE3          equ	3793	;# 
   331   000ED2                     LCDSE4          equ	3794	;# 
   332   000ED3                     LCDSE5          equ	3795	;# 
   333   000ED4                     LCDSE6          equ	3796	;# 
   334   000ED5                     LCDSE7          equ	3797	;# 
   335   000ED6                     LCDRL           equ	3798	;# 
   336   000ED7                     LCDREF          equ	3799	;# 
   337   000ED8                     LCDREG          equ	3800	;# 
   338   000ED9                     LCDCON          equ	3801	;# 
   339   000EDA                     LCDPS           equ	3802	;# 
   340   000EDB                     REFO2CON3       equ	3803	;# 
   341   000EDC                     REFO2CON2       equ	3804	;# 
   342   000EDD                     REFO2CON1       equ	3805	;# 
   343   000EDE                     REFO2CON        equ	3806	;# 
   344   000EDF                     REFO1CON3       equ	3807	;# 
   345   000EE0                     REFO1CON2       equ	3808	;# 
   346   000EE1                     REFO1CON1       equ	3809	;# 
   347   000EE2                     REFO1CON        equ	3810	;# 
   348   000EE3                     MEMCON          equ	3811	;# 
   349   000EE4                     PORTL           equ	3812	;# 
   350   000EE5                     LATL            equ	3813	;# 
   351   000EE6                     TRISL           equ	3814	;# 
   352   000EE7                     PORTK           equ	3815	;# 
   353   000EE8                     LATK            equ	3816	;# 
   354   000EE9                     TRISK           equ	3817	;# 
   355   000EEA                     ODCON2          equ	3818	;# 
   356   000EEB                     ODCON1          equ	3819	;# 
   357   000EEC                     MDCARL          equ	3820	;# 
   358   000EED                     MDCARH          equ	3821	;# 
   359   000EEE                     MDSRC           equ	3822	;# 
   360   000EEF                     MDCON           equ	3823	;# 
   361   000EF0                     PMD4            equ	3824	;# 
   362   000EF1                     PMD3            equ	3825	;# 
   363   000EF2                     PMD2            equ	3826	;# 
   364   000EF3                     PMD1            equ	3827	;# 
   365   000EF4                     PMD0            equ	3828	;# 
   366   000EF5                     CTMUCON4        equ	3829	;# 
   367   000EF6                     CTMUCON3        equ	3830	;# 
   368   000EF7                     CTMUCON2        equ	3831	;# 
   369   000EF8                     CTMUCON1        equ	3832	;# 
   370   000EF9                     TXREG4          equ	3833	;# 
   371   000EFA                     RCREG4          equ	3834	;# 
   372   000EFB                     SPBRG4          equ	3835	;# 
   373   000EFC                     SPBRGH4         equ	3836	;# 
   374   000EFD                     BAUDCON4        equ	3837	;# 
   375   000EFE                     TXSTA4          equ	3838	;# 
   376   000EFF                     RCSTA4          equ	3839	;# 
   377   000F00                     DMACON2         equ	3840	;# 
   378   000F01                     ANCFG           equ	3841	;# 
   379   000F02                     SSP2ADD         equ	3842	;# 
   380   000F03                     SSP2BUF         equ	3843	;# 
   381   000F04                     T4CON           equ	3844	;# 
   382   000F05                     PR4             equ	3845	;# 
   383   000F06                     TMR4            equ	3846	;# 
   384   000F07                     CCP7CON         equ	3847	;# 
   385   000F08                     CCPR7           equ	3848	;# 
   386   000F08                     CCPR7L          equ	3848	;# 
   387   000F09                     CCPR7H          equ	3849	;# 
   388   000F0A                     CCP6CON         equ	3850	;# 
   389   000F0B                     CCPR6           equ	3851	;# 
   390   000F0B                     CCPR6L          equ	3851	;# 
   391   000F0C                     CCPR6H          equ	3852	;# 
   392   000F0D                     CCP5CON         equ	3853	;# 
   393   000F0E                     CCPR5           equ	3854	;# 
   394   000F0E                     CCPR5L          equ	3854	;# 
   395   000F0F                     CCPR5H          equ	3855	;# 
   396   000F10                     CCP4CON         equ	3856	;# 
   397   000F11                     CCPR4           equ	3857	;# 
   398   000F11                     CCPR4L          equ	3857	;# 
   399   000F12                     CCPR4H          equ	3858	;# 
   400   000F13                     T5GCON          equ	3859	;# 
   401   000F14                     T5CON           equ	3860	;# 
   402   000F15                     TMR5            equ	3861	;# 
   403   000F15                     TMR5L           equ	3861	;# 
   404   000F16                     TMR5H           equ	3862	;# 
   405   000F17                     SSP2MSK         equ	3863	;# 
   406   000F18                     SSP2CON2        equ	3864	;# 
   407   000F19                     SSP2CON1        equ	3865	;# 
   408   000F1A                     SSP2STAT        equ	3866	;# 
   409   000F1B                     PSTR3CON        equ	3867	;# 
   410   000F1C                     PSTR2CON        equ	3868	;# 
   411   000F1D                     TXREG2          equ	3869	;# 
   412   000F1E                     RCREG2          equ	3870	;# 
   413   000F1F                     SPBRG2          equ	3871	;# 
   414   000F20                     SPBRGH2         equ	3872	;# 
   415   000F21                     DSGPR3          equ	3873	;# 
   416   000F22                     DSGPR2          equ	3874	;# 
   417   000F23                     DSGPR1          equ	3875	;# 
   418   000F24                     DSGPR0          equ	3876	;# 
   419   000F25                     DSWAKEH         equ	3877	;# 
   420   000F26                     DSWAKEL         equ	3878	;# 
   421   000F27                     DSCONH          equ	3879	;# 
   422   000F28                     DSCONL          equ	3880	;# 
   423   000F29                     TXREG3          equ	3881	;# 
   424   000F2A                     RCREG3          equ	3882	;# 
   425   000F2B                     SPBRG3          equ	3883	;# 
   426   000F2C                     SPBRGH3         equ	3884	;# 
   427   000F2D                     BAUDCON3        equ	3885	;# 
   428   000F2E                     TXSTA3          equ	3886	;# 
   429   000F2F                     RCSTA3          equ	3887	;# 
   430   000F30                     SPBRGH1         equ	3888	;# 
   431   000F30                     SPBRGH          equ	3888	;# 
   432   000F31                     BAUDCON2        equ	3889	;# 
   433   000F32                     TXSTA2          equ	3890	;# 
   434   000F33                     RCSTA2          equ	3891	;# 
   435   000F34                     CCPTMRS2        equ	3892	;# 
   436   000F35                     CCPTMRS1        equ	3893	;# 
   437   000F36                     CCPTMRS0        equ	3894	;# 
   438   000F37                     CM3CON          equ	3895	;# 
   439   000F38                     CM2CON          equ	3896	;# 
   440   000F39                     SSP2CON3        equ	3897	;# 
   441   000F3A                     T8CON           equ	3898	;# 
   442   000F3B                     PR8             equ	3899	;# 
   443   000F3C                     TMR8            equ	3900	;# 
   444   000F3D                     T6CON           equ	3901	;# 
   445   000F3E                     PR6             equ	3902	;# 
   446   000F3F                     TMR6            equ	3903	;# 
   447   000F40                     CCP10CON        equ	3904	;# 
   448   000F41                     CCPR10          equ	3905	;# 
   449   000F41                     CCPR10L         equ	3905	;# 
   450   000F42                     CCPR10H         equ	3906	;# 
   451   000F43                     CCP9CON         equ	3907	;# 
   452   000F44                     CCPR9           equ	3908	;# 
   453   000F44                     CCPR9L          equ	3908	;# 
   454   000F45                     CCPR9H          equ	3909	;# 
   455   000F46                     CCP8CON         equ	3910	;# 
   456   000F47                     CCPR8           equ	3911	;# 
   457   000F47                     CCPR8L          equ	3911	;# 
   458   000F48                     CCPR8H          equ	3912	;# 
   459   000F49                     CCP3CON         equ	3913	;# 
   460   000F4A                     CCPR3           equ	3914	;# 
   461   000F4A                     CCPR3L          equ	3914	;# 
   462   000F4B                     CCPR3H          equ	3915	;# 
   463   000F4C                     ECCP3DEL        equ	3916	;# 
   464   000F4D                     ECCP3AS         equ	3917	;# 
   465   000F4E                     CCP2CON         equ	3918	;# 
   466   000F4F                     CCPR2           equ	3919	;# 
   467   000F4F                     CCPR2L          equ	3919	;# 
   468   000F50                     CCPR2H          equ	3920	;# 
   469   000F51                     ECCP2DEL        equ	3921	;# 
   470   000F52                     ECCP2AS         equ	3922	;# 
   471   000F53                     CM1CON          equ	3923	;# 
   472   000F54                     PADCFG1         equ	3924	;# 
   473   000F55                     IOCN            equ	3925	;# 
   474   000F56                     IOCP            equ	3926	;# 
   475   000F57                     RTCCON2         equ	3927	;# 
   476   000F58                     ALRMVALL        equ	3928	;# 
   477   000F59                     ALRMVALH        equ	3929	;# 
   478   000F5A                     ALRMRPT         equ	3930	;# 
   479   000F5B                     ALRMCFG         equ	3931	;# 
   480   000F5C                     RTCVALL         equ	3932	;# 
   481   000F5D                     RTCVALH         equ	3933	;# 
   482   000F5E                     RTCCAL          equ	3934	;# 
   483   000F5F                     RTCCON1         equ	3935	;# 
   484   000F60                     DMACON1         equ	3936	;# 
   485   000F61                     PIE6            equ	3937	;# 
   486   000F62                     WPUB            equ	3938	;# 
   487   000F63                     ACTCON          equ	3939	;# 
   488   000F64                     OSCCON4         equ	3940	;# 
   489   000F65                     OSCCON3         equ	3941	;# 
   490   000F66                     OSCCON2         equ	3942	;# 
   491   000F67                     BAUDCON1        equ	3943	;# 
   492   000F67                     BAUDCON         equ	3943	;# 
   493   000F68                     SSP1MSK         equ	3944	;# 
   494   000F69                     SSP1CON3        equ	3945	;# 
   495   000F6A                     TXBUF           equ	3946	;# 
   496   000F6B                     DMABCH          equ	3947	;# 
   497   000F6C                     DMABCL          equ	3948	;# 
   498   000F6D                     RXADDRH         equ	3949	;# 
   499   000F6E                     RXADDRL         equ	3950	;# 
   500   000F6F                     TXADDRH         equ	3951	;# 
   501   000F70                     TXADDRL         equ	3952	;# 
   502   000F71                     PORTVP          equ	3953	;# 
   503   000F72                     LATVP           equ	3954	;# 
   504   000F73                     TRISVP          equ	3955	;# 
   505   000F74                     UADDR           equ	3956	;# 
   506   000F75                     UCON            equ	3957	;# 
   507   000F76                     USTAT           equ	3958	;# 
   508   000F77                     UEIR            equ	3959	;# 
   509   000F78                     UIR             equ	3960	;# 
   510   000F79                     UFRM            equ	3961	;# 
   511   000F79                     UFRMH           equ	3961	;# 
   512   000F7A                     UFRML           equ	3962	;# 
   513   000F7B                     RCON4           equ	3963	;# 
   514   000F7C                     RCON3           equ	3964	;# 
   515   000F7D                     RCON2           equ	3965	;# 
   516   000F7E                     EECON2          equ	3966	;# 
   517   000F7F                     EECON1          equ	3967	;# 
   518   000F80                     PORTA           equ	3968	;# 
   519   000F81                     PORTB           equ	3969	;# 
   520   000F82                     PORTC           equ	3970	;# 
   521   000F83                     PORTD           equ	3971	;# 
   522   000F84                     PORTE           equ	3972	;# 
   523   000F85                     PORTF           equ	3973	;# 
   524   000F86                     PORTG           equ	3974	;# 
   525   000F87                     PORTH           equ	3975	;# 
   526   000F88                     PORTJ           equ	3976	;# 
   527   000F89                     LATA            equ	3977	;# 
   528   000F8A                     LATB            equ	3978	;# 
   529   000F8B                     LATC            equ	3979	;# 
   530   000F8C                     LATD            equ	3980	;# 
   531   000F8D                     LATE            equ	3981	;# 
   532   000F8E                     LATF            equ	3982	;# 
   533   000F8F                     LATG            equ	3983	;# 
   534   000F90                     LATH            equ	3984	;# 
   535   000F91                     LATJ            equ	3985	;# 
   536   000F92                     TRISA           equ	3986	;# 
   537   000F93                     TRISB           equ	3987	;# 
   538   000F94                     TRISC           equ	3988	;# 
   539   000F95                     TRISD           equ	3989	;# 
   540   000F96                     TRISE           equ	3990	;# 
   541   000F97                     TRISF           equ	3991	;# 
   542   000F98                     TRISG           equ	3992	;# 
   543   000F99                     TRISH           equ	3993	;# 
   544   000F9A                     TRISJ           equ	3994	;# 
   545   000F9B                     OSCTUNE         equ	3995	;# 
   546   000F9C                     PSTR1CON        equ	3996	;# 
   547   000F9D                     PIE1            equ	3997	;# 
   548   000F9E                     PIR1            equ	3998	;# 
   549   000F9F                     IPR1            equ	3999	;# 
   550   000FA0                     PIE2            equ	4000	;# 
   551   000FA1                     PIR2            equ	4001	;# 
   552   000FA2                     IPR2            equ	4002	;# 
   553   000FA3                     PIE3            equ	4003	;# 
   554   000FA4                     PIR3            equ	4004	;# 
   555   000FA5                     IPR3            equ	4005	;# 
   556   000FA6                     PIR6            equ	4006	;# 
   557   000FA7                     PSPCON          equ	4007	;# 
   558   000FA8                     HLVDCON         equ	4008	;# 
   559   000FA9                     IPR6            equ	4009	;# 
   560   000FAA                     T1GCON          equ	4010	;# 
   561   000FAB                     RCSTA1          equ	4011	;# 
   562   000FAB                     RCSTA           equ	4011	;# 
   563   000FAC                     TXSTA1          equ	4012	;# 
   564   000FAC                     TXSTA           equ	4012	;# 
   565   000FAD                     TXREG1          equ	4013	;# 
   566   000FAD                     TXREG           equ	4013	;# 
   567   000FAE                     RCREG1          equ	4014	;# 
   568   000FAE                     RCREG           equ	4014	;# 
   569   000FAF                     SPBRG1          equ	4015	;# 
   570   000FAF                     SPBRG           equ	4015	;# 
   571   000FB0                     T3GCON          equ	4016	;# 
   572   000FB1                     T3CON           equ	4017	;# 
   573   000FB2                     TMR3            equ	4018	;# 
   574   000FB2                     TMR3L           equ	4018	;# 
   575   000FB3                     TMR3H           equ	4019	;# 
   576   000FB4                     PIE4            equ	4020	;# 
   577   000FB5                     PIR4            equ	4021	;# 
   578   000FB6                     IPR4            equ	4022	;# 
   579   000FB7                     PIE5            equ	4023	;# 
   580   000FB8                     PIR5            equ	4024	;# 
   581   000FB9                     CCP1CON         equ	4025	;# 
   582   000FBA                     CCPR1           equ	4026	;# 
   583   000FBA                     CCPR1L          equ	4026	;# 
   584   000FBB                     CCPR1H          equ	4027	;# 
   585   000FBC                     ECCP1DEL        equ	4028	;# 
   586   000FBD                     ECCP1AS         equ	4029	;# 
   587   000FBE                     CVRCONL         equ	4030	;# 
   588   000FBF                     CVRCONH         equ	4031	;# 
   589   000FC0                     ADCON1L         equ	4032	;# 
   590   000FC1                     ADCON1H         equ	4033	;# 
   591   000FC2                     ADCBUF0         equ	4034	;# 
   592   000FC2                     ADCBUF0L        equ	4034	;# 
   593   000FC3                     ADCBUF0H        equ	4035	;# 
   594   000FC4                     CMSTAT          equ	4036	;# 
   595   000FC5                     SSP1CON2        equ	4037	;# 
   596   000FC6                     SSP1CON1        equ	4038	;# 
   597   000FC7                     SSP1STAT        equ	4039	;# 
   598   000FC8                     SSP1ADD         equ	4040	;# 
   599   000FC9                     SSP1BUF         equ	4041	;# 
   600   000FCA                     T2CON           equ	4042	;# 
   601   000FCB                     PR2             equ	4043	;# 
   602   000FCC                     TMR2            equ	4044	;# 
   603   000FCD                     T1CON           equ	4045	;# 
   604   000FCE                     TMR1            equ	4046	;# 
   605   000FCE                     TMR1L           equ	4046	;# 
   606   000FCF                     TMR1H           equ	4047	;# 
   607   000FD0                     RCON            equ	4048	;# 
   608   000FD1                     IOCF            equ	4049	;# 
   609   000FD2                     IPR5            equ	4050	;# 
   610   000FD3                     OSCCON          equ	4051	;# 
   611   000FD5                     T0CON           equ	4053	;# 
   612   000FD6                     TMR0            equ	4054	;# 
   613   000FD6                     TMR0L           equ	4054	;# 
   614   000FD7                     TMR0H           equ	4055	;# 
   615   000FD8                     STATUS          equ	4056	;# 
   616   000FD9                     FSR2            equ	4057	;# 
   617   000FD9                     FSR2L           equ	4057	;# 
   618   000FDA                     FSR2H           equ	4058	;# 
   619   000FDB                     PLUSW2          equ	4059	;# 
   620   000FDC                     PREINC2         equ	4060	;# 
   621   000FDD                     POSTDEC2        equ	4061	;# 
   622   000FDE                     POSTINC2        equ	4062	;# 
   623   000FDF                     INDF2           equ	4063	;# 
   624   000FE0                     BSR             equ	4064	;# 
   625   000FE1                     FSR1            equ	4065	;# 
   626   000FE1                     FSR1L           equ	4065	;# 
   627   000FE2                     FSR1H           equ	4066	;# 
   628   000FE3                     PLUSW1          equ	4067	;# 
   629   000FE4                     PREINC1         equ	4068	;# 
   630   000FE5                     POSTDEC1        equ	4069	;# 
   631   000FE6                     POSTINC1        equ	4070	;# 
   632   000FE7                     INDF1           equ	4071	;# 
   633   000FE8                     WREG            equ	4072	;# 
   634   000FE9                     FSR0            equ	4073	;# 
   635   000FE9                     FSR0L           equ	4073	;# 
   636   000FEA                     FSR0H           equ	4074	;# 
   637   000FEB                     PLUSW0          equ	4075	;# 
   638   000FEC                     PREINC0         equ	4076	;# 
   639   000FED                     POSTDEC0        equ	4077	;# 
   640   000FEE                     POSTINC0        equ	4078	;# 
   641   000FEF                     INDF0           equ	4079	;# 
   642   000FF0                     INTCON3         equ	4080	;# 
   643   000FF1                     INTCON2         equ	4081	;# 
   644   000FF2                     INTCON          equ	4082	;# 
   645   000FF3                     PROD            equ	4083	;# 
   646   000FF3                     PRODL           equ	4083	;# 
   647   000FF4                     PRODH           equ	4084	;# 
   648   000FF5                     TABLAT          equ	4085	;# 
   649   000FF6                     TBLPTR          equ	4086	;# 
   650   000FF6                     TBLPTRL         equ	4086	;# 
   651   000FF7                     TBLPTRH         equ	4087	;# 
   652   000FF8                     TBLPTRU         equ	4088	;# 
   653   000FF9                     PCLAT           equ	4089	;# 
   654   000FF9                     PC              equ	4089	;# 
   655   000FF9                     PCL             equ	4089	;# 
   656   000FFA                     PCLATH          equ	4090	;# 
   657   000FFB                     PCLATU          equ	4091	;# 
   658   000FFC                     STKPTR          equ	4092	;# 
   659   000FFD                     TOS             equ	4093	;# 
   660   000FFD                     TOSL            equ	4093	;# 
   661   000FFE                     TOSH            equ	4094	;# 
   662   000FFF                     TOSU            equ	4095	;# 
   663   000F03                     _SSP2BUF        set	3843
   664   000F18                     _SSP2CON2bits   set	3864
   665   000F18                     _SSP2CON2       set	3864
   666   000F19                     _SSP2CON1       set	3865
   667   000F02                     _SSP2ADD        set	3842
   668   000F1A                     _SSP2STATbits   set	3866
   669   000F1A                     _SSP2STAT       set	3866
   670   000F19                     _SSP2CON1bits   set	3865
   671   000F95                     _TRISDbits      set	3989
   672                           
   673                           ; #config settings
   674                           
   675                           	psect	cinit
   676   001154                     __pcinit:
   677                           	callstack 0
   678   001154                     start_initialization:
   679                           	callstack 0
   680   001154                     __initialization:
   681                           	callstack 0
   682                           
   683                           ; Clear objects allocated to COMRAM (5 bytes)
   684   001154  6A0B               	clrf	(__pbssCOMRAM+4)& (0+255),c
   685   001156  6A0A               	clrf	(__pbssCOMRAM+3)& (0+255),c
   686   001158  6A09               	clrf	(__pbssCOMRAM+2)& (0+255),c
   687   00115A  6A08               	clrf	(__pbssCOMRAM+1)& (0+255),c
   688   00115C  6A07               	clrf	__pbssCOMRAM& (0+255),c
   689   00115E                     end_of_initialization:
   690                           	callstack 0
   691   00115E                     __end_of__initialization:
   692                           	callstack 0
   693   00115E  0100               	movlb	0
   694   001160  EF34  F008         	goto	_main	;jump to C main() function
   695                           
   696                           	psect	bssCOMRAM
   697   000007                     __pbssCOMRAM:
   698                           	callstack 0
   699   000007                     _vout_mv:
   700                           	callstack 0
   701   000007                     	ds	4
   702   00000B                     _val:
   703                           	callstack 0
   704   00000B                     	ds	1
   705                           
   706                           	psect	cstackCOMRAM
   707   000001                     __pcstackCOMRAM:
   708                           	callstack 0
   709   000001                     I2C_write@data:
   710                           	callstack 0
   711   000001                     ??_I2C_init:
   712   000001                     
   713                           ; 1 bytes @ 0x0
   714   000001                     	ds	1
   715   000002                     MCP4561_writeTCON@config:
   716                           	callstack 0
   717   000002                     ??_MCP4561_writeWiper:
   718   000002                     
   719                           ; 1 bytes @ 0x1
   720   000002                     	ds	2
   721   000004                     MCP4561_writeWiper@value:
   722                           	callstack 0
   723                           
   724                           ; 1 bytes @ 0x3
   725   000004                     	ds	1
   726   000005                     ??_main:
   727                           
   728                           ; 1 bytes @ 0x4
   729   000005                     	ds	2
   730                           
   731 ;;
   732 ;;Main: autosize = 0, tempsize = 2, incstack = 0, save=0
   733 ;;
   734 ;; *************** function _main *****************
   735 ;; Defined at:
   736 ;;		line 249 in file "digitalpot.c"
   737 ;; Parameters:    Size  Location     Type
   738 ;;		None
   739 ;; Auto vars:     Size  Location     Type
   740 ;;		None
   741 ;; Return value:  Size  Location     Type
   742 ;;                  1    wreg      void 
   743 ;; Registers used:
   744 ;;		wreg, status,2, cstack
   745 ;; Tracked objects:
   746 ;;		On entry : 0/0
   747 ;;		On exit  : 0/0
   748 ;;		Unchanged: 0/0
   749 ;; Data sizes:     COMRAM   BANK0   BANK1   BANK2   BANK3   BANK4   BANK5   BANK6   BANK7   BANK8   BANK9  BANK10  BANK1
      +1  BANK12  BANK13
   750 ;;      Params:         0       0       0       0       0       0       0       0       0       0       0       0       
      +0       0       0
   751 ;;      Locals:         0       0       0       0       0       0       0       0       0       0       0       0       
      +0       0       0
   752 ;;      Temps:          2       0       0       0       0       0       0       0       0       0       0       0       
      +0       0       0
   753 ;;      Totals:         2       0       0       0       0       0       0       0       0       0       0       0       
      +0       0       0
   754 ;;Total ram usage:        2 bytes
   755 ;; Hardware stack levels required when called: 2
   756 ;; This function calls:
   757 ;;		_I2C_init
   758 ;;		_MCP4561_writeTCON
   759 ;;		_MCP4561_writeWiper
   760 ;; This function is called by:
   761 ;;		Startup code after reset
   762 ;; This function uses a non-reentrant model
   763 ;;
   764                           
   765                           	psect	text0
   766   001068                     __ptext0:
   767                           	callstack 0
   768   001068                     _main:
   769                           	callstack 29
   770   001068                     
   771                           ;digitalpot.c: 250:     _delay((unsigned long)((100)*(16000000/4000.0)));
   772   001068  0E03               	movlw	3
   773   00106A  6E06               	movwf	(??_main+1)^0,c
   774   00106C  0E08               	movlw	8
   775   00106E  6E05               	movwf	??_main^0,c
   776   001070  0E77               	movlw	119
   777   001072                     u77:
   778   001072  2EE8               	decfsz	wreg,f,c
   779   001074  D7FE               	bra	u77
   780   001076  2E05               	decfsz	??_main^0,f,c
   781   001078  D7FC               	bra	u77
   782   00107A  2E06               	decfsz	(??_main+1)^0,f,c
   783   00107C  D7FA               	bra	u77
   784   00107E  0000               	nop	
   785   001080                     
   786                           ;digitalpot.c: 251:     I2C_init();
   787   001080  EC63  F008         	call	_I2C_init	;wreg free
   788   001084                     
   789                           ;digitalpot.c: 253:     MCP4561_writeTCON(0x0F);
   790   001084  0E0F               	movlw	15
   791   001086  EC7B  F008         	call	_MCP4561_writeTCON
   792   00108A                     
   793                           ;digitalpot.c: 254:     MCP4561_writeWiper(0x02);
   794   00108A  0E02               	movlw	2
   795   00108C  EC01  F008         	call	_MCP4561_writeWiper
   796   001090                     
   797                           ;digitalpot.c: 255:     _delay((unsigned long)((100)*(16000000/4000.0)));
   798   001090  0E03               	movlw	3
   799   001092  6E06               	movwf	(??_main+1)^0,c
   800   001094  0E08               	movlw	8
   801   001096  6E05               	movwf	??_main^0,c
   802   001098  0E77               	movlw	119
   803   00109A                     u87:
   804   00109A  2EE8               	decfsz	wreg,f,c
   805   00109C  D7FE               	bra	u87
   806   00109E  2E05               	decfsz	??_main^0,f,c
   807   0010A0  D7FC               	bra	u87
   808   0010A2  2E06               	decfsz	(??_main+1)^0,f,c
   809   0010A4  D7FA               	bra	u87
   810   0010A6  0000               	nop	
   811   0010A8                     l841:
   812                           
   813                           ;digitalpot.c: 261:         _delay((unsigned long)((500)*(16000000/4000.0)));
   814   0010A8  0E0B               	movlw	11
   815   0010AA  6E06               	movwf	(??_main+1)^0,c
   816   0010AC  0E26               	movlw	38
   817   0010AE  6E05               	movwf	??_main^0,c
   818   0010B0  0E5E               	movlw	94
   819   0010B2                     u97:
   820   0010B2  2EE8               	decfsz	wreg,f,c
   821   0010B4  D7FE               	bra	u97
   822   0010B6  2E05               	decfsz	??_main^0,f,c
   823   0010B8  D7FC               	bra	u97
   824   0010BA  2E06               	decfsz	(??_main+1)^0,f,c
   825   0010BC  D7FA               	bra	u97
   826   0010BE  EF54  F008         	goto	l841
   827   0010C2  EFF6  F0FF         	goto	start
   828   0010C6                     __end_of_main:
   829                           	callstack 0
   830                           
   831 ;; *************** function _MCP4561_writeWiper *****************
   832 ;; Defined at:
   833 ;;		line 209 in file "digitalpot.c"
   834 ;; Parameters:    Size  Location     Type
   835 ;;  value           1    wreg     unsigned char 
   836 ;; Auto vars:     Size  Location     Type
   837 ;;  value           1    3[COMRAM] unsigned char 
   838 ;;  command         1    0        unsigned char 
   839 ;; Return value:  Size  Location     Type
   840 ;;                  1    wreg      void 
   841 ;; Registers used:
   842 ;;		wreg, status,2, cstack
   843 ;; Tracked objects:
   844 ;;		On entry : 0/0
   845 ;;		On exit  : 0/0
   846 ;;		Unchanged: 0/0
   847 ;; Data sizes:     COMRAM   BANK0   BANK1   BANK2   BANK3   BANK4   BANK5   BANK6   BANK7   BANK8   BANK9  BANK10  BANK1
      +1  BANK12  BANK13
   848 ;;      Params:         0       0       0       0       0       0       0       0       0       0       0       0       
      +0       0       0
   849 ;;      Locals:         1       0       0       0       0       0       0       0       0       0       0       0       
      +0       0       0
   850 ;;      Temps:          2       0       0       0       0       0       0       0       0       0       0       0       
      +0       0       0
   851 ;;      Totals:         3       0       0       0       0       0       0       0       0       0       0       0       
      +0       0       0
   852 ;;Total ram usage:        3 bytes
   853 ;; Hardware stack levels used: 1
   854 ;; Hardware stack levels required when called: 1
   855 ;; This function calls:
   856 ;;		_I2C_start
   857 ;;		_I2C_stop
   858 ;;		_I2C_write
   859 ;; This function is called by:
   860 ;;		_main
   861 ;; This function uses a non-reentrant model
   862 ;;
   863                           
   864                           	psect	text1
   865   001002                     __ptext1:
   866                           	callstack 0
   867   001002                     _MCP4561_writeWiper:
   868                           	callstack 29
   869                           
   870                           ;incstack = 0
   871                           ;MCP4561_writeWiper@value stored from wreg
   872   001002  6E04               	movwf	MCP4561_writeWiper@value^0,c
   873   001004                     
   874                           ;digitalpot.c: 212:     I2C_start();
   875   001004  ECA0  F008         	call	_I2C_start	;wreg free
   876   001008                     
   877                           ;digitalpot.c: 213:     I2C_write((0x2F << 1) | 0);
   878   001008  0E5E               	movlw	94
   879   00100A  EC8A  F008         	call	_I2C_write
   880                           
   881                           ;digitalpot.c: 214:     _delay((unsigned long)((2)*(16000000/4000.0)));
   882   00100E  0E0B               	movlw	11
   883   001010  6E02               	movwf	??_MCP4561_writeWiper^0,c
   884   001012  0E62               	movlw	98
   885   001014                     u107:
   886   001014  2EE8               	decfsz	wreg,f,c
   887   001016  D7FE               	bra	u107
   888   001018  2E02               	decfsz	??_MCP4561_writeWiper^0,f,c
   889   00101A  D7FC               	bra	u107
   890   00101C  D000               	nop2	
   891   00101E                     
   892                           ;digitalpot.c: 215:     I2C_write(command);
   893   00101E  0E00               	movlw	0
   894   001020  EC8A  F008         	call	_I2C_write
   895   001024                     
   896                           ;digitalpot.c: 216:     _delay((unsigned long)((2)*(16000000/4000.0)));
   897   001024  0E0B               	movlw	11
   898   001026  6E02               	movwf	??_MCP4561_writeWiper^0,c
   899   001028  0E62               	movlw	98
   900   00102A                     u117:
   901   00102A  2EE8               	decfsz	wreg,f,c
   902   00102C  D7FE               	bra	u117
   903   00102E  2E02               	decfsz	??_MCP4561_writeWiper^0,f,c
   904   001030  D7FC               	bra	u117
   905   001032  D000               	nop2	
   906                           
   907                           ;digitalpot.c: 217:     I2C_write(value);
   908   001034  5004               	movf	MCP4561_writeWiper@value^0,w,c
   909   001036  EC8A  F008         	call	_I2C_write
   910   00103A                     
   911                           ;digitalpot.c: 218:     _delay((unsigned long)((2)*(16000000/4000.0)));
   912   00103A  0E0B               	movlw	11
   913   00103C  6E02               	movwf	??_MCP4561_writeWiper^0,c
   914   00103E  0E62               	movlw	98
   915   001040                     u127:
   916   001040  2EE8               	decfsz	wreg,f,c
   917   001042  D7FE               	bra	u127
   918   001044  2E02               	decfsz	??_MCP4561_writeWiper^0,f,c
   919   001046  D7FC               	bra	u127
   920   001048  D000               	nop2	
   921   00104A                     
   922                           ;digitalpot.c: 219:     I2C_stop();
   923   00104A  EC96  F008         	call	_I2C_stop	;wreg free
   924   00104E                     
   925                           ;digitalpot.c: 220:     _delay((unsigned long)((100)*(16000000/4000.0)));
   926   00104E  0E03               	movlw	3
   927   001050  6E03               	movwf	(??_MCP4561_writeWiper+1)^0,c
   928   001052  0E08               	movlw	8
   929   001054  6E02               	movwf	??_MCP4561_writeWiper^0,c
   930   001056  0E77               	movlw	119
   931   001058                     u137:
   932   001058  2EE8               	decfsz	wreg,f,c
   933   00105A  D7FE               	bra	u137
   934   00105C  2E02               	decfsz	??_MCP4561_writeWiper^0,f,c
   935   00105E  D7FC               	bra	u137
   936   001060  2E03               	decfsz	(??_MCP4561_writeWiper+1)^0,f,c
   937   001062  D7FA               	bra	u137
   938   001064  0000               	nop	
   939   001066  0012               	return		;funcret
   940   001068                     __end_of_MCP4561_writeWiper:
   941                           	callstack 0
   942                           
   943 ;; *************** function _MCP4561_writeTCON *****************
   944 ;; Defined at:
   945 ;;		line 238 in file "digitalpot.c"
   946 ;; Parameters:    Size  Location     Type
   947 ;;  config          1    wreg     unsigned char 
   948 ;; Auto vars:     Size  Location     Type
   949 ;;  config          1    1[COMRAM] unsigned char 
   950 ;;  command         1    0        unsigned char 
   951 ;; Return value:  Size  Location     Type
   952 ;;                  1    wreg      void 
   953 ;; Registers used:
   954 ;;		wreg, status,2, cstack
   955 ;; Tracked objects:
   956 ;;		On entry : 0/0
   957 ;;		On exit  : 0/0
   958 ;;		Unchanged: 0/0
   959 ;; Data sizes:     COMRAM   BANK0   BANK1   BANK2   BANK3   BANK4   BANK5   BANK6   BANK7   BANK8   BANK9  BANK10  BANK1
      +1  BANK12  BANK13
   960 ;;      Params:         0       0       0       0       0       0       0       0       0       0       0       0       
      +0       0       0
   961 ;;      Locals:         1       0       0       0       0       0       0       0       0       0       0       0       
      +0       0       0
   962 ;;      Temps:          0       0       0       0       0       0       0       0       0       0       0       0       
      +0       0       0
   963 ;;      Totals:         1       0       0       0       0       0       0       0       0       0       0       0       
      +0       0       0
   964 ;;Total ram usage:        1 bytes
   965 ;; Hardware stack levels used: 1
   966 ;; Hardware stack levels required when called: 1
   967 ;; This function calls:
   968 ;;		_I2C_start
   969 ;;		_I2C_stop
   970 ;;		_I2C_write
   971 ;; This function is called by:
   972 ;;		_main
   973 ;; This function uses a non-reentrant model
   974 ;;
   975                           
   976                           	psect	text2
   977   0010F6                     __ptext2:
   978                           	callstack 0
   979   0010F6                     _MCP4561_writeTCON:
   980                           	callstack 29
   981                           
   982                           ;incstack = 0
   983                           ;MCP4561_writeTCON@config stored from wreg
   984   0010F6  6E02               	movwf	MCP4561_writeTCON@config^0,c
   985   0010F8                     
   986                           ;digitalpot.c: 240:     I2C_start();
   987   0010F8  ECA0  F008         	call	_I2C_start	;wreg free
   988   0010FC                     
   989                           ;digitalpot.c: 241:     I2C_write((0x2F << 1) | 0);
   990   0010FC  0E5E               	movlw	94
   991   0010FE  EC8A  F008         	call	_I2C_write
   992   001102                     
   993                           ;digitalpot.c: 242:     I2C_write(command);
   994   001102  0E10               	movlw	16
   995   001104  EC8A  F008         	call	_I2C_write
   996   001108                     
   997                           ;digitalpot.c: 243:     I2C_write(config);
   998   001108  5002               	movf	MCP4561_writeTCON@config^0,w,c
   999   00110A  EC8A  F008         	call	_I2C_write
  1000   00110E                     
  1001                           ;digitalpot.c: 244:     I2C_stop();
  1002   00110E  EC96  F008         	call	_I2C_stop	;wreg free
  1003   001112  0012               	return		;funcret
  1004   001114                     __end_of_MCP4561_writeTCON:
  1005                           	callstack 0
  1006                           
  1007 ;; *************** function _I2C_write *****************
  1008 ;; Defined at:
  1009 ;;		line 189 in file "digitalpot.c"
  1010 ;; Parameters:    Size  Location     Type
  1011 ;;  data            1    wreg     unsigned char 
  1012 ;; Auto vars:     Size  Location     Type
  1013 ;;  data            1    0[COMRAM] unsigned char 
  1014 ;; Return value:  Size  Location     Type
  1015 ;;                  1    wreg      void 
  1016 ;; Registers used:
  1017 ;;		wreg
  1018 ;; Tracked objects:
  1019 ;;		On entry : 0/0
  1020 ;;		On exit  : 0/0
  1021 ;;		Unchanged: 0/0
  1022 ;; Data sizes:     COMRAM   BANK0   BANK1   BANK2   BANK3   BANK4   BANK5   BANK6   BANK7   BANK8   BANK9  BANK10  BANK1
      +1  BANK12  BANK13
  1023 ;;      Params:         0       0       0       0       0       0       0       0       0       0       0       0       
      +0       0       0
  1024 ;;      Locals:         1       0       0       0       0       0       0       0       0       0       0       0       
      +0       0       0
  1025 ;;      Temps:          0       0       0       0       0       0       0       0       0       0       0       0       
      +0       0       0
  1026 ;;      Totals:         1       0       0       0       0       0       0       0       0       0       0       0       
      +0       0       0
  1027 ;;Total ram usage:        1 bytes
  1028 ;; Hardware stack levels used: 1
  1029 ;; This function calls:
  1030 ;;		Nothing
  1031 ;; This function is called by:
  1032 ;;		_MCP4561_writeWiper
  1033 ;;		_MCP4561_writeTCON
  1034 ;;		_MCP4561_readWiper
  1035 ;; This function uses a non-reentrant model
  1036 ;;
  1037                           
  1038                           	psect	text3
  1039   001114                     __ptext3:
  1040                           	callstack 0
  1041   001114                     _I2C_write:
  1042                           	callstack 29
  1043                           
  1044                           ;incstack = 0
  1045                           ;I2C_write@data stored from wreg
  1046   001114  6E01               	movwf	I2C_write@data^0,c
  1047   001116                     
  1048                           ;digitalpot.c: 190:     SSP2BUF = data;
  1049   001116  C001  FF03         	movff	I2C_write@data,3843	;volatile
  1050   00111A                     l48:
  1051   00111A  010F               	movlb	15	; () banked
  1052   00111C  A11A               	btfss	26,0,b	;volatile
  1053   00111E  EF93  F008         	goto	u31
  1054   001122  EF95  F008         	goto	u30
  1055   001126                     u31:
  1056   001126  EF8D  F008         	goto	l48
  1057   00112A                     u30:
  1058   00112A                     
  1059                           ; BSR set to: 15
  1060   00112A  0012               	return		;funcret
  1061   00112C                     __end_of_I2C_write:
  1062                           	callstack 0
  1063                           
  1064 ;; *************** function _I2C_stop *****************
  1065 ;; Defined at:
  1066 ;;		line 179 in file "digitalpot.c"
  1067 ;; Parameters:    Size  Location     Type
  1068 ;;		None
  1069 ;; Auto vars:     Size  Location     Type
  1070 ;;		None
  1071 ;; Return value:  Size  Location     Type
  1072 ;;                  1    wreg      void 
  1073 ;; Registers used:
  1074 ;;		None
  1075 ;; Tracked objects:
  1076 ;;		On entry : 0/0
  1077 ;;		On exit  : 0/0
  1078 ;;		Unchanged: 0/0
  1079 ;; Data sizes:     COMRAM   BANK0   BANK1   BANK2   BANK3   BANK4   BANK5   BANK6   BANK7   BANK8   BANK9  BANK10  BANK1
      +1  BANK12  BANK13
  1080 ;;      Params:         0       0       0       0       0       0       0       0       0       0       0       0       
      +0       0       0
  1081 ;;      Locals:         0       0       0       0       0       0       0       0       0       0       0       0       
      +0       0       0
  1082 ;;      Temps:          0       0       0       0       0       0       0       0       0       0       0       0       
      +0       0       0
  1083 ;;      Totals:         0       0       0       0       0       0       0       0       0       0       0       0       
      +0       0       0
  1084 ;;Total ram usage:        0 bytes
  1085 ;; Hardware stack levels used: 1
  1086 ;; This function calls:
  1087 ;;		Nothing
  1088 ;; This function is called by:
  1089 ;;		_MCP4561_writeWiper
  1090 ;;		_MCP4561_writeTCON
  1091 ;;		_MCP4561_readWiper
  1092 ;; This function uses a non-reentrant model
  1093 ;;
  1094                           
  1095                           	psect	text4
  1096   00112C                     __ptext4:
  1097                           	callstack 0
  1098   00112C                     _I2C_stop:
  1099                           	callstack 29
  1100   00112C                     
  1101                           ;digitalpot.c: 180:     SSP2CON2bits.PEN = 1;
  1102   00112C  010F               	movlb	15	; () banked
  1103   00112E  8518               	bsf	24,2,b	;volatile
  1104   001130                     l36:
  1105                           
  1106                           ; BSR set to: 15
  1107   001130  B518               	btfsc	24,2,b	;volatile
  1108   001132  EF9D  F008         	goto	u21
  1109   001136  EF9F  F008         	goto	u20
  1110   00113A                     u21:
  1111   00113A  EF98  F008         	goto	l36
  1112   00113E                     u20:
  1113   00113E                     
  1114                           ; BSR set to: 15
  1115   00113E  0012               	return		;funcret
  1116   001140                     __end_of_I2C_stop:
  1117                           	callstack 0
  1118                           
  1119 ;; *************** function _I2C_start *****************
  1120 ;; Defined at:
  1121 ;;		line 174 in file "digitalpot.c"
  1122 ;; Parameters:    Size  Location     Type
  1123 ;;		None
  1124 ;; Auto vars:     Size  Location     Type
  1125 ;;		None
  1126 ;; Return value:  Size  Location     Type
  1127 ;;                  1    wreg      void 
  1128 ;; Registers used:
  1129 ;;		None
  1130 ;; Tracked objects:
  1131 ;;		On entry : 0/0
  1132 ;;		On exit  : 0/0
  1133 ;;		Unchanged: 0/0
  1134 ;; Data sizes:     COMRAM   BANK0   BANK1   BANK2   BANK3   BANK4   BANK5   BANK6   BANK7   BANK8   BANK9  BANK10  BANK1
      +1  BANK12  BANK13
  1135 ;;      Params:         0       0       0       0       0       0       0       0       0       0       0       0       
      +0       0       0
  1136 ;;      Locals:         0       0       0       0       0       0       0       0       0       0       0       0       
      +0       0       0
  1137 ;;      Temps:          0       0       0       0       0       0       0       0       0       0       0       0       
      +0       0       0
  1138 ;;      Totals:         0       0       0       0       0       0       0       0       0       0       0       0       
      +0       0       0
  1139 ;;Total ram usage:        0 bytes
  1140 ;; Hardware stack levels used: 1
  1141 ;; This function calls:
  1142 ;;		Nothing
  1143 ;; This function is called by:
  1144 ;;		_MCP4561_writeWiper
  1145 ;;		_MCP4561_writeTCON
  1146 ;;		_MCP4561_readWiper
  1147 ;; This function uses a non-reentrant model
  1148 ;;
  1149                           
  1150                           	psect	text5
  1151   001140                     __ptext5:
  1152                           	callstack 0
  1153   001140                     _I2C_start:
  1154                           	callstack 29
  1155   001140                     
  1156                           ;digitalpot.c: 175:     SSP2CON2bits.SEN = 1;
  1157   001140  010F               	movlb	15	; () banked
  1158   001142  8118               	bsf	24,0,b	;volatile
  1159   001144                     l30:
  1160                           
  1161                           ; BSR set to: 15
  1162   001144  B118               	btfsc	24,0,b	;volatile
  1163   001146  EFA7  F008         	goto	u11
  1164   00114A  EFA9  F008         	goto	u10
  1165   00114E                     u11:
  1166   00114E  EFA2  F008         	goto	l30
  1167   001152                     u10:
  1168   001152                     
  1169                           ; BSR set to: 15
  1170   001152  0012               	return		;funcret
  1171   001154                     __end_of_I2C_start:
  1172                           	callstack 0
  1173                           
  1174 ;; *************** function _I2C_init *****************
  1175 ;; Defined at:
  1176 ;;		line 159 in file "digitalpot.c"
  1177 ;; Parameters:    Size  Location     Type
  1178 ;;		None
  1179 ;; Auto vars:     Size  Location     Type
  1180 ;;		None
  1181 ;; Return value:  Size  Location     Type
  1182 ;;                  1    wreg      void 
  1183 ;; Registers used:
  1184 ;;		wreg, status,2
  1185 ;; Tracked objects:
  1186 ;;		On entry : 0/0
  1187 ;;		On exit  : 0/0
  1188 ;;		Unchanged: 0/0
  1189 ;; Data sizes:     COMRAM   BANK0   BANK1   BANK2   BANK3   BANK4   BANK5   BANK6   BANK7   BANK8   BANK9  BANK10  BANK1
      +1  BANK12  BANK13
  1190 ;;      Params:         0       0       0       0       0       0       0       0       0       0       0       0       
      +0       0       0
  1191 ;;      Locals:         0       0       0       0       0       0       0       0       0       0       0       0       
      +0       0       0
  1192 ;;      Temps:          2       0       0       0       0       0       0       0       0       0       0       0       
      +0       0       0
  1193 ;;      Totals:         2       0       0       0       0       0       0       0       0       0       0       0       
      +0       0       0
  1194 ;;Total ram usage:        2 bytes
  1195 ;; Hardware stack levels used: 1
  1196 ;; This function calls:
  1197 ;;		Nothing
  1198 ;; This function is called by:
  1199 ;;		_main
  1200 ;; This function uses a non-reentrant model
  1201 ;;
  1202                           
  1203                           	psect	text6
  1204   0010C6                     __ptext6:
  1205                           	callstack 0
  1206   0010C6                     _I2C_init:
  1207                           	callstack 30
  1208   0010C6                     
  1209                           ;digitalpot.c: 160:     _delay((unsigned long)((50)*(16000000/4000.0)));
  1210   0010C6  0E02               	movlw	2
  1211   0010C8  6E02               	movwf	(??_I2C_init+1)^0,c
  1212   0010CA  0E04               	movlw	4
  1213   0010CC  6E01               	movwf	??_I2C_init^0,c
  1214   0010CE  0EBA               	movlw	186
  1215   0010D0                     u147:
  1216   0010D0  2EE8               	decfsz	wreg,f,c
  1217   0010D2  D7FE               	bra	u147
  1218   0010D4  2E01               	decfsz	??_I2C_init^0,f,c
  1219   0010D6  D7FC               	bra	u147
  1220   0010D8  2E02               	decfsz	(??_I2C_init+1)^0,f,c
  1221   0010DA  D7FA               	bra	u147
  1222   0010DC  D000               	nop2	
  1223   0010DE                     
  1224                           ;digitalpot.c: 161:     SSP2CON1bits.SSPEN = 1;
  1225   0010DE  010F               	movlb	15	; () banked
  1226   0010E0  8B19               	bsf	25,5,b	;volatile
  1227   0010E2                     
  1228                           ; BSR set to: 15
  1229                           ;digitalpot.c: 162:     SSP2STAT = 0x00;
  1230   0010E2  6B1A               	clrf	26,b	;volatile
  1231   0010E4                     
  1232                           ; BSR set to: 15
  1233                           ;digitalpot.c: 163:     SSP2STATbits.SMP = 1;
  1234   0010E4  8F1A               	bsf	26,7,b	;volatile
  1235   0010E6                     
  1236                           ; BSR set to: 15
  1237                           ;digitalpot.c: 164:     SSP2ADD = 0x27;
  1238   0010E6  0E27               	movlw	39
  1239   0010E8  6F02               	movwf	2,b	;volatile
  1240   0010EA                     
  1241                           ; BSR set to: 15
  1242                           ;digitalpot.c: 165:     SSP2CON1 = 0x28;
  1243   0010EA  0E28               	movlw	40
  1244   0010EC  6F19               	movwf	25,b	;volatile
  1245   0010EE                     
  1246                           ; BSR set to: 15
  1247                           ;digitalpot.c: 166:     SSP2CON2 = 0x00;
  1248   0010EE  6B18               	clrf	24,b	;volatile
  1249   0010F0                     
  1250                           ; BSR set to: 15
  1251                           ;digitalpot.c: 168:     TRISDbits.TRISD5 = 1;
  1252   0010F0  8A95               	bsf	149,5,c	;volatile
  1253   0010F2                     
  1254                           ; BSR set to: 15
  1255                           ;digitalpot.c: 169:     TRISDbits.TRISD6 = 1;
  1256   0010F2  8C95               	bsf	149,6,c	;volatile
  1257   0010F4                     
  1258                           ; BSR set to: 15
  1259   0010F4  0012               	return		;funcret
  1260   0010F6                     __end_of_I2C_init:
  1261                           	callstack 0
  1262                           
  1263                           	psect	smallconst
  1264   001000                     __psmallconst:
  1265                           	callstack 0
  1266   001000  00                 	db	0
  1267   001001  00                 	db	0	; dummy byte at the end
  1268   001000                     __smallconst    set	__psmallconst
  1269   001000                     __mediumconst   set	__psmallconst
  1270   000000                     __activetblptr  equ	0
  1271                           
  1272                           	psect	rparam
  1273   000001                     ___rparam_used  equ	1
  1274   000000                     ___param_bank   equ	0
  1275   000000                     __Lparam        equ	__Lrparam
  1276   000000                     __Hparam        equ	__Hrparam
  1277                           
  1278                           	psect	config
  1279                           
  1280                           ;Config register CONFIG1L @ 0x1FFF0
  1281                           ;	Stack Overflow/Underflow Reset
  1282                           ;	STVREN = OFF, Disabled
  1283                           ;	Extended Instruction Set
  1284                           ;	XINST = OFF, Disabled
  1285   01FFF0                     	org	131056
  1286   01FFF0  80                 	db	128
  1287                           
  1288                           ;Config register CONFIG1H @ 0x1FFF1
  1289                           ;	Brown-Out Reset Enable
  1290                           ;	BOREN = OFF, Disabled in hardware
  1291                           ;	Brown-out Reset Voltage
  1292                           ;	BORV = 0, 2.0V
  1293                           ;	Code Protect
  1294                           ;	CP0 = OFF, Program memory is not code-protected
  1295   01FFF1                     	org	131057
  1296   01FFF1  F4                 	db	244
  1297                           
  1298                           ;Config register CONFIG2L @ 0x1FFF2
  1299                           ;	Oscillator
  1300                           ;	FOSC = FRCDIV, Fast RC Oscillator with Postscaler (FRCDIV)
  1301                           ;	T1OSC/SOSC Power Selection Bits
  1302                           ;	SOSCSEL = LOW, Low Power T1OSC/SOSC circuit selected
  1303                           ;	Clock Out Enable Bit
  1304                           ;	CLKOEN = ON, CLKO output enabled on the RA6 pin
  1305                           ;	Internal External Oscillator Switch Over Mode
  1306                           ;	IESO = ON, Enabled
  1307   01FFF2                     	org	131058
  1308   01FFF2  AF                 	db	175
  1309                           
  1310                           ;Config register CONFIG2H @ 0x1FFF3
  1311                           ;	PLL Frequency Multiplier Select bits
  1312                           ;	PLLDIV = NODIV, 96 MHz PLL selected; No divide - Oscillator used directly (4 MHz input
      +                          )
  1313   01FFF3                     	org	131059
  1314   01FFF3  F0                 	db	240
  1315                           
  1316                           ;Config register CONFIG3L @ 0x1FFF4
  1317                           ;	Primary Oscillator Select
  1318                           ;	POSCMD = HS, HS oscillator mode selected(10 MHz - 40 MHz)
  1319                           ;	Clock Switching and Monitor Selection Configuration bits
  1320                           ;	FSCM = CSECMD, Clock switching is enabled, fail safe clock monitor is disabled
  1321   01FFF4                     	org	131060
  1322   01FFF4  12                 	db	18
  1323                           
  1324                           ;Config register CONFIG3H @ 0x1FFF5
  1325                           ;	unspecified, using default values
  1326   01FFF5                     	org	131061
  1327   01FFF5  F0                 	db	240
  1328                           
  1329                           ;Config register CONFIG4L @ 0x1FFF6
  1330                           ;	Write/Erase Protect Page Start/End Boundary
  1331                           ;	WPFP = WPFP255, Write Protect Program Flash Page 255
  1332   01FFF6                     	org	131062
  1333   01FFF6  FF                 	db	255
  1334                           
  1335                           ;Config register CONFIG4H @ 0x1FFF7
  1336                           ;	Segment Write Protection Disable
  1337                           ;	WPDIS = WPDIS, Disabled
  1338                           ;	Segment Write Protection End Page Select
  1339                           ;	WPEND = WPENDMEM, Write Protect from WPFP to the last page of memory
  1340                           ;	Write Protect Configuration Page Select
  1341                           ;	WPCFG = WPCFGDIS, Disabled
  1342   01FFF7                     	org	131063
  1343   01FFF7  F7                 	db	247
  1344                           
  1345                           ;Config register CONFIG5L @ 0x1FFF8
  1346                           ;	TMR5 Gate Select bit
  1347                           ;	T5GSEL = T5G, TMR5 Gate is driven by the T5G input
  1348                           ;	CxINA Gate Select bit
  1349                           ;	CINASEL = DEFAULT, C1INA and C3INA are on their default pin locations
  1350                           ;	External Address Shift bit
  1351                           ;	EASHFT = ON, Address Shifting enabled
  1352                           ;	Address Bus Width Select bits
  1353                           ;	ABW = MM, 8-bit address bus
  1354                           ;	Data Bus Width
  1355                           ;	BW = 16, 16-bit external bus mode
  1356                           ;	External Bus Wait
  1357                           ;	WAIT = OFF, Disabled
  1358   01FFF8                     	org	131064
  1359   01FFF8  FB                 	db	251
  1360                           
  1361                           ;Config register CONFIG5H @ 0x1FFF9
  1362                           ;	IOLOCK One-Way Set Enable bit
  1363                           ;	IOL1WAY = ON, Once set, the IOLOCK bit cannot be cleared
  1364                           ;	USB Low Speed Clock Select bit
  1365                           ;	LS48MHZ = SYSX2, Divide-by-2 (System clock must be 12 MHz)
  1366                           ;	MSSP2 7-Bit Address Masking Mode Enable bit
  1367                           ;	MSSPMSK2 = MSK7, 7 Bit address masking mode
  1368                           ;	MSSP1 7-Bit Address Masking Mode Enable bit
  1369                           ;	MSSPMSK1 = MSK7, 7 Bit address masking mode
  1370   01FFF9                     	org	131065
  1371   01FFF9  FF                 	db	255
  1372                           
  1373                           ;Config register CONFIG6L @ 0x1FFFA
  1374                           ;	Watch Dog Timer Window
  1375                           ;	WDTWIN = PS25_0, Watch Dog Timer Window Width is 25 percent
  1376                           ;	Watch Dog Timer Clock Source
  1377                           ;	WDTCLK = LPRC, Always use INTOSC/LPRC
  1378                           ;	Watchdog Timer Postscale
  1379                           ;	WDTPS = 32768, 1:32768
  1380   01FFFA                     	org	131066
  1381   01FFFA  FB                 	db	251
  1382                           
  1383                           ;Config register CONFIG6H @ 0x1FFFB
  1384                           ;	Watchdog Timer Enable
  1385                           ;	WDTEN = OFF, WDT disabled in hardware; SWDTEN bit disabled
  1386                           ;	Windowed Watchdog Timer Disable
  1387                           ;	WINDIS = WDTSTD, Standard WDT selected; windowed WDT disabled
  1388                           ;	WDT Prescaler
  1389                           ;	WPSA = 128, WDT prescaler ratio of 1:128
  1390   01FFFB                     	org	131067
  1391   01FFFB  FC                 	db	252
  1392                           
  1393                           ;Config register CONFIG7L @ 0x1FFFC
  1394                           ;	Retention Voltage Regulator Control Enable
  1395                           ;	RETEN = OFF, Retention not available
  1396                           ;	VBAT BOR Enable
  1397                           ;	VBTBOR = OFF, VBAT BOR is disabled
  1398                           ;	Deep Sleep BOR Enable
  1399                           ;	DSBOREN = ON, BOR enabled in Deep Sleep
  1400                           ;	DSEN Bit Enable bit
  1401                           ;	DSBITEN = ON, Deep Sleep is controlled by the register bit DSEN
  1402   01FFFC                     	org	131068
  1403   01FFFC  19                 	db	25
  1404                           
  1405                           ;Config register CONFIG7H @ 0x1FFFD
  1406                           ;	unspecified, using default values
  1407   01FFFD                     	org	131069
  1408   01FFFD  F0                 	db	240
  1409                           
  1410                           ;Config register CONFIG8L @ 0x1FFFE
  1411                           ;	Deep Sleep Watchdog Timer Postscale Select
  1412                           ;	DSWDTPS = DSWDTPS1F, 1:68719476736 (25.7 Days)
  1413   01FFFE                     	org	131070
  1414   01FFFE  F8                 	db	248
  1415                           
  1416                           ;Config register CONFIG8H @ 0x1FFFF
  1417                           ;	Deep Sleep Watchdog Timer Enable
  1418                           ;	DSWDTEN = ON, DSWDT Enabled
  1419                           ;	DSWDT Reference Clock Select
  1420                           ;	DSWDTOSC = LPRC, DSWDT uses LPRC as reference clock
  1421   01FFFF                     	org	131071
  1422   01FFFF  F3                 	db	243
  1423                           tosu	equ	0xFFF
  1424                           tosh	equ	0xFFE
  1425                           tosl	equ	0xFFD
  1426                           stkptr	equ	0xFFC
  1427                           pclatu	equ	0xFFB
  1428                           pclath	equ	0xFFA
  1429                           pcl	equ	0xFF9
  1430                           tblptru	equ	0xFF8
  1431                           tblptrh	equ	0xFF7
  1432                           tblptrl	equ	0xFF6
  1433                           tablat	equ	0xFF5
  1434                           prodh	equ	0xFF4
  1435                           prodl	equ	0xFF3
  1436                           indf0	equ	0xFEF
  1437                           postinc0	equ	0xFEE
  1438                           postdec0	equ	0xFED
  1439                           preinc0	equ	0xFEC
  1440                           plusw0	equ	0xFEB
  1441                           fsr0h	equ	0xFEA
  1442                           fsr0l	equ	0xFE9
  1443                           wreg	equ	0xFE8
  1444                           indf1	equ	0xFE7
  1445                           postinc1	equ	0xFE6
  1446                           postdec1	equ	0xFE5
  1447                           preinc1	equ	0xFE4
  1448                           plusw1	equ	0xFE3
  1449                           fsr1h	equ	0xFE2
  1450                           fsr1l	equ	0xFE1
  1451                           bsr	equ	0xFE0
  1452                           indf2	equ	0xFDF
  1453                           postinc2	equ	0xFDE
  1454                           postdec2	equ	0xFDD
  1455                           preinc2	equ	0xFDC
  1456                           plusw2	equ	0xFDB
  1457                           fsr2h	equ	0xFDA
  1458                           fsr2l	equ	0xFD9
  1459                           status	equ	0xFD8

Data Sizes:
    Strings     0
    Constant    0
    Data        0
    BSS         5
    Persistent  0
    Stack       0

Auto Spaces:
    Space          Size  Autos    Used
    COMRAM           95      6      11
    BANK0           160      0       0
    BANK1           256      0       0
    BANK2           256      0       0
    BANK3           256      0       0
    BANK4           256      0       0
    BANK5           256      0       0
    BANK6           256      0       0
    BANK7           256      0       0
    BANK8           256      0       0
    BANK9           256      0       0
    BANK10          256      0       0
    BANK11          256      0       0
    BANK12          256      0       0
    BANK13          250      0       0

Pointer List with Targets:

    None.

Critical Paths under _main in COMRAM

    _main->_MCP4561_writeWiper
    _MCP4561_writeWiper->_I2C_write
    _MCP4561_writeTCON->_I2C_write

Critical Paths under _main in BANK0

    None.

Critical Paths under _main in BANK1

    None.

Critical Paths under _main in BANK2

    None.

Critical Paths under _main in BANK3

    None.

Critical Paths under _main in BANK4

    None.

Critical Paths under _main in BANK5

    None.

Critical Paths under _main in BANK6

    None.

Critical Paths under _main in BANK7

    None.

Critical Paths under _main in BANK8

    None.

Critical Paths under _main in BANK9

    None.

Critical Paths under _main in BANK10

    None.

Critical Paths under _main in BANK11

    None.

Critical Paths under _main in BANK12

    None.

Critical Paths under _main in BANK13

    None.

Call Graph Tables:

 ---------------------------------------------------------------------------------
 (Depth) Function   	        Calls       Base Space   Used Autos Params    Refs
 ---------------------------------------------------------------------------------
 (0) _main                                                 2     2      0      90
                                              4 COMRAM     2     2      0
                           _I2C_init
                  _MCP4561_writeTCON
                 _MCP4561_writeWiper
 ---------------------------------------------------------------------------------
 (1) _MCP4561_writeWiper                                   4     4      0      45
                                              1 COMRAM     3     3      0
                          _I2C_start
                           _I2C_stop
                          _I2C_write
 ---------------------------------------------------------------------------------
 (1) _MCP4561_writeTCON                                    2     2      0      45
                                              1 COMRAM     1     1      0
                          _I2C_start
                           _I2C_stop
                          _I2C_write
 ---------------------------------------------------------------------------------
 (2) _I2C_write                                            1     1      0      15
                                              0 COMRAM     1     1      0
 ---------------------------------------------------------------------------------
 (2) _I2C_stop                                             0     0      0       0
 ---------------------------------------------------------------------------------
 (2) _I2C_start                                            0     0      0       0
 ---------------------------------------------------------------------------------
 (1) _I2C_init                                             2     2      0       0
                                              0 COMRAM     2     2      0
 ---------------------------------------------------------------------------------
 Estimated maximum stack depth 2
 ---------------------------------------------------------------------------------

 Call Graph Graphs:

 _main (ROOT)
   _I2C_init
   _MCP4561_writeTCON
     _I2C_start
     _I2C_stop
     _I2C_write
   _MCP4561_writeWiper
     _I2C_start
     _I2C_stop
     _I2C_write

Address spaces:
Name               Size   Autos  Total    Usage
BIGRAM            3577      0       0      0.0%
BITBIGSFRll        264      0       0      0.0%
BITBANK12          256      0       0      0.0%
BANK12             256      0       0      0.0%
BITBANK11          256      0       0      0.0%
BANK11             256      0       0      0.0%
BITBANK10          256      0       0      0.0%
BANK10             256      0       0      0.0%
BITBANK9           256      0       0      0.0%
BANK9              256      0       0      0.0%
BITBANK8           256      0       0      0.0%
BANK8              256      0       0      0.0%
BITBANK7           256      0       0      0.0%
BANK7              256      0       0      0.0%
BITBANK6           256      0       0      0.0%
BANK6              256      0       0      0.0%
BITBANK5           256      0       0      0.0%
BANK5              256      0       0      0.0%
BITBANK4           256      0       0      0.0%
BANK4              256      0       0      0.0%
BITBANK3           256      0       0      0.0%
BANK3              256      0       0      0.0%
BITBANK2           256      0       0      0.0%
BANK2              256      0       0      0.0%
BITBANK1           256      0       0      0.0%
BANK1              256      0       0      0.0%
BITBANK13          250      0       0      0.0%
BANK13             250      0       0      0.0%
BITBIGSFRh         226      0       0      0.0%
BITBANK0           160      0       0      0.0%
BANK0              160      0       0      0.0%
BITCOMRAM           95      0       0      0.0%
COMRAM              95      6      11     11.6%
BITBIGSFRlh         22      0       0      0.0%
STACK                0      0       0      0.0%
DATA                 0      0      11      0.0%


Microchip Technology PIC18 Macro Assembler V3.00 build 20241204225717 
Symbol Table                                                                                   Tue Aug 19 13:11:14 2025

                        l30 1144                          l33 1152                          l27 10F4  
                        l51 112A                          l36 1130                          l39 113E  
                        l63 1066                          l48 111A                          l69 1112  
                        u10 1152                          u11 114E                          u20 113E  
                        u21 113A                          u30 112A                          u31 1126  
                        u77 1072                          u87 109A                          u97 10B2  
                       l801 10F8                         l811 110E                         l803 10F8  
                       l805 10FC                         l807 1102                         l831 1068  
                       l761 10DE                         l753 1140                         l809 1108  
                       l841 10A8                         l833 1080                         l771 10EE  
                       l763 10E2                         l755 112C                         l835 1084  
                       l773 10F0                         l765 10E4                         l757 1116  
                       l837 108A                         l775 10F2                         l767 10E6  
                       l759 10C6                         l791 101E                         l839 1090  
                       l769 10EA                         l793 1024                         l785 1004  
                       l795 103A                         l787 1004                         l797 104A  
                       l789 1008                         l799 104E                         u107 1014  
                       u117 102A                         u127 1040                         u137 1058  
                       u147 10D0                         _val 000B                         wreg 0FE8  
                      _main 1068            __end_of_I2C_init 10F6                        start FFEC  
          __end_of_I2C_stop 1140                ___param_bank 0000               I2C_write@data 0001  
                     ?_main 0001           __end_of_I2C_start 1154           __end_of_I2C_write 112C  
           __initialization 1154                __end_of_main 10C6                      ??_main 0005  
             __activetblptr 0000                      isa$std 0001                __mediumconst 1000  
                 ?_I2C_init 0001                   ?_I2C_stop 0001                  __accesstop 0060  
   __end_of__initialization 115E               ___rparam_used 0001  __end_of_MCP4561_writeWiper 1068  
            __pcstackCOMRAM 0001           _MCP4561_writeTCON 10F6          ?_MCP4561_writeTCON 0001  
                ??_I2C_init 0001                  ??_I2C_stop 0001         ??_MCP4561_writeTCON 0002  
 __end_of_MCP4561_writeTCON 1114                     _SSP2ADD 0F02                     _SSP2BUF 0F03  
                   __Hparam 0000                     __Lparam 0000                   _I2C_start 1140  
                 _I2C_write 1114                __psmallconst 1000                     __pcinit 1154  
                   __ramtop 1000                     __ptext0 1068                     __ptext1 1002  
                   __ptext2 10F6                     __ptext3 1114                     __ptext4 112C  
                   __ptext5 1140                     __ptext6 10C6     MCP4561_writeWiper@value 0004  
      end_of_initialization 115E                     _vout_mv 0007                  ?_I2C_start 0001  
                ?_I2C_write 0001                   _TRISDbits 0F95          _MCP4561_writeWiper 1002  
       start_initialization 1154         ?_MCP4561_writeWiper 0001                 ??_I2C_start 0001  
               ??_I2C_write 0001        ??_MCP4561_writeWiper 0002                 __pbssCOMRAM 0007  
               __smallconst 1000                    _I2C_init 10C6                    _I2C_stop 112C  
                  _SSP2CON1 0F19                    _SSP2CON2 0F18                    _SSP2STAT 0F1A  
                  __Hrparam 0000                    __Lrparam 0000     MCP4561_writeTCON@config 0002  
              _SSP2CON1bits 0F19                _SSP2CON2bits 0F18                    isa$xinst 0000  
              _SSP2STATbits 0F1A  
