Microchip MPLAB XC8 Compiler V3.00

Linker command line:

-W-3 \
  --edf=C:\Program Files\Microchip\xc8\v3.00\pic\dat\20241204225717_en.msgs \
  -cn -h+dist/default/debug\PIC18F97J94_LCD_DISPLAY.X.debug.sym \
  --cmf=dist/default/debug\PIC18F97J94_LCD_DISPLAY.X.debug.cmf -z \
  -Q18F97J94 -oC:\Users\emira\AppData\Local\Temp\xcAsrqk.\driver_tmp_3.o \
  --defsym=__MPLAB_BUILD=1 --fixupoverflow=error \
  -Mdist/default/debug/PIC18F97J94_LCD_DISPLAY.X.debug.map \
  --md=C:\Users\emira\AppData\Local\Temp\xcAsrqk.\driver_tmp_0.dat -E1 \
  -ver=XC8 Compiler -ACODE=00h-01FFEFh -ACONST=00h-01FFEFh \
  -ASMALLCONST=01000h-010FFhx240,011000h-0110FFhx239,01FF00h-01FFEFh \
  -AMEDIUMCONST=01000h-0FFFFh,011000h-01FFEFh -ACOMRAM=01h-05Fh \
  -AABS1=00h-0DF9h -ABIGRAM=01h-0DF9h \
  -ARAM=060h-0FFh,0100h-01FFhx12,0D00h-0DF9h -ABANK0=060h-0FFh \
  -ABANK1=0100h-01FFh -ABANK2=0200h-02FFh -ABANK3=0300h-03FFh \
  -ABANK4=0400h-04FFh -ABANK5=0500h-05FFh -ABANK6=0600h-06FFh \
  -ABANK7=0700h-07FFh -ABANK8=0800h-08FFh -ABANK9=0900h-09FFh \
  -ABANK10=0A00h-0AFFh -ABANK11=0B00h-0BFFh -ABANK12=0C00h-0CFFh \
  -ABANK13=0D00h-0DF9h \
  -ASFR=0DFAh-0DFFh,0E00h-0EFFh,0F00h-0F5Fh,0F60h-0FFCh \
  -ABIGSFR=0DFAh-0FFCh -ACONFIG=01FFF0h-01FFFFh \
  -preset_vec=00h,intcode=8h,intcodelo=18h,sivt_lo,sivt_hi=CODE \
  -ppowerup=CODE,init -pramtop=01000h -psmallconst=SMALLCONST \
  -pmediumconst=MEDIUMCONST -pconst=CONST -AFARRAM=00h-00h \
  -pjflash_buffer=01FBF8h \
  -prdata=COMRAM,nvrram=COMRAM,nvbit=COMRAM,rbss=COMRAM,rbit=COMRAM \
  -pfarbss=FARRAM,fardata=FARRAM,nvFARRAM=FARRAM \
  -pintsave_regs=BIGRAM,bigbss=BIGRAM,bigdata=BIGRAM -pbss=RAM \
  -pidata=CODE,irdata=CODE,ibigdata=CODE,ifardata=CODE -prparam=COMRAM \
  C:\Users\emira\AppData\Local\Temp\xcAsrqk.\driver_tmp_9.o \
  dist/default/debug\PIC18F97J94_LCD_DISPLAY.X.debug.o 

Object code version is 3.11

Machine type is 18F97J94



                Name                               Link     Load   Length Selector   Space Scale
C:\Users\emira\AppData\Local\Temp\xcAsrqk.\driver_tmp_9.o
                config                            1FFF0    1FFF0       10        0       4
                init                              1FFEC    1FFEC        4     FFF6       0
                reset_vec                             0        0        6        0       0
dist/default/debug\PIC18F97J94_LCD_DISPLAY.X.debug.o
                config                            1FFF0    1FFF0       10        0       4
                mediumconst                        FB70     FB70      490     7DB8       0
                text10                            102E6    102E6       16     8000       0
                text9                             10310    10310       14     8000       0
                text8                             102FC    102FC       14     8000       0
                text7                             102CE    102CE       18     8000       0
                text6                             101AE    101AE       5E     8000       0
                text5                             10250    10250       40     8000       0
                text4                             10290    10290       3E     8000       0
                text3                             100C4    100C4       8A     8000       0
                text2                             1020C    1020C       44     8000       0
                text1                             10000    10000       C4     8000       0
                text0                             1014E    1014E       60     8000       0
                cstackCOMRAM                          1        1       16        1       1
                cinit                             10324    10324        A     8000       0

TOTAL           Name                               Link     Load   Length     Space
        CLASS   CODE           
                init                              1FFEC    1FFEC        4         0
                reset_vec                             0        0        6         0
                text10                            102E6    102E6       16         0
                text9                             10310    10310       14         0
                text8                             102FC    102FC       14         0
                text7                             102CE    102CE       18         0
                text6                             101AE    101AE       5E         0
                text5                             10250    10250       40         0
                text4                             10290    10290       3E         0
                text3                             100C4    100C4       8A         0
                text2                             1020C    1020C       44         0
                text1                             10000    10000       C4         0
                text0                             1014E    1014E       60         0
                cinit                             10324    10324        A         0

        CLASS   CONST          

        CLASS   SMALLCONST     

        CLASS   MEDIUMCONST    
                mediumconst                        FB70     FB70      490         0

        CLASS   COMRAM         
                cstackCOMRAM                          1        1       16         1

        CLASS   ABS1           

        CLASS   BIGRAM         

        CLASS   RAM            

        CLASS   BANK0          

        CLASS   BANK1          

        CLASS   BANK2          

        CLASS   BANK3          

        CLASS   BANK4          

        CLASS   BANK5          

        CLASS   BANK6          

        CLASS   BANK7          

        CLASS   BANK8          

        CLASS   BANK9          

        CLASS   BANK10         

        CLASS   BANK11         

        CLASS   BANK12         

        CLASS   BANK13         

        CLASS   SFR            

        CLASS   BIGSFR         

        CLASS   CONFIG         
                config                            1FFF0    1FFF0       10         4

        CLASS   FARRAM         

        CLASS   HEAP           

        CLASS   STACK          

        CLASS   IDLOC          



SEGMENTS        Name                           Load    Length   Top    Selector   Space  Class

                reset_vec                      000000  000006  000006         0       0  CODE    
                cstackCOMRAM                   000001  000016  000017         1       1  COMRAM  
                mediumconst                    00FB70  000490  010000      7DB8       0  MEDIUMCO
                text1                          010000  00032E  01032E      8000       0  CODE    
                init                           01FFEC  000004  01FFF0      FFF6       0  CODE    


UNUSED ADDRESS RANGES

        Name                Unused          Largest block    Delta
        BANK0            00060-000FF              A0
        BANK1            00100-001FF             100
        BANK10           00A00-00AFF             100
        BANK11           00B00-00BFF             100
        BANK12           00C00-00CFF             100
        BANK13           00D00-00DF9              FA
        BANK2            00200-002FF             100
        BANK3            00300-003FF             100
        BANK4            00400-004FF             100
        BANK5            00500-005FF             100
        BANK6            00600-006FF             100
        BANK7            00700-007FF             100
        BANK8            00800-008FF             100
        BANK9            00900-009FF             100
        BIGRAM           00017-00DF9             DE3
        BIGSFR           00DFA-00FFC             203
        CODE             00006-0FB6F            FB6A
                         1032E-1FFEB            FCBE
        COMRAM           00017-0005F              49
        CONST            00006-0FB6F            FB6A
                         1032E-1FFEB            FCBE
        MEDIUMCONST      01000-0FB6F            EB70
                         11000-1FFEB            EFEC
        RAM              00060-00DF9             100
        SFR              00DFA-00FFC             100
        SMALLCONST       01000-0FB6F             100
                         11000-1FFEB             100

                                  Symbol Table

I2C_write@data              cstackCOMRAM  00001
SSD1306_Clear@col           cstackCOMRAM  00007
SSD1306_Clear@page          cstackCOMRAM  00008
SSD1306_DrawChar@ch         cstackCOMRAM  00008
SSD1306_DrawChar@col        cstackCOMRAM  0000F
SSD1306_DrawChar@glyph      cstackCOMRAM  0000D
SSD1306_DrawChar@i          cstackCOMRAM  00010
SSD1306_DrawChar@page       cstackCOMRAM  00007
SSD1306_DrawString@col      cstackCOMRAM  00014
SSD1306_DrawString@page     cstackCOMRAM  00011
SSD1306_DrawString@str      cstackCOMRAM  00012
SSD1306_SetCursor@col       cstackCOMRAM  00006
SSD1306_SetCursor@page      cstackCOMRAM  00005
SSD1306_Write@control       cstackCOMRAM  00004
SSD1306_Write@value         cstackCOMRAM  00002
_FONTS                      mediumconst   0FDB1
_I2C_init                   text10        102E6
_I2C_start                  text9         10310
_I2C_stop                   text8         102FC
_I2C_write                  text7         102CE
_SSD1306_Clear              text4         10290
_SSD1306_DrawChar           text3         100C4
_SSD1306_DrawString         text2         1020C
_SSD1306_Init               text1         10000
_SSD1306_SetCursor          text5         10250
_SSD1306_Write              text6         101AE
_SSP2ADD                    (abs)         00F02
_SSP2BUF                    (abs)         00F03
_SSP2CON1                   (abs)         00F19
_SSP2CON1bits               (abs)         00F19
_SSP2CON2bits               (abs)         00F18
_SSP2STAT                   (abs)         00F1A
_SSP2STATbits               (abs)         00F1A
_TRISDbits                  (abs)         00F95
__HRAM                      (abs)         00000
__H__absolute__             __absolute__  00000
__Habs1                     abs1          00000
__Hbank0                    bank0         00000
__Hbank1                    bank1         00000
__Hbank10                   bank10        00000
__Hbank11                   bank11        00000
__Hbank12                   bank12        00000
__Hbank13                   bank13        00000
__Hbank2                    bank2         00000
__Hbank3                    bank3         00000
__Hbank4                    bank4         00000
__Hbank5                    bank5         00000
__Hbank6                    bank6         00000
__Hbank7                    bank7         00000
__Hbank8                    bank8         00000
__Hbank9                    bank9         00000
__Hbigbss                   bigbss        00000
__Hbigdata                  bigdata       00000
__Hbigram                   bigram        00000
__Hbigsfr                   bigsfr        00000
__Hbss                      bss           00000
__Hcinit                    cinit         00000
__Hclrtext                  clrtext       00000
__Hcomram                   comram        00000
__Hconfig                   config        20000
__Hconst                    const         00000
__HcstackCOMRAM             cstackCOMRAM  00000
__Hdata                     data          00000
__Hfarbss                   farbss        00000
__Hfardata                  fardata       00000
__Hheap                     heap          00000
__Hibigdata                 ibigdata      00000
__Hidata                    idata         00000
__Hidloc                    idloc         00000
__Hifardata                 ifardata      00000
__Hinit                     init          1FFF0
__Hintcode                  intcode       00008
__Hintcode_body             intcode_body  00000
__Hintcodelo                intcodelo     00018
__Hintentry                 intentry      00000
__Hintret                   intret        00000
__Hintsave_regs             intsave_regs  00000
__Hirdata                   irdata        00000
__Hjflash_buffer            jflash_buffer 1FBF8
__Hmediumconst              mediumconst   10000
__HnvFARRAM                 nvFARRAM      00000
__Hnvbit                    nvbit         00000
__Hnvrram                   nvrram        00000
__Hparam                    rparam        00000
__Hpowerup                  powerup       00000
__Hram                      ram           00000
__Hramtop                   ramtop        01000
__Hrbit                     rbit          00000
__Hrbss                     rbss          00000
__Hrdata                    rdata         00000
__Hreset_vec                reset_vec     00006
__Hrparam                   rparam        00000
__Hsfr                      sfr           00000
__Hsivt_hi                  sivt_hi       00000
__Hsivt_lo                  sivt_lo       00018
__Hsmallconst               smallconst    00000
__Hspace_0                  (abs)         1FFF0
__Hspace_1                  (abs)         00017
__Hspace_2                  (abs)         00000
__Hspace_4                  (abs)         3FFF0
__Hstack                    stack         00000
__Hstruct                   struct        00000
__Htemp                     temp          00000
__Htext                     text          00000
__Htext0                    text0         00000
__Htext1                    text1         00000
__Htext10                   text10        00000
__Htext2                    text2         00000
__Htext3                    text3         00000
__Htext4                    text4         00000
__Htext5                    text5         00000
__Htext6                    text6         00000
__Htext7                    text7         00000
__Htext8                    text8         00000
__Htext9                    text9         00000
__LRAM                      (abs)         00001
__L__absolute__             __absolute__  00000
__Labs1                     abs1          00000
__Lbank0                    bank0         00000
__Lbank1                    bank1         00000
__Lbank10                   bank10        00000
__Lbank11                   bank11        00000
__Lbank12                   bank12        00000
__Lbank13                   bank13        00000
__Lbank2                    bank2         00000
__Lbank3                    bank3         00000
__Lbank4                    bank4         00000
__Lbank5                    bank5         00000
__Lbank6                    bank6         00000
__Lbank7                    bank7         00000
__Lbank8                    bank8         00000
__Lbank9                    bank9         00000
__Lbigbss                   bigbss        00000
__Lbigdata                  bigdata       00000
__Lbigram                   bigram        00000
__Lbigsfr                   bigsfr        00000
__Lbss                      bss           00000
__Lcinit                    cinit         00000
__Lclrtext                  clrtext       00000
__Lcomram                   comram        00000
__Lconfig                   config        00000
__Lconst                    const         00000
__LcstackCOMRAM             cstackCOMRAM  00000
__Ldata                     data          00000
__Lfarbss                   farbss        00000
__Lfardata                  fardata       00000
__Lheap                     heap          00000
__Libigdata                 ibigdata      00000
__Lidata                    idata         00000
__Lidloc                    idloc         00000
__Lifardata                 ifardata      00000
__Linit                     init          1FFEC
__Lintcode                  intcode       00008
__Lintcode_body             intcode_body  00000
__Lintcodelo                intcodelo     00018
__Lintentry                 intentry      00000
__Lintret                   intret        00000
__Lintsave_regs             intsave_regs  00000
__Lirdata                   irdata        00000
__Ljflash_buffer            jflash_buffer 1FBF8
__Lmediumconst              mediumconst   0FB70
__LnvFARRAM                 nvFARRAM      00000
__Lnvbit                    nvbit         00000
__Lnvrram                   nvrram        00000
__Lparam                    rparam        00000
__Lpowerup                  powerup       00000
__Lram                      ram           00000
__Lramtop                   ramtop        01000
__Lrbit                     rbit          00000
__Lrbss                     rbss          00000
__Lrdata                    rdata         00000
__Lreset_vec                reset_vec     00000
__Lrparam                   rparam        00000
__Lsfr                      sfr           00000
__Lsivt_hi                  sivt_hi       00000
__Lsivt_lo                  sivt_lo       00018
__Lsmallconst               smallconst    00000
__Lspace_0                  (abs)         00000
__Lspace_1                  (abs)         00000
__Lspace_2                  (abs)         00000
__Lspace_4                  (abs)         00000
__Lstack                    stack         00000
__Lstruct                   struct        00000
__Ltemp                     temp          00000
__Ltext                     text          00000
__Ltext0                    text0         00000
__Ltext1                    text1         00000
__Ltext10                   text10        00000
__Ltext2                    text2         00000
__Ltext3                    text3         00000
__Ltext4                    text4         00000
__Ltext5                    text5         00000
__Ltext6                    text6         00000
__Ltext7                    text7         00000
__Ltext8                    text8         00000
__Ltext9                    text9         00000
__S0                        (abs)         1FFF0
__S1                        (abs)         00017
__S4                        (abs)         00000
___extmem_base              (abs)         20000
___heap_hi                  (abs)         00000
___heap_lo                  (abs)         00000
___inthi_sp                 stack         00000
___inthi_stack_hi           stack         00000
___inthi_stack_lo           stack         00000
___intlo_sp                 stack         00000
___intlo_stack_hi           stack         00000
___intlo_stack_lo           stack         00000
___param_bank               (abs)         00000
___rparam_used              (abs)         00001
___sp                       stack         00000
___stack_hi                 stack         00000
___stack_lo                 stack         00000
__accesstop                 (abs)         00060
__activetblptr              (abs)         00002
__end_of_FONTS              mediumconst   0FFF1
__end_of_FONTS@font6x8$F482 mediumconst   0FDB1
__end_of_I2C_init           text10        102FC
__end_of_I2C_start          text9         10324
__end_of_I2C_stop           text8         10310
__end_of_I2C_write          text7         102E6
__end_of_SSD1306_Clear      text4         102CE
__end_of_SSD1306_DrawChar   text3         1014E
__end_of_SSD1306_DrawString text2         10250
__end_of_SSD1306_Init       text1         100C4
__end_of_SSD1306_SetCursor  text5         10290
__end_of_SSD1306_Write      text6         1020C
__end_of__initialization    cinit         10324
__end_of_main               text0         101AE
__initialization            cinit         10324
__mediumconst               mediumconst   0FB70
__pcinit                    cinit         10324
__pcstackCOMRAM             cstackCOMRAM  00001
__pmediumconst              mediumconst   0FB70
__ptext0                    text0         1014E
__ptext1                    text1         10000
__ptext10                   text10        102E6
__ptext2                    text2         1020C
__ptext3                    text3         100C4
__ptext4                    text4         10290
__ptext5                    text5         10250
__ptext6                    text6         101AE
__ptext7                    text7         102CE
__ptext8                    text8         102FC
__ptext9                    text9         10310
__ramtop                    ramtop        01000
__smallconst                mediumconst   0FB70
_main                       text0         1014E
end_of_initialization       cinit         10324
intlevel0                   text          00000
intlevel1                   text          00000
intlevel2                   text          00000
intlevel3                   text          00000
isa$std                     (abs)         00001
isa$xinst                   (abs)         00000
stackhi                     (abs)         00000
stacklo                     (abs)         00000
start                       init          1FFEC
start_initialization        cinit         10324


MODULE INFORMATION

Module		Function		Class		Link	Load	Size
D:/Emirates/MOTHEBOARD_TESTING/PIC18F97J94_LCD_DISPLAY/Softeware/SSD1306.X/ssd1306.c
		_SSD1306_Init  		CODE           	10000	0000	196
		_SSD1306_DrawChar		CODE           	100C4	0000	138
		_SSD1306_Write 		CODE           	101AE	0000	94
		_SSD1306_Clear 		CODE           	10290	0000	62
		_SSD1306_SetCursor		CODE           	10250	0000	64
		_SSD1306_DrawString		CODE           	1020C	0000	68

D:/Emirates/MOTHEBOARD_TESTING/PIC18F97J94_LCD_DISPLAY/Softeware/SSD1306.X/ssd1306.c estimated size: 622

shared
		_FONTS         		MEDIUMCONST    	FDB1	0000	576
		__initialization		CODE           	10324	0000	1
		_FONTS@font6x8$F482		MEDIUMCONST    	0000	0000	0

shared estimated size: 577

D:/Emirates/MOTHEBOARD_TESTING/PIC18F97J94_LCD_DISPLAY/Softeware/SSD1306.X/main.c
		_I2C_stop      		CODE           	102FC	0000	20
		_I2C_init      		CODE           	102E6	0000	22
		_main          		CODE           	1014E	0000	96
		_I2C_start     		CODE           	10310	0000	20
		_I2C_write     		CODE           	102CE	0000	24

D:/Emirates/MOTHEBOARD_TESTING/PIC18F97J94_LCD_DISPLAY/Softeware/SSD1306.X/main.c estimated size: 182

