Microchip MPLAB XC8 Compiler V3.00

Linker command line:

-W-3 \
  --edf=C:\Program Files\Microchip\xc8\v3.00\pic\dat\20241204225717_en.msgs \
  -cn \
  -h+dist/default/production\PIC18F97J94_CURRENT_SENSOR.X.production.sym \
  --cmf=dist/default/production\PIC18F97J94_CURRENT_SENSOR.X.production.cmf \
  -z -Q18F97J94 \
  -oC:\Users\emira\AppData\Local\Temp\xcCsa5s.2\driver_tmp_3.o \
  --defsym=__MPLAB_BUILD=1 --fixupoverflow=error \
  -Mdist/default/production/PIC18F97J94_CURRENT_SENSOR.X.production.map \
  --md=C:\Users\emira\AppData\Local\Temp\xcCsa5s.2\driver_tmp_0.dat -E1 \
  -ver=XC8 Compiler -ACODE=00h-01FFEFh -ACONST=00h-01FFEFh \
  -ASMALLCONST=01000h-010FFhx240,011000h-0110FFhx239,01FF00h-01FFEFh \
  -AMEDIUMCONST=01000h-0FFFFh,011000h-01FFEFh -ACOMRAM=01h-05Fh \
  -AABS1=00h-0DF9h -ABIGRAM=01h-0DF9h \
  -ARAM=060h-0FFh,0100h-01FFhx12,0D00h-0DF9h -ABANK0=060h-0FFh \
  -ABANK1=0100h-01FFh -ABANK2=0200h-02FFh -ABANK3=0300h-03FFh \
  -ABANK4=0400h-04FFh -ABANK5=0500h-05FFh -ABANK6=0600h-06FFh \
  -ABANK7=0700h-07FFh -ABANK8=0800h-08FFh -ABANK9=0900h-09FFh \
  -ABANK10=0A00h-0AFFh -ABANK11=0B00h-0BFFh -ABANK12=0C00h-0CFFh \
  -ABANK13=0D00h-0DF9h \
  -ASFR=0DFAh-0DFFh,0E00h-0EFFh,0F00h-0F5Fh,0F60h-0FFFh \
  -ABIGSFR=0DFAh-0FFFh -ACONFIG=01FFF0h-01FFFFh \
  -preset_vec=00h,intcode=8h,intcodelo=18h,sivt_lo,sivt_hi=CODE \
  -ppowerup=CODE,init -pramtop=01000h -psmallconst=SMALLCONST \
  -pmediumconst=MEDIUMCONST -pconst=CONST -AFARRAM=00h-00h \
  -pjflash_buffer=01FBF8h \
  -prdata=COMRAM,nvrram=COMRAM,nvbit=COMRAM,rbss=COMRAM,rbit=COMRAM \
  -pfarbss=FARRAM,fardata=FARRAM,nvFARRAM=FARRAM \
  -pintsave_regs=BIGRAM,bigbss=BIGRAM,bigdata=BIGRAM -pbss=RAM \
  -pidata=CODE,irdata=CODE,ibigdata=CODE,ifardata=CODE -prparam=COMRAM \
  C:\Users\emira\AppData\Local\Temp\xcCsa5s.2\driver_tmp_9.o \
  dist/default/production\PIC18F97J94_CURRENT_SENSOR.X.production.o 

Object code version is 3.11

Machine type is 18F97J94



                Name                               Link     Load   Length Selector   Space Scale
C:\Users\emira\AppData\Local\Temp\xcCsa5s.2\driver_tmp_9.o
                config                            1FFF0    1FFF0       10        0       4
                init                              1FFEC    1FFEC        4     FFF6       0
                reset_vec                             0        0        4        0       0
dist/default/production\PIC18F97J94_CURRENT_SENSOR.X.production.o
                config                            1FFF0    1FFF0       10        0       4
                smallconst                         1000     1000        2      800       0
                text7                              1F3E     1F3E       22      801       0
                text6                              1F1A     1F1A       24      801       0
                text5                              1002     1002      4B6      801       0
                text4                              18DE     18DE      390      801       0
                text3                              14B8     14B8      426      801       0
                text2                              1C6E     1C6E      1B4      801       0
                text1                              1E22     1E22       D0      801       0
                text0                              1EF2     1EF2       28      801       0
                cstackCOMRAM                          1        1       44        1       1
                bssCOMRAM                            45       45        A        1       1
                cinit                              1F60     1F60       12      801       0

TOTAL           Name                               Link     Load   Length     Space
        CLASS   CODE           
                init                              1FFEC    1FFEC        4         0
                reset_vec                             0        0        4         0
                text7                              1F3E     1F3E       22         0
                text6                              1F1A     1F1A       24         0
                text5                              1002     1002      4B6         0
                text4                              18DE     18DE      390         0
                text3                              14B8     14B8      426         0
                text2                              1C6E     1C6E      1B4         0
                text1                              1E22     1E22       D0         0
                text0                              1EF2     1EF2       28         0
                cinit                              1F60     1F60       12         0

        CLASS   CONST          

        CLASS   SMALLCONST     
                smallconst                         1000     1000        2         0

        CLASS   MEDIUMCONST    

        CLASS   COMRAM         
                cstackCOMRAM                          1        1       44         1
                bssCOMRAM                            45       45        A         1

        CLASS   ABS1           

        CLASS   BIGRAM         

        CLASS   RAM            

        CLASS   BANK0          

        CLASS   BANK1          

        CLASS   BANK2          

        CLASS   BANK3          

        CLASS   BANK4          

        CLASS   BANK5          

        CLASS   BANK6          

        CLASS   BANK7          

        CLASS   BANK8          

        CLASS   BANK9          

        CLASS   BANK10         

        CLASS   BANK11         

        CLASS   BANK12         

        CLASS   BANK13         

        CLASS   SFR            

        CLASS   BIGSFR         

        CLASS   CONFIG         
                config                            1FFF0    1FFF0       10         4

        CLASS   FARRAM         

        CLASS   HEAP           

        CLASS   STACK          

        CLASS   IDLOC          



SEGMENTS        Name                           Load    Length   Top    Selector   Space  Class

                reset_vec                      000000  000004  000004         0       0  CODE    
                cstackCOMRAM                   000001  00004E  00004F         1       1  COMRAM  
                smallconst                     001000  000002  001002       800       0  SMALLCON
                text5                          001002  000F70  001F72       801       0  CODE    
                init                           01FFEC  000004  01FFF0      FFF6       0  CODE    


UNUSED ADDRESS RANGES

        Name                Unused          Largest block    Delta
        BANK0            00060-000FF              A0
        BANK1            00100-001FF             100
        BANK10           00A00-00AFF             100
        BANK11           00B00-00BFF             100
        BANK12           00C00-00CFF             100
        BANK13           00D00-00DF9              FA
        BANK2            00200-002FF             100
        BANK3            00300-003FF             100
        BANK4            00400-004FF             100
        BANK5            00500-005FF             100
        BANK6            00600-006FF             100
        BANK7            00700-007FF             100
        BANK8            00800-008FF             100
        BANK9            00900-009FF             100
        BIGRAM           0004F-00DF9             DAB
        BIGSFR           00DFA-00FFF             206
        CODE             00004-00FFF             FFC
                         01F72-1FFEB           1E07A
        COMRAM           0004F-0005F              11
        CONST            00004-00FFF             FFC
                         01F72-1FFEB           1E07A
        MEDIUMCONST      01F72-0FFFF            E08E
                         11000-1FFEB            EFEC
        RAM              00060-00DF9             100
        SFR              00DFA-00FFF             100
        SMALLCONST       01F72-0FFFF             100
                         11000-1FFEB             100

                                  Symbol Table

?_ADC_Read               cstackCOMRAM  00001
?___fladd                cstackCOMRAM  00001
?___fldiv                cstackCOMRAM  00011
?___flmul                cstackCOMRAM  0002A
?___xxtofl               cstackCOMRAM  00001
_ADCBUF0                 (abs)         00FC2
_ADCHS0Hbits             (abs)         00E87
_ADCON1Hbits             (abs)         00FC1
_ADCON1Lbits             (abs)         00FC0
_ADCON2Hbits             (abs)         00E8D
_ADCON3Hbits             (abs)         00E8B
_ADCON3L                 (abs)         00E8A
_ADC_Init                text7         01F3E
_ADC_Read                text6         01F1A
_ANCON1bits              (abs)         00E47
_TRISAbits               (abs)         00F92
__HRAM                   (abs)         00000
__H__absolute__          __absolute__  00000
__Habs1                  abs1          00000
__Hbank0                 bank0         00000
__Hbank1                 bank1         00000
__Hbank10                bank10        00000
__Hbank11                bank11        00000
__Hbank12                bank12        00000
__Hbank13                bank13        00000
__Hbank2                 bank2         00000
__Hbank3                 bank3         00000
__Hbank4                 bank4         00000
__Hbank5                 bank5         00000
__Hbank6                 bank6         00000
__Hbank7                 bank7         00000
__Hbank8                 bank8         00000
__Hbank9                 bank9         00000
__Hbigbss                bigbss        00000
__Hbigdata               bigdata       00000
__Hbigram                bigram        00000
__Hbigsfr                bigsfr        00000
__Hbss                   bss           00000
__HbssCOMRAM             bssCOMRAM     00000
__Hcinit                 cinit         00000
__Hclrtext               clrtext       00000
__Hcomram                comram        00000
__Hconfig                config        20000
__Hconst                 const         00000
__HcstackCOMRAM          cstackCOMRAM  00000
__Hdata                  data          00000
__Hfarbss                farbss        00000
__Hfardata               fardata       00000
__Hheap                  heap          00000
__Hibigdata              ibigdata      00000
__Hidata                 idata         00000
__Hidloc                 idloc         00000
__Hifardata              ifardata      00000
__Hinit                  init          1FFF0
__Hintcode               intcode       00008
__Hintcode_body          intcode_body  00000
__Hintcodelo             intcodelo     00018
__Hintentry              intentry      00000
__Hintret                intret        00000
__Hintsave_regs          intsave_regs  00000
__Hirdata                irdata        00000
__Hjflash_buffer         jflash_buffer 1FBF8
__Hmediumconst           mediumconst   00000
__HnvFARRAM              nvFARRAM      00000
__Hnvbit                 nvbit         00000
__Hnvrram                nvrram        00000
__Hparam                 rparam        00000
__Hpowerup               powerup       00000
__Hram                   ram           00000
__Hramtop                ramtop        01000
__Hrbit                  rbit          00000
__Hrbss                  rbss          00000
__Hrdata                 rdata         00000
__Hreset_vec             reset_vec     00004
__Hrparam                rparam        00000
__Hsfr                   sfr           00000
__Hsivt_hi               sivt_hi       00000
__Hsivt_lo               sivt_lo       00018
__Hsmallconst            smallconst    01002
__Hspace_0               (abs)         1FFF0
__Hspace_1               (abs)         0004F
__Hspace_2               (abs)         00000
__Hspace_4               (abs)         3FFF0
__Hstack                 stack         00000
__Hstruct                struct        00000
__Htemp                  temp          00000
__Htext                  text          00000
__Htext0                 text0         00000
__Htext1                 text1         00000
__Htext2                 text2         00000
__Htext3                 text3         00000
__Htext4                 text4         00000
__Htext5                 text5         00000
__Htext6                 text6         00000
__Htext7                 text7         00000
__LRAM                   (abs)         00001
__L__absolute__          __absolute__  00000
__Labs1                  abs1          00000
__Lbank0                 bank0         00000
__Lbank1                 bank1         00000
__Lbank10                bank10        00000
__Lbank11                bank11        00000
__Lbank12                bank12        00000
__Lbank13                bank13        00000
__Lbank2                 bank2         00000
__Lbank3                 bank3         00000
__Lbank4                 bank4         00000
__Lbank5                 bank5         00000
__Lbank6                 bank6         00000
__Lbank7                 bank7         00000
__Lbank8                 bank8         00000
__Lbank9                 bank9         00000
__Lbigbss                bigbss        00000
__Lbigdata               bigdata       00000
__Lbigram                bigram        00000
__Lbigsfr                bigsfr        00000
__Lbss                   bss           00000
__LbssCOMRAM             bssCOMRAM     00000
__Lcinit                 cinit         00000
__Lclrtext               clrtext       00000
__Lcomram                comram        00000
__Lconfig                config        00000
__Lconst                 const         00000
__LcstackCOMRAM          cstackCOMRAM  00000
__Ldata                  data          00000
__Lfarbss                farbss        00000
__Lfardata               fardata       00000
__Lheap                  heap          00000
__Libigdata              ibigdata      00000
__Lidata                 idata         00000
__Lidloc                 idloc         00000
__Lifardata              ifardata      00000
__Linit                  init          1FFEC
__Lintcode               intcode       00008
__Lintcode_body          intcode_body  00000
__Lintcodelo             intcodelo     00018
__Lintentry              intentry      00000
__Lintret                intret        00000
__Lintsave_regs          intsave_regs  00000
__Lirdata                irdata        00000
__Ljflash_buffer         jflash_buffer 1FBF8
__Lmediumconst           mediumconst   00000
__LnvFARRAM              nvFARRAM      00000
__Lnvbit                 nvbit         00000
__Lnvrram                nvrram        00000
__Lparam                 rparam        00000
__Lpowerup               powerup       00000
__Lram                   ram           00000
__Lramtop                ramtop        01000
__Lrbit                  rbit          00000
__Lrbss                  rbss          00000
__Lrdata                 rdata         00000
__Lreset_vec             reset_vec     00000
__Lrparam                rparam        00000
__Lsfr                   sfr           00000
__Lsivt_hi               sivt_hi       00000
__Lsivt_lo               sivt_lo       00018
__Lsmallconst            smallconst    01000
__Lspace_0               (abs)         00000
__Lspace_1               (abs)         00000
__Lspace_2               (abs)         00000
__Lspace_4               (abs)         00000
__Lstack                 stack         00000
__Lstruct                struct        00000
__Ltemp                  temp          00000
__Ltext                  text          00000
__Ltext0                 text0         00000
__Ltext1                 text1         00000
__Ltext2                 text2         00000
__Ltext3                 text3         00000
__Ltext4                 text4         00000
__Ltext5                 text5         00000
__Ltext6                 text6         00000
__Ltext7                 text7         00000
__S0                     (abs)         1FFF0
__S1                     (abs)         0004F
__S4                     (abs)         00000
___extmem_base           (abs)         20000
___fladd                 text5         01002
___fladd@a               cstackCOMRAM  00005
___fladd@aexp            cstackCOMRAM  0000E
___fladd@b               cstackCOMRAM  00001
___fladd@bexp            cstackCOMRAM  0000F
___fladd@grs             cstackCOMRAM  00010
___fladd@signs           cstackCOMRAM  0000D
___fldiv                 text4         018DE
___fldiv@a               cstackCOMRAM  00015
___fldiv@aexp            cstackCOMRAM  00029
___fldiv@b               cstackCOMRAM  00011
___fldiv@bexp            cstackCOMRAM  00028
___fldiv@grs             cstackCOMRAM  00024
___fldiv@new_exp         cstackCOMRAM  00022
___fldiv@rem             cstackCOMRAM  0001D
___fldiv@sign            cstackCOMRAM  00021
___flmul                 text3         014B8
___flmul@a               cstackCOMRAM  0002E
___flmul@aexp            cstackCOMRAM  0003B
___flmul@b               cstackCOMRAM  0002A
___flmul@bexp            cstackCOMRAM  0003C
___flmul@grs             cstackCOMRAM  00037
___flmul@prod            cstackCOMRAM  0003D
___flmul@sign            cstackCOMRAM  00036
___flmul@temp            cstackCOMRAM  00041
___heap_hi               (abs)         00000
___heap_lo               (abs)         00000
___inthi_sp              stack         00000
___inthi_stack_hi        stack         00000
___inthi_stack_lo        stack         00000
___intlo_sp              stack         00000
___intlo_stack_hi        stack         00000
___intlo_stack_lo        stack         00000
___param_bank            (abs)         00000
___rparam_used           (abs)         00001
___sp                    stack         00000
___stack_hi              stack         00000
___stack_lo              stack         00000
___xxtofl                text2         01C6E
___xxtofl@arg            cstackCOMRAM  0000B
___xxtofl@exp            cstackCOMRAM  0000A
___xxtofl@sign           cstackCOMRAM  00009
___xxtofl@val            cstackCOMRAM  00001
__accesstop              (abs)         00060
__activetblptr           (abs)         00000
__end_of_ADC_Init        text7         01F60
__end_of_ADC_Read        text6         01F3E
__end_of___fladd         text5         014B8
__end_of___fldiv         text4         01C6E
__end_of___flmul         text3         018DE
__end_of___xxtofl        text2         01E22
__end_of__initialization cinit         01F6C
__end_of_main            text0         01F1A
__end_of_measure_once    text1         01EF2
__initialization         cinit         01F60
__mediumconst            smallconst    01000
__pbssCOMRAM             bssCOMRAM     00045
__pcinit                 cinit         01F60
__pcstackCOMRAM          cstackCOMRAM  00001
__psmallconst            smallconst    01000
__ptext0                 text0         01EF2
__ptext1                 text1         01E22
__ptext2                 text2         01C6E
__ptext3                 text3         014B8
__ptext4                 text4         018DE
__ptext5                 text5         01002
__ptext6                 text6         01F1A
__ptext7                 text7         01F3E
__ramtop                 ramtop        01000
__smallconst             smallconst    01000
_adc_value               bssCOMRAM     0004D
_current_mA              bssCOMRAM     00045
_main                    text0         01EF2
_measure_once            text1         01E22
_vout_mV                 bssCOMRAM     00049
end_of_initialization    cinit         01F6C
intlevel0                text          00000
intlevel1                text          00000
intlevel2                text          00000
intlevel3                text          00000
isa$std                  (abs)         00001
isa$xinst                (abs)         00000
stackhi                  (abs)         00000
stacklo                  (abs)         00000
start                    init          1FFEC
start_initialization     cinit         01F60


MODULE INFORMATION

Module		Function		Class		Link	Load	Size
C:\Program Files\Microchip\xc8\v3.00\pic\sources\c99\common\sprcmul.c
		___flmul       		CODE           	14B8	0000	1062

C:\Program Files\Microchip\xc8\v3.00\pic\sources\c99\common\sprcmul.c estimated size: 1062

C:\Program Files\Microchip\xc8\v3.00\pic\sources\c99\common\sprcdiv.c
		___fldiv       		CODE           	18DE	0000	912

C:\Program Files\Microchip\xc8\v3.00\pic\sources\c99\common\sprcdiv.c estimated size: 912

shared
		__initialization		CODE           	1F60	0000	12

shared estimated size: 12

crrentsensor.c
		_main          		CODE           	1EF2	0000	40
		_measure_once  		CODE           	1E22	0000	208
		_ADC_Read      		CODE           	1F1A	0000	36
		_ADC_Init      		CODE           	1F3E	0000	34

crrentsensor.c estimated size: 318

C:\Program Files\Microchip\xc8\v3.00\pic\sources\c99\common\xxtofl.c
		___xxtofl      		CODE           	1C6E	0000	436

C:\Program Files\Microchip\xc8\v3.00\pic\sources\c99\common\xxtofl.c estimated size: 436

C:\Program Files\Microchip\xc8\v3.00\pic\sources\c99\common\sprcadd.c
		___fladd       		CODE           	1002	0000	1206

C:\Program Files\Microchip\xc8\v3.00\pic\sources\c99\common\sprcadd.c estimated size: 1206

